Archive member included to satisfy reference by file (symbol)

d:/progra~1/stm32c~1/gcc-ar~1/bin/../lib/gcc/arm-none-eabi/9.3.1/../../../../arm-none-eabi/lib/thumb/v7-m/nofp\libg.a(lib_a-errno.o)
                              CMakeFiles/RX_Vehicle.elf.dir/Core/Src/syscalls.c.obj (__errno)
d:/progra~1/stm32c~1/gcc-ar~1/bin/../lib/gcc/arm-none-eabi/9.3.1/../../../../arm-none-eabi/lib/thumb/v7-m/nofp\libg.a(lib_a-exit.o)
                              d:/progra~1/stm32c~1/gcc-ar~1/bin/../lib/gcc/arm-none-eabi/9.3.1/../../../../arm-none-eabi/lib/thumb/v7-m/nofp/crt0.o (exit)
d:/progra~1/stm32c~1/gcc-ar~1/bin/../lib/gcc/arm-none-eabi/9.3.1/../../../../arm-none-eabi/lib/thumb/v7-m/nofp\libg.a(lib_a-impure.o)
                              d:/progra~1/stm32c~1/gcc-ar~1/bin/../lib/gcc/arm-none-eabi/9.3.1/../../../../arm-none-eabi/lib/thumb/v7-m/nofp\libg.a(lib_a-exit.o) (_global_impure_ptr)
d:/progra~1/stm32c~1/gcc-ar~1/bin/../lib/gcc/arm-none-eabi/9.3.1/../../../../arm-none-eabi/lib/thumb/v7-m/nofp\libg.a(lib_a-init.o)
                              d:/progra~1/stm32c~1/gcc-ar~1/bin/../lib/gcc/arm-none-eabi/9.3.1/../../../../arm-none-eabi/lib/thumb/v7-m/nofp/crt0.o (__libc_init_array)
d:/progra~1/stm32c~1/gcc-ar~1/bin/../lib/gcc/arm-none-eabi/9.3.1/../../../../arm-none-eabi/lib/thumb/v7-m/nofp\libg.a(lib_a-memset.o)
                              d:/progra~1/stm32c~1/gcc-ar~1/bin/../lib/gcc/arm-none-eabi/9.3.1/../../../../arm-none-eabi/lib/thumb/v7-m/nofp/crt0.o (memset)
d:/progra~1/stm32c~1/gcc-ar~1/bin/../lib/gcc/arm-none-eabi/9.3.1/../../../../arm-none-eabi/lib/thumb/v7-m/nofp\libg.a(lib_a-puts.o)
                              CMakeFiles/RX_Vehicle.elf.dir/Core/Src/main.c.obj (puts)
d:/progra~1/stm32c~1/gcc-ar~1/bin/../lib/gcc/arm-none-eabi/9.3.1/../../../../arm-none-eabi/lib/thumb/v7-m/nofp\libg.a(lib_a-setvbuf.o)
                              CMakeFiles/RX_Vehicle.elf.dir/System/retarget/retarget.c.obj (setvbuf)
d:/progra~1/stm32c~1/gcc-ar~1/bin/../lib/gcc/arm-none-eabi/9.3.1/../../../../arm-none-eabi/lib/thumb/v7-m/nofp\libg.a(lib_a-strlen-stub.o)
                              d:/progra~1/stm32c~1/gcc-ar~1/bin/../lib/gcc/arm-none-eabi/9.3.1/../../../../arm-none-eabi/lib/thumb/v7-m/nofp\libg.a(lib_a-puts.o) (strlen)
d:/progra~1/stm32c~1/gcc-ar~1/bin/../lib/gcc/arm-none-eabi/9.3.1/../../../../arm-none-eabi/lib/thumb/v7-m/nofp\libg.a(lib_a-__call_atexit.o)
                              d:/progra~1/stm32c~1/gcc-ar~1/bin/../lib/gcc/arm-none-eabi/9.3.1/../../../../arm-none-eabi/lib/thumb/v7-m/nofp\libg.a(lib_a-exit.o) (__call_exitprocs)
d:/progra~1/stm32c~1/gcc-ar~1/bin/../lib/gcc/arm-none-eabi/9.3.1/../../../../arm-none-eabi/lib/thumb/v7-m/nofp\libg.a(lib_a-atexit.o)
                              d:/progra~1/stm32c~1/gcc-ar~1/bin/../lib/gcc/arm-none-eabi/9.3.1/../../../../arm-none-eabi/lib/thumb/v7-m/nofp\libg.a(lib_a-__call_atexit.o) (atexit)
d:/progra~1/stm32c~1/gcc-ar~1/bin/../lib/gcc/arm-none-eabi/9.3.1/../../../../arm-none-eabi/lib/thumb/v7-m/nofp\libg.a(lib_a-fflush.o)
                              d:/progra~1/stm32c~1/gcc-ar~1/bin/../lib/gcc/arm-none-eabi/9.3.1/../../../../arm-none-eabi/lib/thumb/v7-m/nofp\libg.a(lib_a-setvbuf.o) (_fflush_r)
d:/progra~1/stm32c~1/gcc-ar~1/bin/../lib/gcc/arm-none-eabi/9.3.1/../../../../arm-none-eabi/lib/thumb/v7-m/nofp\libg.a(lib_a-findfp.o)
                              d:/progra~1/stm32c~1/gcc-ar~1/bin/../lib/gcc/arm-none-eabi/9.3.1/../../../../arm-none-eabi/lib/thumb/v7-m/nofp\libg.a(lib_a-puts.o) (__sinit)
d:/progra~1/stm32c~1/gcc-ar~1/bin/../lib/gcc/arm-none-eabi/9.3.1/../../../../arm-none-eabi/lib/thumb/v7-m/nofp\libg.a(lib_a-fini.o)
                              d:/progra~1/stm32c~1/gcc-ar~1/bin/../lib/gcc/arm-none-eabi/9.3.1/../../../../arm-none-eabi/lib/thumb/v7-m/nofp\libg.a(lib_a-__call_atexit.o) (__libc_fini_array)
d:/progra~1/stm32c~1/gcc-ar~1/bin/../lib/gcc/arm-none-eabi/9.3.1/../../../../arm-none-eabi/lib/thumb/v7-m/nofp\libg.a(lib_a-freer.o)
                              d:/progra~1/stm32c~1/gcc-ar~1/bin/../lib/gcc/arm-none-eabi/9.3.1/../../../../arm-none-eabi/lib/thumb/v7-m/nofp\libg.a(lib_a-setvbuf.o) (_free_r)
d:/progra~1/stm32c~1/gcc-ar~1/bin/../lib/gcc/arm-none-eabi/9.3.1/../../../../arm-none-eabi/lib/thumb/v7-m/nofp\libg.a(lib_a-fvwrite.o)
                              d:/progra~1/stm32c~1/gcc-ar~1/bin/../lib/gcc/arm-none-eabi/9.3.1/../../../../arm-none-eabi/lib/thumb/v7-m/nofp\libg.a(lib_a-puts.o) (__sfvwrite_r)
d:/progra~1/stm32c~1/gcc-ar~1/bin/../lib/gcc/arm-none-eabi/9.3.1/../../../../arm-none-eabi/lib/thumb/v7-m/nofp\libg.a(lib_a-fwalk.o)
                              d:/progra~1/stm32c~1/gcc-ar~1/bin/../lib/gcc/arm-none-eabi/9.3.1/../../../../arm-none-eabi/lib/thumb/v7-m/nofp\libg.a(lib_a-findfp.o) (_fwalk)
d:/progra~1/stm32c~1/gcc-ar~1/bin/../lib/gcc/arm-none-eabi/9.3.1/../../../../arm-none-eabi/lib/thumb/v7-m/nofp\libg.a(lib_a-lock.o)
[...]
Memory Configuration

Name             Origin             Length             Attributes
RAM              0x20000000         0x00005000         xrw
FLASH            0x08000000         0x00010000         xr
*default*        0x00000000         0xffffffff

Linker script and memory map

LOAD d:/progra~1/stm32c~1/gcc-ar~1/bin/../lib/gcc/arm-none-eabi/9.3.1/thumb/v7-m/nofp/crti.o
LOAD d:/progra~1/stm32c~1/gcc-ar~1/bin/../lib/gcc/arm-none-eabi/9.3.1/thumb/v7-m/nofp/crtbegin.o
LOAD d:/progra~1/stm32c~1/gcc-ar~1/bin/../lib/gcc/arm-none-eabi/9.3.1/../../../../arm-none-eabi/lib/thumb/v7-m/nofp/crt0.o
LOAD CMakeFiles/RX_Vehicle.elf.dir/Core/Src/gpio.c.obj
LOAD CMakeFiles/RX_Vehicle.elf.dir/Core/Src/main.c.obj
LOAD CMakeFiles/RX_Vehicle.elf.dir/Core/Src/spi.c.obj
LOAD CMakeFiles/RX_Vehicle.elf.dir/Core/Src/stm32f1xx_hal_msp.c.obj
LOAD CMakeFiles/RX_Vehicle.elf.dir/Core/Src/stm32f1xx_it.c.obj
LOAD CMakeFiles/RX_Vehicle.elf.dir/Core/Src/syscalls.c.obj
LOAD CMakeFiles/RX_Vehicle.elf.dir/Core/Src/system_stm32f1xx.c.obj
LOAD CMakeFiles/RX_Vehicle.elf.dir/Core/Src/tim.c.obj
LOAD CMakeFiles/RX_Vehicle.elf.dir/Core/Src/usart.c.obj
LOAD CMakeFiles/RX_Vehicle.elf.dir/Drivers/STM32F1xx_HAL_Driver/Src/stm32f1xx_hal.c.obj
LOAD CMakeFiles/RX_Vehicle.elf.dir/Drivers/STM32F1xx_HAL_Driver/Src/stm32f1xx_hal_cortex.c.obj
LOAD CMakeFiles/RX_Vehicle.elf.dir/Drivers/STM32F1xx_HAL_Driver/Src/stm32f1xx_hal_dma.c.obj
LOAD CMakeFiles/RX_Vehicle.elf.dir/Drivers/STM32F1xx_HAL_Driver/Src/stm32f1xx_hal_exti.c.obj
LOAD CMakeFiles/RX_Vehicle.elf.dir/Drivers/STM32F1xx_HAL_Driver/Src/stm32f1xx_hal_flash.c.obj
LOAD CMakeFiles/RX_Vehicle.elf.dir/Drivers/STM32F1xx_HAL_Driver/Src/stm32f1xx_hal_flash_ex.c.obj
LOAD CMakeFiles/RX_Vehicle.elf.dir/Drivers/STM32F1xx_HAL_Driver/Src/stm32f1xx_hal_gpio.c.obj
LOAD CMakeFiles/RX_Vehicle.elf.dir/Drivers/STM32F1xx_HAL_Driver/Src/stm32f1xx_hal_gpio_ex.c.obj
LOAD CMakeFiles/RX_Vehicle.elf.dir/Drivers/STM32F1xx_HAL_Driver/Src/stm32f1xx_hal_pwr.c.obj
LOAD CMakeFiles/RX_Vehicle.elf.dir/Drivers/STM32F1xx_HAL_Driver/Src/stm32f1xx_hal_rcc.c.obj
LOAD CMakeFiles/RX_Vehicle.elf.dir/Drivers/STM32F1xx_HAL_Driver/Src/stm32f1xx_hal_rcc_ex.c.obj
LOAD CMakeFiles/RX_Vehicle.elf.dir/Drivers/STM32F1xx_HAL_Driver/Src/stm32f1xx_hal_spi.c.obj
LOAD CMakeFiles/RX_Vehicle.elf.dir/Drivers/STM32F1xx_HAL_Driver/Src/stm32f1xx_hal_tim.c.obj
LOAD CMakeFiles/RX_Vehicle.elf.dir/Drivers/STM32F1xx_HAL_Driver/Src/stm32f1xx_hal_tim_ex.c.obj
LOAD CMakeFiles/RX_Vehicle.elf.dir/Drivers/STM32F1xx_HAL_Driver/Src/stm32f1xx_hal_uart.c.obj
LOAD CMakeFiles/RX_Vehicle.elf.dir/Hardware/NRF24L01/bsp_nrf24l01.c.obj
LOAD CMakeFiles/RX_Vehicle.elf.dir/Hardware/motor/motor.c.obj
LOAD CMakeFiles/RX_Vehicle.elf.dir/Hardware/robot_arm/robot_arm.c.obj
LOAD CMakeFiles/RX_Vehicle.elf.dir/System/delay/delay.c.obj
LOAD CMakeFiles/RX_Vehicle.elf.dir/System/retarget/retarget.c.obj
LOAD CMakeFiles/RX_Vehicle.elf.dir/startup/startup_stm32f103xb.s.obj
START GROUP
LOAD d:/progra~1/stm32c~1/gcc-ar~1/bin/../lib/gcc/arm-none-eabi/9.3.1/thumb/v7-m/nofp\libgcc.a
LOAD d:/progra~1/stm32c~1/gcc-ar~1/bin/../lib/gcc/arm-none-eabi/9.3.1/../../../../arm-none-eabi/lib/thumb/v7-m/nofp\libg.a
LOAD d:/progra~1/stm32c~1/gcc-ar~1/bin/../lib/gcc/arm-none-eabi/9.3.1/../../../../arm-none-eabi/lib/thumb/v7-m/nofp\libc.a
END GROUP
LOAD d:/progra~1/stm32c~1/gcc-ar~1/bin/../lib/gcc/arm-none-eabi/9.3.1/thumb/v7-m/nofp/crtend.o
LOAD d:/progra~1/stm32c~1/gcc-ar~1/bin/../lib/gcc/arm-none-eabi/9.3.1/thumb/v7-m/nofp/crtn.o
                0x20005000                _estack = 0x20005000
                0x00000200                _Min_Heap_Size = 0x200
                0x00000400                _Min_Stack_Size = 0x400

.isr_vector     0x08000000      0x10c
                0x08000000                . = ALIGN (0x4)
 *(.isr_vector)
 .isr_vector    0x08000000      0x10c CMakeFiles/RX_Vehicle.elf.dir/startup/startup_stm32f103xb.s.obj
                0x08000000                g_pfnVectors
                0x0800010c                . = ALIGN (0x4)

.text           0x0800010c     0x4874
                0x0800010c                . = ALIGN (0x4)
 *(.text)
 .text          0x0800010c       0x40 d:/progra~1/stm32c~1/gcc-ar~1/bin/../lib/gcc/arm-none-eabi/9.3.1/thumb/v7-m/nofp/crtbegin.o
 .text          0x0800014c       0xec d:/progra~1/stm32c~1/gcc-ar~1/bin/../lib/gcc/arm-none-eabi/9.3.1/../../../../arm-none-eabi/lib/thumb/v7-m/nofp\libg.a(lib_a-memcpy.o)
                0x0800014c                memcpy
 *(.text*)
 .text.MX_GPIO_Init
                0x08000238      0x100 CMakeFiles/RX_Vehicle.elf.dir/Core/Src/gpio.c.obj
                0x08000238                MX_GPIO_Init
 .text.Error_Handler
                0x08000338        0x4 CMakeFiles/RX_Vehicle.elf.dir/Core/Src/main.c.obj
                0x08000338                Error_Handler
 .text.SystemClock_Config
                0x0800033c       0x62 CMakeFiles/RX_Vehicle.elf.dir/Core/Src/main.c.obj
                0x0800033c                SystemClock_Config
 *fill*         0x0800039e        0x2 
 .text.main     0x080003a0      0x4cc CMakeFiles/RX_Vehicle.elf.dir/Core/Src/main.c.obj
                0x080003a0                main
 .text.MX_SPI1_Init
                0x0800086c       0x44 CMakeFiles/RX_Vehicle.elf.dir/Core/Src/spi.c.obj
                0x0800086c                MX_SPI1_Init
 .text.HAL_SPI_MspInit
                0x080008b0       0x74 CMakeFiles/RX_Vehicle.elf.dir/Core/Src/spi.c.obj
                0x080008b0                HAL_SPI_MspInit
 .text.HAL_MspInit
                0x08000924       0x4c CMakeFiles/RX_Vehicle.elf.dir/Core/Src/stm32f1xx_hal_msp.c.obj
                0x08000924                HAL_MspInit
 .text.NMI_Handler
                0x08000970        0x2 CMakeFiles/RX_Vehicle.elf.dir/Core/Src/stm32f1xx_it.c.obj
                0x08000970                NMI_Handler
 .text.HardFault_Handler
                0x08000972        0x2 CMakeFiles/RX_Vehicle.elf.dir/Core/Src/stm32f1xx_it.c.obj
                0x08000972                HardFault_Handler
 .text.MemManage_Handler
                0x08000974        0x2 CMakeFiles/RX_Vehicle.elf.dir/Core/Src/stm32f1xx_it.c.obj
                0x08000974                MemManage_Handler
 .text.BusFault_Handler
                0x08000976        0x2 CMakeFiles/RX_Vehicle.elf.dir/Core/Src/stm32f1xx_it.c.obj
                0x08000976                BusFault_Handler
 .text.UsageFault_Handler
                0x08000978        0x2 CMakeFiles/RX_Vehicle.elf.dir/Core/Src/stm32f1xx_it.c.obj
                0x08000978                UsageFault_Handler
 .text.SVC_Handler
                0x0800097a        0x2 CMakeFiles/RX_Vehicle.elf.dir/Core/Src/stm32f1xx_it.c.obj
                0x0800097a                SVC_Handler
 .text.DebugMon_Handler
                0x0800097c        0x2 CMakeFiles/RX_Vehicle.elf.dir/Core/Src/stm32f1xx_it.c.obj
                0x0800097c                DebugMon_Handler
 .text.PendSV_Handler
                0x0800097e        0x2 CMakeFiles/RX_Vehicle.elf.dir/Core/Src/stm32f1xx_it.c.obj
                0x0800097e                PendSV_Handler
 .text.SysTick_Handler
                0x08000980        0x8 CMakeFiles/RX_Vehicle.elf.dir/Core/Src/stm32f1xx_it.c.obj
                0x08000980                SysTick_Handler
 .text.USART1_IRQHandler
                0x08000988       0x10 CMakeFiles/RX_Vehicle.elf.dir/Core/Src/stm32f1xx_it.c.obj
                0x08000988                USART1_IRQHandler
 .text._sbrk    0x08000998       0x3c CMakeFiles/RX_Vehicle.elf.dir/Core/Src/syscalls.c.obj
                0x08000998                _sbrk
 .text._close   0x080009d4        0x6 CMakeFiles/RX_Vehicle.elf.dir/Core/Src/syscalls.c.obj
                0x080009d4                _close
 .text._fstat   0x080009da        0xa CMakeFiles/RX_Vehicle.elf.dir/Core/Src/syscalls.c.obj
                0x080009da                _fstat
 .text._isatty  0x080009e4        0x4 CMakeFiles/RX_Vehicle.elf.dir/Core/Src/syscalls.c.obj
                0x080009e4                _isatty
 .text._lseek   0x080009e8        0x4 CMakeFiles/RX_Vehicle.elf.dir/Core/Src/syscalls.c.obj
                0x080009e8                _lseek
 .text.SystemInit
                0x080009ec        0x2 CMakeFiles/RX_Vehicle.elf.dir/Core/Src/system_stm32f1xx.c.obj
                0x080009ec                SystemInit
 *fill*         0x080009ee        0x2 
 .text.HAL_TIM_Base_MspInit
                0x080009f0       0x6c CMakeFiles/RX_Vehicle.elf.dir/Core/Src/tim.c.obj
                0x080009f0                HAL_TIM_Base_MspInit
 .text.HAL_TIM_MspPostInit
                0x08000a5c      0x104 CMakeFiles/RX_Vehicle.elf.dir/Core/Src/tim.c.obj
                0x08000a5c                HAL_TIM_MspPostInit
 .text.MX_TIM2_Init
                0x08000b60       0xd0 CMakeFiles/RX_Vehicle.elf.dir/Core/Src/tim.c.obj
                0x08000b60                MX_TIM2_Init
 .text.MX_TIM3_Init
                0x08000c30       0xe8 CMakeFiles/RX_Vehicle.elf.dir/Core/Src/tim.c.obj
                0x08000c30                MX_TIM3_Init
 .text.MX_TIM4_Init
                0x08000d18       0xec CMakeFiles/RX_Vehicle.elf.dir/Core/Src/tim.c.obj
                0x08000d18                MX_TIM4_Init
 .text.MX_USART1_UART_Init
                0x08000e04       0x34 CMakeFiles/RX_Vehicle.elf.dir/Core/Src/usart.c.obj
                0x08000e04                MX_USART1_UART_Init
 .text.HAL_UART_MspInit
                0x08000e38       0x88 CMakeFiles/RX_Vehicle.elf.dir/Core/Src/usart.c.obj
                0x08000e38                HAL_UART_MspInit
 .text.HAL_InitTick
                0x08000ec0       0x4c CMakeFiles/RX_Vehicle.elf.dir/Drivers/STM32F1xx_HAL_Driver/Src/stm32f1xx_hal.c.obj
                0x08000ec0                HAL_InitTick
 .text.HAL_Init
                0x08000f0c       0x24 CMakeFiles/RX_Vehicle.elf.dir/Drivers/STM32F1xx_HAL_Driver/Src/stm32f1xx_hal.c.obj
                0x08000f0c                HAL_Init
 .text.HAL_IncTick
                0x08000f30       0x18 CMakeFiles/RX_Vehicle.elf.dir/Drivers/STM32F1xx_HAL_Driver/Src/stm32f1xx_hal.c.obj
                0x08000f30                HAL_IncTick
 .text.HAL_GetTick
                0x08000f48        0xc CMakeFiles/RX_Vehicle.elf.dir/Drivers/STM32F1xx_HAL_Driver/Src/stm32f1xx_hal.c.obj
                0x08000f48                HAL_GetTick
 .text.HAL_Delay
                0x08000f54       0x28 CMakeFiles/RX_Vehicle.elf.dir/Drivers/STM32F1xx_HAL_Driver/Src/stm32f1xx_hal.c.obj
                0x08000f54                HAL_Delay
 .text.HAL_NVIC_SetPriorityGrouping
                0x08000f7c       0x24 CMakeFiles/RX_Vehicle.elf.dir/Drivers/STM32F1xx_HAL_Driver/Src/stm32f1xx_hal_cortex.c.obj
                0x08000f7c                HAL_NVIC_SetPriorityGrouping
 .text.HAL_NVIC_SetPriority
                0x08000fa0       0x68 CMakeFiles/RX_Vehicle.elf.dir/Drivers/STM32F1xx_HAL_Driver/Src/stm32f1xx_hal_cortex.c.obj
                0x08000fa0                HAL_NVIC_SetPriority
 .text.HAL_NVIC_EnableIRQ
                0x08001008       0x1c CMakeFiles/RX_Vehicle.elf.dir/Drivers/STM32F1xx_HAL_Driver/Src/stm32f1xx_hal_cortex.c.obj
                0x08001008                HAL_NVIC_EnableIRQ
 .text.HAL_SYSTICK_Config
                0x08001024       0x2c CMakeFiles/RX_Vehicle.elf.dir/Drivers/STM32F1xx_HAL_Driver/Src/stm32f1xx_hal_cortex.c.obj
                0x08001024                HAL_SYSTICK_Config
 .text.HAL_DMA_Abort_IT
                0x08001050       0x98 CMakeFiles/RX_Vehicle.elf.dir/Drivers/STM32F1xx_HAL_Driver/Src/stm32f1xx_hal_dma.c.obj
                0x08001050                HAL_DMA_Abort_IT
 .text.HAL_GPIO_Init
                0x080010e8      0x220 CMakeFiles/RX_Vehicle.elf.dir/Drivers/STM32F1xx_HAL_Driver/Src/stm32f1xx_hal_gpio.c.obj
                0x080010e8                HAL_GPIO_Init
 .text.HAL_GPIO_ReadPin
                0x08001308        0xe CMakeFiles/RX_Vehicle.elf.dir/Drivers/STM32F1xx_HAL_Driver/Src/stm32f1xx_hal_gpio.c.obj
                0x08001308                HAL_GPIO_ReadPin
 .text.HAL_GPIO_WritePin
                0x08001316        0xc CMakeFiles/RX_Vehicle.elf.dir/Drivers/STM32F1xx_HAL_Driver/Src/stm32f1xx_hal_gpio.c.obj
                0x08001316                HAL_GPIO_WritePin
 *fill*         0x08001322        0x2 
 .text.RCC_Delay
                0x08001324       0x2c CMakeFiles/RX_Vehicle.elf.dir/Drivers/STM32F1xx_HAL_Driver/Src/stm32f1xx_hal_rcc.c.obj
 .text.HAL_RCC_OscConfig
                0x08001350      0x410 CMakeFiles/RX_Vehicle.elf.dir/Drivers/STM32F1xx_HAL_Driver/Src/stm32f1xx_hal_rcc.c.obj
                0x08001350                HAL_RCC_OscConfig
 .text.HAL_RCC_GetSysClockFreq
                0x08001760       0x6c CMakeFiles/RX_Vehicle.elf.dir/Drivers/STM32F1xx_HAL_Driver/Src/stm32f1xx_hal_rcc.c.obj
                0x08001760                HAL_RCC_GetSysClockFreq
 .text.HAL_RCC_ClockConfig
                0x080017cc      0x16c CMakeFiles/RX_Vehicle.elf.dir/Drivers/STM32F1xx_HAL_Driver/Src/stm32f1xx_hal_rcc.c.obj
                0x080017cc                HAL_RCC_ClockConfig
 .text.HAL_RCC_GetHCLKFreq
                0x08001938        0xc CMakeFiles/RX_Vehicle.elf.dir/Drivers/STM32F1xx_HAL_Driver/Src/stm32f1xx_hal_rcc.c.obj
                0x08001938                HAL_RCC_GetHCLKFreq
 .text.HAL_RCC_GetPCLK1Freq
                0x08001944       0x20 CMakeFiles/RX_Vehicle.elf.dir/Drivers/STM32F1xx_HAL_Driver/Src/stm32f1xx_hal_rcc.c.obj
                0x08001944                HAL_RCC_GetPCLK1Freq
 .text.HAL_RCC_GetPCLK2Freq
                0x08001964       0x20 CMakeFiles/RX_Vehicle.elf.dir/Drivers/STM32F1xx_HAL_Driver/Src/stm32f1xx_hal_rcc.c.obj
                0x08001964                HAL_RCC_GetPCLK2Freq
 .text.SPI_WaitFlagStateUntilTimeout
                0x08001984       0xd0 CMakeFiles/RX_Vehicle.elf.dir/Drivers/STM32F1xx_HAL_Driver/Src/stm32f1xx_hal_spi.c.obj
 .text.SPI_EndRxTxTransaction
                0x08001a54       0x24 CMakeFiles/RX_Vehicle.elf.dir/Drivers/STM32F1xx_HAL_Driver/Src/stm32f1xx_hal_spi.c.obj
 .text.HAL_SPI_Init
                0x08001a78       0xb6 CMakeFiles/RX_Vehicle.elf.dir/Drivers/STM32F1xx_HAL_Driver/Src/stm32f1xx_hal_spi.c.obj
                0x08001a78                HAL_SPI_Init
 .text.HAL_SPI_TransmitReceive
                0x08001b2e      0x238 CMakeFiles/RX_Vehicle.elf.dir/Drivers/STM32F1xx_HAL_Driver/Src/stm32f1xx_hal_spi.c.obj
                0x08001b2e                HAL_SPI_TransmitReceive
 *fill*         0x08001d66        0x2 
 .text.TIM_OC1_SetConfig
                0x08001d68       0x5c CMakeFiles/RX_Vehicle.elf.dir/Drivers/STM32F1xx_HAL_Driver/Src/stm32f1xx_hal_tim.c.obj
 .text.TIM_OC3_SetConfig
                0x08001dc4       0x64 CMakeFiles/RX_Vehicle.elf.dir/Drivers/STM32F1xx_HAL_Driver/Src/stm32f1xx_hal_tim.c.obj
 .text.TIM_OC4_SetConfig
                0x08001e28       0x48 CMakeFiles/RX_Vehicle.elf.dir/Drivers/STM32F1xx_HAL_Driver/Src/stm32f1xx_hal_tim.c.obj
 .text.TIM_TI1_ConfigInputStage
                0x08001e70       0x24 CMakeFiles/RX_Vehicle.elf.dir/Drivers/STM32F1xx_HAL_Driver/Src/stm32f1xx_hal_tim.c.obj
 .text.TIM_TI2_ConfigInputStage
                0x08001e94       0x26 CMakeFiles/RX_Vehicle.elf.dir/Drivers/STM32F1xx_HAL_Driver/Src/stm32f1xx_hal_tim.c.obj
 .text.TIM_ITRx_SetConfig
                0x08001eba       0x10 CMakeFiles/RX_Vehicle.elf.dir/Drivers/STM32F1xx_HAL_Driver/Src/stm32f1xx_hal_tim.c.obj
 .text.HAL_TIM_PWM_MspInit
                0x08001eca        0x2 CMakeFiles/RX_Vehicle.elf.dir/Drivers/STM32F1xx_HAL_Driver/Src/stm32f1xx_hal_tim.c.obj
                0x08001eca                HAL_TIM_PWM_MspInit
 .text.TIM_Base_SetConfig
                0x08001ecc       0x74 CMakeFiles/RX_Vehicle.elf.dir/Drivers/STM32F1xx_HAL_Driver/Src/stm32f1xx_hal_tim.c.obj
                0x08001ecc                TIM_Base_SetConfig
 .text.HAL_TIM_Base_Init
                0x08001f40       0x58 CMakeFiles/RX_Vehicle.elf.dir/Drivers/STM32F1xx_HAL_Driver/Src/stm32f1xx_hal_tim.c.obj
                0x08001f40                HAL_TIM_Base_Init
 .text.HAL_TIM_PWM_Init
                0x08001f98       0x58 CMakeFiles/RX_Vehicle.elf.dir/Drivers/STM32F1xx_HAL_Driver/Src/stm32f1xx_hal_tim.c.obj
                0x08001f98                HAL_TIM_PWM_Init
 .text.TIM_OC2_SetConfig
                0x08001ff0       0x64 CMakeFiles/RX_Vehicle.elf.dir/Drivers/STM32F1xx_HAL_Driver/Src/stm32f1xx_hal_tim.c.obj
                0x08001ff0                TIM_OC2_SetConfig
 .text.HAL_TIM_PWM_ConfigChannel
                0x08002054       0xd0 CMakeFiles/RX_Vehicle.elf.dir/Drivers/STM32F1xx_HAL_Driver/Src/stm32f1xx_hal_tim.c.obj
                0x08002054                HAL_TIM_PWM_ConfigChannel
 .text.TIM_ETR_SetConfig
                0x08002124       0x16 CMakeFiles/RX_Vehicle.elf.dir/Drivers/STM32F1xx_HAL_Driver/Src/stm32f1xx_hal_tim.c.obj
                0x08002124                TIM_ETR_SetConfig
 .text.HAL_TIM_ConfigClockSource
                0x0800213a       0xda CMakeFiles/RX_Vehicle.elf.dir/Drivers/STM32F1xx_HAL_Driver/Src/stm32f1xx_hal_tim.c.obj
                0x0800213a                HAL_TIM_ConfigClockSource
 .text.TIM_CCxChannelCmd
                0x08002214       0x22 CMakeFiles/RX_Vehicle.elf.dir/Drivers/STM32F1xx_HAL_Driver/Src/stm32f1xx_hal_tim.c.obj
                0x08002214                TIM_CCxChannelCmd
 *fill*         0x08002236        0x2 
 .text.HAL_TIM_PWM_Start
                0x08002238       0xdc CMakeFiles/RX_Vehicle.elf.dir/Drivers/STM32F1xx_HAL_Driver/Src/stm32f1xx_hal_tim.c.obj
                0x08002238                HAL_TIM_PWM_Start
 .text.HAL_TIMEx_MasterConfigSynchronization
                0x08002314       0x68 CMakeFiles/RX_Vehicle.elf.dir/Drivers/STM32F1xx_HAL_Driver/Src/stm32f1xx_hal_tim_ex.c.obj
                0x08002314                HAL_TIMEx_MasterConfigSynchronization
 .text.UART_EndRxTransfer
                0x0800237c       0x1c CMakeFiles/RX_Vehicle.elf.dir/Drivers/STM32F1xx_HAL_Driver/Src/stm32f1xx_hal_uart.c.obj
 .text.UART_Transmit_IT
                0x08002398       0x60 CMakeFiles/RX_Vehicle.elf.dir/Drivers/STM32F1xx_HAL_Driver/Src/stm32f1xx_hal_uart.c.obj
 .text.UART_SetConfig
                0x080023f8       0x90 CMakeFiles/RX_Vehicle.elf.dir/Drivers/STM32F1xx_HAL_Driver/Src/stm32f1xx_hal_uart.c.obj
 .text.UART_WaitOnFlagUntilTimeout
                0x08002488       0x68 CMakeFiles/RX_Vehicle.elf.dir/Drivers/STM32F1xx_HAL_Driver/Src/stm32f1xx_hal_uart.c.obj
 .text.HAL_UART_Init
                0x080024f0       0x5e CMakeFiles/RX_Vehicle.elf.dir/Drivers/STM32F1xx_HAL_Driver/Src/stm32f1xx_hal_uart.c.obj
                0x080024f0                HAL_UART_Init
 .text.HAL_UART_Transmit
                0x0800254e       0xd8 CMakeFiles/RX_Vehicle.elf.dir/Drivers/STM32F1xx_HAL_Driver/Src/stm32f1xx_hal_uart.c.obj
                0x0800254e                HAL_UART_Transmit
 .text.HAL_UART_Receive
                0x08002626       0xe2 CMakeFiles/RX_Vehicle.elf.dir/Drivers/STM32F1xx_HAL_Driver/Src/stm32f1xx_hal_uart.c.obj
                0x08002626                HAL_UART_Receive
 .text.HAL_UART_TxCpltCallback
                0x08002708        0x2 CMakeFiles/RX_Vehicle.elf.dir/Drivers/STM32F1xx_HAL_Driver/Src/stm32f1xx_hal_uart.c.obj
                0x08002708                HAL_UART_TxCpltCallback
 .text.UART_EndTransmit_IT
                0x0800270a       0x1a CMakeFiles/RX_Vehicle.elf.dir/Drivers/STM32F1xx_HAL_Driver/Src/stm32f1xx_hal_uart.c.obj
 .text.HAL_UART_RxCpltCallback
                0x08002724        0x2 CMakeFiles/RX_Vehicle.elf.dir/Drivers/STM32F1xx_HAL_Driver/Src/stm32f1xx_hal_uart.c.obj
                0x08002724                HAL_UART_RxCpltCallback
 .text.UART_Receive_IT
                0x08002726       0x94 CMakeFiles/RX_Vehicle.elf.dir/Drivers/STM32F1xx_HAL_Driver/Src/stm32f1xx_hal_uart.c.obj
 .text.HAL_UART_ErrorCallback
                0x080027ba        0x2 CMakeFiles/RX_Vehicle.elf.dir/Drivers/STM32F1xx_HAL_Driver/Src/stm32f1xx_hal_uart.c.obj
                0x080027ba                HAL_UART_ErrorCallback
 .text.HAL_UART_IRQHandler
                0x080027bc      0x128 CMakeFiles/RX_Vehicle.elf.dir/Drivers/STM32F1xx_HAL_Driver/Src/stm32f1xx_hal_uart.c.obj
                0x080027bc                HAL_UART_IRQHandler
 .text.UART_DMAAbortOnError
                0x080028e4       0x10 CMakeFiles/RX_Vehicle.elf.dir/Drivers/STM32F1xx_HAL_Driver/Src/stm32f1xx_hal_uart.c.obj
 .text.SPI_NRF_Init
                0x080028f4      0x150 CMakeFiles/RX_Vehicle.elf.dir/Hardware/NRF24L01/bsp_nrf24l01.c.obj
                0x080028f4                SPI_NRF_Init
 .text.SPI_NRF_RW
                0x08002a44       0x2c CMakeFiles/RX_Vehicle.elf.dir/Hardware/NRF24L01/bsp_nrf24l01.c.obj
                0x08002a44                SPI_NRF_RW
 .text.SPI_NRF_WriteReg
                0x08002a70       0x34 CMakeFiles/RX_Vehicle.elf.dir/Hardware/NRF24L01/bsp_nrf24l01.c.obj
                0x08002a70                SPI_NRF_WriteReg
 .text.SPI_NRF_ReadReg
                0x08002aa4       0x30 CMakeFiles/RX_Vehicle.elf.dir/Hardware/NRF24L01/bsp_nrf24l01.c.obj
                0x08002aa4                SPI_NRF_ReadReg
 .text.SPI_NRF_ReadBuf
                0x08002ad4       0x40 CMakeFiles/RX_Vehicle.elf.dir/Hardware/NRF24L01/bsp_nrf24l01.c.obj
                0x08002ad4                SPI_NRF_ReadBuf
 .text.SPI_NRF_WriteBuf
                0x08002b14       0x40 CMakeFiles/RX_Vehicle.elf.dir/Hardware/NRF24L01/bsp_nrf24l01.c.obj
                0x08002b14                SPI_NRF_WriteBuf
 .text.NRF_Check
                0x08002b54       0x50 CMakeFiles/RX_Vehicle.elf.dir/Hardware/NRF24L01/bsp_nrf24l01.c.obj
                0x08002b54                NRF_Check
 .text.NRF_Rx_Dat
                0x08002ba4       0x60 CMakeFiles/RX_Vehicle.elf.dir/Hardware/NRF24L01/bsp_nrf24l01.c.obj
                0x08002ba4                NRF_Rx_Dat
 .text.NRF_RX_Mode
                0x08002c04       0x60 CMakeFiles/RX_Vehicle.elf.dir/Hardware/NRF24L01/bsp_nrf24l01.c.obj
                0x08002c04                NRF_RX_Mode
 .text.motor_pwm_init
                0x08002c64       0x38 CMakeFiles/RX_Vehicle.elf.dir/Hardware/motor/motor.c.obj
                0x08002c64                motor_pwm_init
 .text.robot_arm_init
                0x08002c9c       0x50 CMakeFiles/RX_Vehicle.elf.dir/Hardware/robot_arm/robot_arm.c.obj
                0x08002c9c                robot_arm_init
 .text.RetargetInit
                0x08002cec       0x20 CMakeFiles/RX_Vehicle.elf.dir/System/retarget/retarget.c.obj
                0x08002cec                RetargetInit
 .text._write   0x08002d0c       0x34 CMakeFiles/RX_Vehicle.elf.dir/System/retarget/retarget.c.obj
                0x08002d0c                _write
 .text._read    0x08002d40       0x30 CMakeFiles/RX_Vehicle.elf.dir/System/retarget/retarget.c.obj
                0x08002d40                _read
 .text.Reset_Handler
                0x08002d70       0x48 CMakeFiles/RX_Vehicle.elf.dir/startup/startup_stm32f103xb.s.obj
                0x08002d70                Reset_Handler
 .text.Default_Handler
                0x08002db8        0x2 CMakeFiles/RX_Vehicle.elf.dir/startup/startup_stm32f103xb.s.obj
                0x08002db8                RTC_Alarm_IRQHandler
                0x08002db8                EXTI2_IRQHandler
                0x08002db8                TIM1_CC_IRQHandler
                0x08002db8                PVD_IRQHandler
                0x08002db8                EXTI3_IRQHandler
                0x08002db8                EXTI0_IRQHandler
                0x08002db8                I2C2_EV_IRQHandler
                0x08002db8                ADC1_2_IRQHandler
                0x08002db8                SPI1_IRQHandler
                0x08002db8                TAMPER_IRQHandler
                0x08002db8                DMA1_Channel4_IRQHandler
                0x08002db8                USART3_IRQHandler
                0x08002db8                RTC_IRQHandler
                0x08002db8                DMA1_Channel7_IRQHandler
                0x08002db8                CAN1_RX1_IRQHandler
                0x08002db8                TIM4_IRQHandler
                0x08002db8                I2C1_EV_IRQHandler
                0x08002db8                DMA1_Channel6_IRQHandler
                0x08002db8                TIM3_IRQHandler
                0x08002db8                RCC_IRQHandler
                0x08002db8                TIM1_TRG_COM_IRQHandler
                0x08002db8                DMA1_Channel1_IRQHandler
                0x08002db8                Default_Handler
                0x08002db8                EXTI15_10_IRQHandler
                0x08002db8                EXTI9_5_IRQHandler
                0x08002db8                SPI2_IRQHandler
                0x08002db8                DMA1_Channel5_IRQHandler
                0x08002db8                EXTI4_IRQHandler
                0x08002db8                USB_LP_CAN1_RX0_IRQHandler
                0x08002db8                USB_HP_CAN1_TX_IRQHandler
                0x08002db8                DMA1_Channel3_IRQHandler
                0x08002db8                TIM1_UP_IRQHandler
                0x08002db8                WWDG_IRQHandler
                0x08002db8                TIM2_IRQHandler
                0x08002db8                TIM1_BRK_IRQHandler
                0x08002db8                EXTI1_IRQHandler
                0x08002db8                USART2_IRQHandler
                0x08002db8                I2C2_ER_IRQHandler
                0x08002db8                DMA1_Channel2_IRQHandler
                0x08002db8                CAN1_SCE_IRQHandler
                0x08002db8                FLASH_IRQHandler
                0x08002db8                I2C1_ER_IRQHandler
                0x08002db8                USBWakeUp_IRQHandler
 *fill*         0x08002dba        0x2 
 .text.__errno  0x08002dbc        0xc d:/progra~1/stm32c~1/gcc-ar~1/bin/../lib/gcc/arm-none-eabi/9.3.1/../../../../arm-none-eabi/lib/thumb/v7-m/nofp\libg.a(lib_a-errno.o)
                0x08002dbc                __errno
 .text.__libc_init_array
                0x08002dc8       0x48 d:/progra~1/stm32c~1/gcc-ar~1/bin/../lib/gcc/arm-none-eabi/9.3.1/../../../../arm-none-eabi/lib/thumb/v7-m/nofp\libg.a(lib_a-init.o)
                0x08002dc8                __libc_init_array
 .text.memset   0x08002e10       0xa0 d:/progra~1/stm32c~1/gcc-ar~1/bin/../lib/gcc/arm-none-eabi/9.3.1/../../../../arm-none-eabi/lib/thumb/v7-m/nofp\libg.a(lib_a-memset.o)
                0x08002e10                memset
 .text._puts_r  0x08002eb0       0x9c d:/progra~1/stm32c~1/gcc-ar~1/bin/../lib/gcc/arm-none-eabi/9.3.1/../../../../arm-none-eabi/lib/thumb/v7-m/nofp\libg.a(lib_a-puts.o)
                0x08002eb0                _puts_r
 .text.puts     0x08002f4c       0x10 d:/progra~1/stm32c~1/gcc-ar~1/bin/../lib/gcc/arm-none-eabi/9.3.1/../../../../arm-none-eabi/lib/thumb/v7-m/nofp\libg.a(lib_a-puts.o)
                0x08002f4c                puts
 .text.setvbuf  0x08002f5c      0x1a0 d:/progra~1/stm32c~1/gcc-ar~1/bin/../lib/gcc/arm-none-eabi/9.3.1/../../../../arm-none-eabi/lib/thumb/v7-m/nofp\libg.a(lib_a-setvbuf.o)
                0x08002f5c                setvbuf
 .text.strlen   0x080030fc       0x5c d:/progra~1/stm32c~1/gcc-ar~1/bin/../lib/gcc/arm-none-eabi/9.3.1/../../../../arm-none-eabi/lib/thumb/v7-m/nofp\libg.a(lib_a-strlen-stub.o)
                0x080030fc                strlen
 .text.startup.register_fini
                0x08003158       0x14 d:/progra~1/stm32c~1/gcc-ar~1/bin/../lib/gcc/arm-none-eabi/9.3.1/../../../../arm-none-eabi/lib/thumb/v7-m/nofp\libg.a(lib_a-__call_atexit.o)
 .text.atexit   0x0800316c        0xc d:/progra~1/stm32c~1/gcc-ar~1/bin/../lib/gcc/arm-none-eabi/9.3.1/../../../../arm-none-eabi/lib/thumb/v7-m/nofp\libg.a(lib_a-atexit.o)
                0x0800316c                atexit
 .text.__sflush_r
                0x08003178      0x130 d:/progra~1/stm32c~1/gcc-ar~1/bin/../lib/gcc/arm-none-eabi/9.3.1/../../../../arm-none-eabi/lib/thumb/v7-m/nofp\libg.a(lib_a-fflush.o)
                0x08003178                __sflush_r
 .text._fflush_r
                0x080032a8       0x5c d:/progra~1/stm32c~1/gcc-ar~1/bin/../lib/gcc/arm-none-eabi/9.3.1/../../../../arm-none-eabi/lib/thumb/v7-m/nofp\libg.a(lib_a-fflush.o)
                0x080032a8                _fflush_r
 .text.std      0x08003304       0x50 d:/progra~1/stm32c~1/gcc-ar~1/bin/../lib/gcc/arm-none-eabi/9.3.1/../../../../arm-none-eabi/lib/thumb/v7-m/nofp\libg.a(lib_a-findfp.o)
 .text._cleanup_r
                0x08003354        0xc d:/progra~1/stm32c~1/gcc-ar~1/bin/../lib/gcc/arm-none-eabi/9.3.1/../../../../arm-none-eabi/lib/thumb/v7-m/nofp\libg.a(lib_a-findfp.o)
                0x08003354                _cleanup_r
 .text.__sinit  0x08003360       0x5c d:/progra~1/stm32c~1/gcc-ar~1/bin/../lib/gcc/arm-none-eabi/9.3.1/../../../../arm-none-eabi/lib/thumb/v7-m/nofp\libg.a(lib_a-findfp.o)
                0x08003360                __sinit
 .text.__sfp_lock_acquire
                0x080033bc        0xc d:/progra~1/stm32c~1/gcc-ar~1/bin/../lib/gcc/arm-none-eabi/9.3.1/../../../../arm-none-eabi/lib/thumb/v7-m/nofp\libg.a(lib_a-findfp.o)
                0x080033bc                __sfp_lock_acquire
 .text.__sfp_lock_release
                0x080033c8        0xc d:/progra~1/stm32c~1/gcc-ar~1/bin/../lib/gcc/arm-none-eabi/9.3.1/../../../../arm-none-eabi/lib/thumb/v7-m/nofp\libg.a(lib_a-findfp.o)
                0x080033c8                __sfp_lock_release
 .text.__libc_fini_array
                0x080033d4       0x2c d:/progra~1/stm32c~1/gcc-ar~1/bin/../lib/gcc/arm-none-eabi/9.3.1/../../../../arm-none-eabi/lib/thumb/v7-m/nofp\libg.a(lib_a-fini.o)
                0x080033d4                __libc_fini_array
 .text._malloc_trim_r
                0x08003400       0xa0 d:/progra~1/stm32c~1/gcc-ar~1/bin/../lib/gcc/arm-none-eabi/9.3.1/../../../../arm-none-eabi/lib/thumb/v7-m/nofp\libg.a(lib_a-freer.o)
                0x08003400                _malloc_trim_r
 .text._free_r  0x080034a0      0x20c d:/progra~1/stm32c~1/gcc-ar~1/bin/../lib/gcc/arm-none-eabi/9.3.1/../../../../arm-none-eabi/lib/thumb/v7-m/nofp\libg.a(lib_a-freer.o)
                0x080034a0                _free_r
 .text.__sfvwrite_r
                0x080036ac      0x2ec d:/progra~1/stm32c~1/gcc-ar~1/bin/../lib/gcc/arm-none-eabi/9.3.1/../../../../arm-none-eabi/lib/thumb/v7-m/nofp\libg.a(lib_a-fvwrite.o)
                0x080036ac                __sfvwrite_r
 .text._fwalk_reent
                0x08003998       0x48 d:/progra~1/stm32c~1/gcc-ar~1/bin/../lib/gcc/arm-none-eabi/9.3.1/../../../../arm-none-eabi/lib/thumb/v7-m/nofp\libg.a(lib_a-fwalk.o)
                0x08003998                _fwalk_reent
 .text.__retarget_lock_init_recursive
                0x080039e0        0x4 d:/progra~1/stm32c~1/gcc-ar~1/bin/../lib/gcc/arm-none-eabi/9.3.1/../../../../arm-none-eabi/lib/thumb/v7-m/nofp\libg.a(lib_a-lock.o)
                0x080039e0                __retarget_lock_init_recursive
 .text.__retarget_lock_close_recursive
                0x080039e4        0x4 d:/progra~1/stm32c~1/gcc-ar~1/bin/../lib/gcc/arm-none-eabi/9.3.1/../../../../arm-none-eabi/lib/thumb/v7-m/nofp\libg.a(lib_a-lock.o)
                0x080039e4                __retarget_lock_close_recursive
 .text.__retarget_lock_acquire_recursive
                0x080039e8        0x4 d:/progra~1/stm32c~1/gcc-ar~1/bin/../lib/gcc/arm-none-eabi/9.3.1/../../../../arm-none-eabi/lib/thumb/v7-m/nofp\libg.a(lib_a-lock.o)
                0x080039e8                __retarget_lock_acquire_recursive
 .text.__retarget_lock_release_recursive
                0x080039ec        0x4 d:/progra~1/stm32c~1/gcc-ar~1/bin/../lib/gcc/arm-none-eabi/9.3.1/../../../../arm-none-eabi/lib/thumb/v7-m/nofp\libg.a(lib_a-lock.o)
                0x080039ec                __retarget_lock_release_recursive
 .text.__swhatbuf_r
                0x080039f0       0x5c d:/progra~1/stm32c~1/gcc-ar~1/bin/../lib/gcc/arm-none-eabi/9.3.1/../../../../arm-none-eabi/lib/thumb/v7-m/nofp\libg.a(lib_a-makebuf.o)
                0x080039f0                __swhatbuf_r
 .text.__smakebuf_r
                0x08003a4c       0x94 d:/progra~1/stm32c~1/gcc-ar~1/bin/../lib/gcc/arm-none-eabi/9.3.1/../../../../arm-none-eabi/lib/thumb/v7-m/nofp\libg.a(lib_a-makebuf.o)
                0x08003a4c                __smakebuf_r
 .text.malloc   0x08003ae0       0x10 d:/progra~1/stm32c~1/gcc-ar~1/bin/../lib/gcc/arm-none-eabi/9.3.1/../../../../arm-none-eabi/lib/thumb/v7-m/nofp\libg.a(lib_a-malloc.o)
                0x08003ae0                malloc
 .text._malloc_r
                0x08003af0      0x55c d:/progra~1/stm32c~1/gcc-ar~1/bin/../lib/gcc/arm-none-eabi/9.3.1/../../../../arm-none-eabi/lib/thumb/v7-m/nofp\libg.a(lib_a-mallocr.o)
                0x08003af0                _malloc_r
 .text.memchr   0x0800404c       0x80 d:/progra~1/stm32c~1/gcc-ar~1/bin/../lib/gcc/arm-none-eabi/9.3.1/../../../../arm-none-eabi/lib/thumb/v7-m/nofp\libg.a(lib_a-memchr-stub.o)
                0x0800404c                memchr
 .text.memmove  0x080040cc       0xd4 d:/progra~1/stm32c~1/gcc-ar~1/bin/../lib/gcc/arm-none-eabi/9.3.1/../../../../arm-none-eabi/lib/thumb/v7-m/nofp\libg.a(lib_a-memmove.o)
                0x080040cc                memmove
 .text.__malloc_lock
                0x080041a0        0xc d:/progra~1/stm32c~1/gcc-ar~1/bin/../lib/gcc/arm-none-eabi/9.3.1/../../../../arm-none-eabi/lib/thumb/v7-m/nofp\libg.a(lib_a-mlock.o)
                0x080041a0                __malloc_lock
 .text.__malloc_unlock
                0x080041ac        0xc d:/progra~1/stm32c~1/gcc-ar~1/bin/../lib/gcc/arm-none-eabi/9.3.1/../../../../arm-none-eabi/lib/thumb/v7-m/nofp\libg.a(lib_a-mlock.o)
                0x080041ac                __malloc_unlock
 .text._realloc_r
                0x080041b8      0x3e0 d:/progra~1/stm32c~1/gcc-ar~1/bin/../lib/gcc/arm-none-eabi/9.3.1/../../../../arm-none-eabi/lib/thumb/v7-m/nofp\libg.a(lib_a-reallocr.o)
                0x080041b8                _realloc_r
 .text._sbrk_r  0x08004598       0x24 d:/progra~1/stm32c~1/gcc-ar~1/bin/../lib/gcc/arm-none-eabi/9.3.1/../../../../arm-none-eabi/lib/thumb/v7-m/nofp\libg.a(lib_a-sbrkr.o)
                0x08004598                _sbrk_r
 .text.__sread  0x080045bc       0x24 d:/progra~1/stm32c~1/gcc-ar~1/bin/../lib/gcc/arm-none-eabi/9.3.1/../../../../arm-none-eabi/lib/thumb/v7-m/nofp\libg.a(lib_a-stdio.o)
                0x080045bc                __sread
 .text.__swrite
                0x080045e0       0x40 d:/progra~1/stm32c~1/gcc-ar~1/bin/../lib/gcc/arm-none-eabi/9.3.1/../../../../arm-none-eabi/lib/thumb/v7-m/nofp\libg.a(lib_a-stdio.o)
                0x080045e0                __swrite
 .text.__sseek  0x08004620       0x20 d:/progra~1/stm32c~1/gcc-ar~1/bin/../lib/gcc/arm-none-eabi/9.3.1/../../../../arm-none-eabi/lib/thumb/v7-m/nofp\libg.a(lib_a-stdio.o)
                0x08004620                __sseek
 .text.__sclose
                0x08004640        0x8 d:/progra~1/stm32c~1/gcc-ar~1/bin/../lib/gcc/arm-none-eabi/9.3.1/../../../../arm-none-eabi/lib/thumb/v7-m/nofp\libg.a(lib_a-stdio.o)
                0x08004640                __sclose
 .text._write_r
                0x08004648       0x2c d:/progra~1/stm32c~1/gcc-ar~1/bin/../lib/gcc/arm-none-eabi/9.3.1/../../../../arm-none-eabi/lib/thumb/v7-m/nofp\libg.a(lib_a-writer.o)
                0x08004648                _write_r
 .text.__swsetup_r
                0x08004674       0xd0 d:/progra~1/stm32c~1/gcc-ar~1/bin/../lib/gcc/arm-none-eabi/9.3.1/../../../../arm-none-eabi/lib/thumb/v7-m/nofp\libg.a(lib_a-wsetup.o)
                0x08004674                __swsetup_r
 .text.__register_exitproc
                0x08004744       0x8c d:/progra~1/stm32c~1/gcc-ar~1/bin/../lib/gcc/arm-none-eabi/9.3.1/../../../../arm-none-eabi/lib/thumb/v7-m/nofp\libg.a(lib_a-__atexit.o)
                0x08004744                __register_exitproc
 .text._close_r
                0x080047d0       0x24 d:/progra~1/stm32c~1/gcc-ar~1/bin/../lib/gcc/arm-none-eabi/9.3.1/../../../../arm-none-eabi/lib/thumb/v7-m/nofp\libg.a(lib_a-closer.o)
                0x080047d0                _close_r
 .text._fclose_r
                0x080047f4       0xcc d:/progra~1/stm32c~1/gcc-ar~1/bin/../lib/gcc/arm-none-eabi/9.3.1/../../../../arm-none-eabi/lib/thumb/v7-m/nofp\libg.a(lib_a-fclose.o)
                0x080047f4                _fclose_r
 .text._fstat_r
                0x080048c0       0x2c d:/progra~1/stm32c~1/gcc-ar~1/bin/../lib/gcc/arm-none-eabi/9.3.1/../../../../arm-none-eabi/lib/thumb/v7-m/nofp\libg.a(lib_a-fstatr.o)
                0x080048c0                _fstat_r
 .text._isatty_r
                0x080048ec       0x24 d:/progra~1/stm32c~1/gcc-ar~1/bin/../lib/gcc/arm-none-eabi/9.3.1/../../../../arm-none-eabi/lib/thumb/v7-m/nofp\libg.a(lib_a-isattyr.o)
                0x080048ec                _isatty_r
 .text._lseek_r
                0x08004910       0x2c d:/progra~1/stm32c~1/gcc-ar~1/bin/../lib/gcc/arm-none-eabi/9.3.1/../../../../arm-none-eabi/lib/thumb/v7-m/nofp\libg.a(lib_a-lseekr.o)
                0x08004910                _lseek_r
 .text._read_r  0x0800493c       0x2c d:/progra~1/stm32c~1/gcc-ar~1/bin/../lib/gcc/arm-none-eabi/9.3.1/../../../../arm-none-eabi/lib/thumb/v7-m/nofp\libg.a(lib_a-readr.o)
                0x0800493c                _read_r
 *(.glue_7)
 .glue_7        0x08004968        0x0 linker stubs
 *(.glue_7t)
 .glue_7t       0x08004968        0x0 linker stubs
 *(.eh_frame)
 .eh_frame      0x08004968        0x0 d:/progra~1/stm32c~1/gcc-ar~1/bin/../lib/gcc/arm-none-eabi/9.3.1/thumb/v7-m/nofp/crtbegin.o
 *(.init)
 .init          0x08004968        0x4 d:/progra~1/stm32c~1/gcc-ar~1/bin/../lib/gcc/arm-none-eabi/9.3.1/thumb/v7-m/nofp/crti.o
                0x08004968                _init
 .init          0x0800496c        0x8 d:/progra~1/stm32c~1/gcc-ar~1/bin/../lib/gcc/arm-none-eabi/9.3.1/thumb/v7-m/nofp/crtn.o
 *(.fini)
 .fini          0x08004974        0x4 d:/progra~1/stm32c~1/gcc-ar~1/bin/../lib/gcc/arm-none-eabi/9.3.1/thumb/v7-m/nofp/crti.o
                0x08004974                _fini
 .fini          0x08004978        0x8 d:/progra~1/stm32c~1/gcc-ar~1/bin/../lib/gcc/arm-none-eabi/9.3.1/thumb/v7-m/nofp/crtn.o
                0x08004980                . = ALIGN (0x4)
                0x08004980                _etext = .

.vfp11_veneer   0x08004980        0x0
 .vfp11_veneer  0x08004980        0x0 linker stubs

.v4_bx          0x08004980        0x0
 .v4_bx         0x08004980        0x0 linker stubs

.iplt           0x08004980        0x0
 .iplt          0x08004980        0x0 d:/progra~1/stm32c~1/gcc-ar~1/bin/../lib/gcc/arm-none-eabi/9.3.1/thumb/v7-m/nofp/crtbegin.o

.rodata         0x08004980      0x148
                0x08004980                . = ALIGN (0x4)
 *(.rodata)
 *(.rodata*)
 .rodata.main.str1.4
                0x08004980      0x102 CMakeFiles/RX_Vehicle.elf.dir/Core/Src/main.c.obj
 *fill*         0x08004a82        0x2 
 .rodata.AHBPrescTable
                0x08004a84       0x10 CMakeFiles/RX_Vehicle.elf.dir/Core/Src/system_stm32f1xx.c.obj
                0x08004a84                AHBPrescTable
 .rodata.APBPrescTable
                0x08004a94        0x8 CMakeFiles/RX_Vehicle.elf.dir/Core/Src/system_stm32f1xx.c.obj
                0x08004a94                APBPrescTable
 .rodata.HAL_RCC_GetSysClockFreq.str1.4
                0x08004a9c       0x11 CMakeFiles/RX_Vehicle.elf.dir/Drivers/STM32F1xx_HAL_Driver/Src/stm32f1xx_hal_rcc.c.obj
 *fill*         0x08004aad        0x3 
 .rodata.NRF_Check.str1.4
                0x08004ab0        0x6 CMakeFiles/RX_Vehicle.elf.dir/Hardware/NRF24L01/bsp_nrf24l01.c.obj
 *fill*         0x08004ab6        0x2 
 .rodata.RX_ADDRESS
                0x08004ab8        0x5 CMakeFiles/RX_Vehicle.elf.dir/Hardware/NRF24L01/bsp_nrf24l01.c.obj
                0x08004ab8                RX_ADDRESS
 *fill*         0x08004abd        0x3 
 .rodata._global_impure_ptr
                0x08004ac0        0x4 d:/progra~1/stm32c~1/gcc-ar~1/bin/../lib/gcc/arm-none-eabi/9.3.1/../../../../arm-none-eabi/lib/thumb/v7-m/nofp\libg.a(lib_a-impure.o)
                0x08004ac0                _global_impure_ptr
 .rodata._puts_r.str1.4
                0x08004ac4        0x2 d:/progra~1/stm32c~1/gcc-ar~1/bin/../lib/gcc/arm-none-eabi/9.3.1/../../../../arm-none-eabi/lib/thumb/v7-m/nofp\libg.a(lib_a-puts.o)
                0x08004ac8                . = ALIGN (0x4)
 *fill*         0x08004ac6        0x2 

.rel.dyn        0x08004ac8        0x0
 .rel.iplt      0x08004ac8        0x0 d:/progra~1/stm32c~1/gcc-ar~1/bin/../lib/gcc/arm-none-eabi/9.3.1/thumb/v7-m/nofp/crtbegin.o

.ARM.extab
 *(.ARM.extab* .gnu.linkonce.armextab.*)

.ARM            0x08004ac8        0x0
                0x08004ac8                __exidx_start = .
 *(.ARM.exidx*)
                0x08004ac8                __exidx_end = .

.preinit_array  0x08004ac8        0x0
                0x08004ac8                PROVIDE (__preinit_array_start = .)
 *(.preinit_array*)
                0x08004ac8                PROVIDE (__preinit_array_end = .)

.init_array     0x08004ac8        0x8
                0x08004ac8                PROVIDE (__init_array_start = .)
 *(SORT_BY_NAME(.init_array.*))
 .init_array.00000
                0x08004ac8        0x4 d:/progra~1/stm32c~1/gcc-ar~1/bin/../lib/gcc/arm-none-eabi/9.3.1/../../../../arm-none-eabi/lib/thumb/v7-m/nofp\libg.a(lib_a-__call_atexit.o)
 *(.init_array*)
 .init_array    0x08004acc        0x4 d:/progra~1/stm32c~1/gcc-ar~1/bin/../lib/gcc/arm-none-eabi/9.3.1/thumb/v7-m/nofp/crtbegin.o
                0x08004ad0                PROVIDE (__init_array_end = .)

.fini_array     0x08004ad0        0x4
                0x08004ad0                PROVIDE (__fini_array_start = .)
 *(SORT_BY_NAME(.fini_array.*))
 *(.fini_array*)
 .fini_array    0x08004ad0        0x4 d:/progra~1/stm32c~1/gcc-ar~1/bin/../lib/gcc/arm-none-eabi/9.3.1/thumb/v7-m/nofp/crtbegin.o
                0x08004ad4                PROVIDE (__fini_array_end = .)
                0x08004ad4                _sidata = LOADADDR (.data)

.data           0x20000000      0x854 load address 0x08004ad4
                0x20000000                . = ALIGN (0x4)
                0x20000000                _sdata = .
 *(.data)
 *(.data*)
 .data.SystemCoreClock
                0x20000000        0x4 CMakeFiles/RX_Vehicle.elf.dir/Core/Src/system_stm32f1xx.c.obj
                0x20000000                SystemCoreClock
 .data.uwTickFreq
                0x20000004        0x1 CMakeFiles/RX_Vehicle.elf.dir/Drivers/STM32F1xx_HAL_Driver/Src/stm32f1xx_hal.c.obj
                0x20000004                uwTickFreq
 *fill*         0x20000005        0x3 
 .data.uwTickPrio
                0x20000008        0x4 CMakeFiles/RX_Vehicle.elf.dir/Drivers/STM32F1xx_HAL_Driver/Src/stm32f1xx_hal.c.obj
                0x20000008                uwTickPrio
 .data.Chassis_price
                0x2000000c        0x2 CMakeFiles/RX_Vehicle.elf.dir/Hardware/robot_arm/robot_arm.c.obj
                0x2000000c                Chassis_price
 .data.Forearm_price
                0x2000000e        0x2 CMakeFiles/RX_Vehicle.elf.dir/Hardware/robot_arm/robot_arm.c.obj
                0x2000000e                Forearm_price
 .data.Postbrachium_price
                0x20000010        0x2 CMakeFiles/RX_Vehicle.elf.dir/Hardware/robot_arm/robot_arm.c.obj
                0x20000010                Postbrachium_price
 *fill*         0x20000012        0x2 
 .data._impure_ptr
                0x20000014        0x4 d:/progra~1/stm32c~1/gcc-ar~1/bin/../lib/gcc/arm-none-eabi/9.3.1/../../../../arm-none-eabi/lib/thumb/v7-m/nofp\libg.a(lib_a-impure.o)
                0x20000014                _impure_ptr
 .data.impure_data
                0x20000018      0x428 d:/progra~1/stm32c~1/gcc-ar~1/bin/../lib/gcc/arm-none-eabi/9.3.1/../../../../arm-none-eabi/lib/thumb/v7-m/nofp\libg.a(lib_a-impure.o)
 .data.__atexit_recursive_mutex
                0x20000440        0x4 d:/progra~1/stm32c~1/gcc-ar~1/bin/../lib/gcc/arm-none-eabi/9.3.1/../../../../arm-none-eabi/lib/thumb/v7-m/nofp\libg.a(lib_a-__call_atexit.o)
                0x20000440                __atexit_recursive_mutex
 .data.__malloc_av_
                0x20000444      0x408 d:/progra~1/stm32c~1/gcc-ar~1/bin/../lib/gcc/arm-none-eabi/9.3.1/../../../../arm-none-eabi/lib/thumb/v7-m/nofp\libg.a(lib_a-mallocr.o)
                0x20000444                __malloc_av_
 .data.__malloc_sbrk_base
                0x2000084c        0x4 d:/progra~1/stm32c~1/gcc-ar~1/bin/../lib/gcc/arm-none-eabi/9.3.1/../../../../arm-none-eabi/lib/thumb/v7-m/nofp\libg.a(lib_a-mallocr.o)
                0x2000084c                __malloc_sbrk_base
 .data.__malloc_trim_threshold
                0x20000850        0x4 d:/progra~1/stm32c~1/gcc-ar~1/bin/../lib/gcc/arm-none-eabi/9.3.1/../../../../arm-none-eabi/lib/thumb/v7-m/nofp\libg.a(lib_a-mallocr.o)
                0x20000850                __malloc_trim_threshold
                0x20000854                . = ALIGN (0x4)
                0x20000854                _edata = .

.igot.plt       0x20000854        0x0 load address 0x08005328
 .igot.plt      0x20000854        0x0 d:/progra~1/stm32c~1/gcc-ar~1/bin/../lib/gcc/arm-none-eabi/9.3.1/thumb/v7-m/nofp/crtbegin.o
                0x20000854                . = ALIGN (0x4)

.bss            0x20000854      0x270 load address 0x08005328
                0x20000854                _sbss = .
                0x20000854                __bss_start__ = _sbss
 *(.bss)
 .bss           0x20000854       0x1c d:/progra~1/stm32c~1/gcc-ar~1/bin/../lib/gcc/arm-none-eabi/9.3.1/thumb/v7-m/nofp/crtbegin.o
 *(.bss*)
 .bss.rxbuf     0x20000870       0x20 CMakeFiles/RX_Vehicle.elf.dir/Core/Src/main.c.obj
                0x20000870                rxbuf
 .bss.status    0x20000890        0x1 CMakeFiles/RX_Vehicle.elf.dir/Core/Src/main.c.obj
                0x20000890                status
 *fill*         0x20000891        0x3 
 .bss.hspi1     0x20000894       0x58 CMakeFiles/RX_Vehicle.elf.dir/Core/Src/spi.c.obj
                0x20000894                hspi1
 .bss.heap_end.6022
                0x200008ec        0x4 CMakeFiles/RX_Vehicle.elf.dir/Core/Src/syscalls.c.obj
 .bss.htim2     0x200008f0       0x48 CMakeFiles/RX_Vehicle.elf.dir/Core/Src/tim.c.obj
                0x200008f0                htim2
 .bss.htim3     0x20000938       0x48 CMakeFiles/RX_Vehicle.elf.dir/Core/Src/tim.c.obj
                0x20000938                htim3
 .bss.htim4     0x20000980       0x48 CMakeFiles/RX_Vehicle.elf.dir/Core/Src/tim.c.obj
                0x20000980                htim4
 .bss.huart1    0x200009c8       0x40 CMakeFiles/RX_Vehicle.elf.dir/Core/Src/usart.c.obj
                0x200009c8                huart1
 .bss.uwTick    0x20000a08        0x4 CMakeFiles/RX_Vehicle.elf.dir/Drivers/STM32F1xx_HAL_Driver/Src/stm32f1xx_hal.c.obj
                0x20000a08                uwTick
 .bss.NRF_Handler
                0x20000a0c       0x58 CMakeFiles/RX_Vehicle.elf.dir/Hardware/NRF24L01/bsp_nrf24l01.c.obj
                0x20000a0c                NRF_Handler
 .bss.gHuart    0x20000a64        0x4 CMakeFiles/RX_Vehicle.elf.dir/System/retarget/retarget.c.obj
                0x20000a64                gHuart
 .bss.__malloc_current_mallinfo
                0x20000a68       0x28 d:/progra~1/stm32c~1/gcc-ar~1/bin/../lib/gcc/arm-none-eabi/9.3.1/../../../../arm-none-eabi/lib/thumb/v7-m/nofp\libg.a(lib_a-mallocr.o)
                0x20000a68                __malloc_current_mallinfo
 .bss.__malloc_max_sbrked_mem
                0x20000a90        0x4 d:/progra~1/stm32c~1/gcc-ar~1/bin/../lib/gcc/arm-none-eabi/9.3.1/../../../../arm-none-eabi/lib/thumb/v7-m/nofp\libg.a(lib_a-mallocr.o)
                0x20000a90                __malloc_max_sbrked_mem
 .bss.__malloc_max_total_mem
                0x20000a94        0x4 d:/progra~1/stm32c~1/gcc-ar~1/bin/../lib/gcc/arm-none-eabi/9.3.1/../../../../arm-none-eabi/lib/thumb/v7-m/nofp\libg.a(lib_a-mallocr.o)
                0x20000a94                __malloc_max_total_mem
 .bss.__malloc_top_pad
                0x20000a98        0x4 d:/progra~1/stm32c~1/gcc-ar~1/bin/../lib/gcc/arm-none-eabi/9.3.1/../../../../arm-none-eabi/lib/thumb/v7-m/nofp\libg.a(lib_a-mallocr.o)
                0x20000a98                __malloc_top_pad
 *(COMMON)
 COMMON         0x20000a9c       0x21 d:/progra~1/stm32c~1/gcc-ar~1/bin/../lib/gcc/arm-none-eabi/9.3.1/../../../../arm-none-eabi/lib/thumb/v7-m/nofp\libg.a(lib_a-lock.o)
                0x20000a9c                __lock___atexit_recursive_mutex
                0x20000aa0                __lock___arc4random_mutex
                0x20000aa4                __lock___env_recursive_mutex
                0x20000aa8                __lock___sinit_recursive_mutex
                0x20000aac                __lock___malloc_recursive_mutex
                0x20000ab0                __lock___at_quick_exit_mutex
                0x20000ab4                __lock___dd_hash_mutex
                0x20000ab8                __lock___tz_mutex
                0x20000abc                __lock___sfp_recursive_mutex
 *fill*         0x20000abd        0x3 
 COMMON         0x20000ac0        0x4 d:/progra~1/stm32c~1/gcc-ar~1/bin/../lib/gcc/arm-none-eabi/9.3.1/../../../../arm-none-eabi/lib/thumb/v7-m/nofp\libg.a(lib_a-reent.o)
                0x20000ac0                errno
                0x20000ac4                . = ALIGN (0x4)
                0x20000ac4                _ebss = .
                0x20000ac4                __bss_end__ = _ebss

._user_heap_stack
                0x20000ac4      0x604 load address 0x08005328
                0x20000ac8                . = ALIGN (0x8)
 *fill*         0x20000ac4        0x4 
                0x20000ac8                PROVIDE (end = .)
                [!provide]                PROVIDE (_end = .)
                0x20000cc8                . = (. + _Min_Heap_Size)
 *fill*         0x20000ac8      0x200 
                0x200010c8                . = (. + _Min_Stack_Size)
 *fill*         0x20000cc8      0x400 
                0x200010c8                . = ALIGN (0x8)

/DISCARD/
 libc.a(*)
 libm.a(*)
 libgcc.a(*)

.ARM.attributes
                0x00000000       0x29
 *(.ARM.attributes)
 .ARM.attributes
                0x00000000       0x1d d:/progra~1/stm32c~1/gcc-ar~1/bin/../lib/gcc/arm-none-eabi/9.3.1/thumb/v7-m/nofp/crti.o
 .ARM.attributes
                0x0000001d       0x2d d:/progra~1/stm32c~1/gcc-ar~1/bin/../lib/gcc/arm-none-eabi/9.3.1/thumb/v7-m/nofp/crtbegin.o
 .ARM.attributes
                0x0000004a       0x2d CMakeFiles/RX_Vehicle.elf.dir/Core/Src/gpio.c.obj
 .ARM.attributes
                0x00000077       0x2d CMakeFiles/RX_Vehicle.elf.dir/Core/Src/main.c.obj
 .ARM.attributes
                0x000000a4       0x2d CMakeFiles/RX_Vehicle.elf.dir/Core/Src/spi.c.obj
 .ARM.attributes
                0x000000d1       0x2d CMakeFiles/RX_Vehicle.elf.dir/Core/Src/stm32f1xx_hal_msp.c.obj
 .ARM.attributes
                0x000000fe       0x2d CMakeFiles/RX_Vehicle.elf.dir/Core/Src/stm32f1xx_it.c.obj
 .ARM.attributes
                0x0000012b       0x2d CMakeFiles/RX_Vehicle.elf.dir/Core/Src/syscalls.c.obj
 .ARM.attributes
                0x00000158       0x2d CMakeFiles/RX_Vehicle.elf.dir/Core/Src/system_stm32f1xx.c.obj
 .ARM.attributes
                0x00000185       0x2d CMakeFiles/RX_Vehicle.elf.dir/Core/Src/tim.c.obj
 .ARM.attributes
                0x000001b2       0x2d CMakeFiles/RX_Vehicle.elf.dir/Core/Src/usart.c.obj
 .ARM.attributes
                0x000001df       0x2d CMakeFiles/RX_Vehicle.elf.dir/Drivers/STM32F1xx_HAL_Driver/Src/stm32f1xx_hal.c.obj
 .ARM.attributes
                0x0000020c       0x2d CMakeFiles/RX_Vehicle.elf.dir/Drivers/STM32F1xx_HAL_Driver/Src/stm32f1xx_hal_cortex.c.obj
 .ARM.attributes
                0x00000239       0x2d CMakeFiles/RX_Vehicle.elf.dir/Drivers/STM32F1xx_HAL_Driver/Src/stm32f1xx_hal_dma.c.obj
 .ARM.attributes
                0x00000266       0x2d CMakeFiles/RX_Vehicle.elf.dir/Drivers/STM32F1xx_HAL_Driver/Src/stm32f1xx_hal_gpio.c.obj
 .ARM.attributes
                0x00000293       0x2d CMakeFiles/RX_Vehicle.elf.dir/Drivers/STM32F1xx_HAL_Driver/Src/stm32f1xx_hal_rcc.c.obj
 .ARM.attributes
                0x000002c0       0x2d CMakeFiles/RX_Vehicle.elf.dir/Drivers/STM32F1xx_HAL_Driver/Src/stm32f1xx_hal_spi.c.obj
 .ARM.attributes
                0x000002ed       0x2d CMakeFiles/RX_Vehicle.elf.dir/Drivers/STM32F1xx_HAL_Driver/Src/stm32f1xx_hal_tim.c.obj
 .ARM.attributes
                0x0000031a       0x2d CMakeFiles/RX_Vehicle.elf.dir/Drivers/STM32F1xx_HAL_Driver/Src/stm32f1xx_hal_tim_ex.c.obj
 .ARM.attributes
                0x00000347       0x2d CMakeFiles/RX_Vehicle.elf.dir/Drivers/STM32F1xx_HAL_Driver/Src/stm32f1xx_hal_uart.c.obj
 .ARM.attributes
                0x00000374       0x2d CMakeFiles/RX_Vehicle.elf.dir/Hardware/NRF24L01/bsp_nrf24l01.c.obj
 .ARM.attributes
                0x000003a1       0x2d CMakeFiles/RX_Vehicle.elf.dir/Hardware/motor/motor.c.obj
 .ARM.attributes
                0x000003ce       0x2d CMakeFiles/RX_Vehicle.elf.dir/Hardware/robot_arm/robot_arm.c.obj
 .ARM.attributes
                0x000003fb       0x2d CMakeFiles/RX_Vehicle.elf.dir/System/retarget/retarget.c.obj
 .ARM.attributes
                0x00000428       0x21 CMakeFiles/RX_Vehicle.elf.dir/startup/startup_stm32f103xb.s.obj
 .ARM.attributes
                0x00000449       0x2d d:/progra~1/stm32c~1/gcc-ar~1/bin/../lib/gcc/arm-none-eabi/9.3.1/../../../../arm-none-eabi/lib/thumb/v7-m/nofp\libg.a(lib_a-errno.o)
 .ARM.attributes
                0x00000476       0x2d d:/progra~1/stm32c~1/gcc-ar~1/bin/../lib/gcc/arm-none-eabi/9.3.1/../../../../arm-none-eabi/lib/thumb/v7-m/nofp\libg.a(lib_a-impure.o)
 .ARM.attributes
                0x000004a3       0x2d d:/progra~1/stm32c~1/gcc-ar~1/bin/../lib/gcc/arm-none-eabi/9.3.1/../../../../arm-none-eabi/lib/thumb/v7-m/nofp\libg.a(lib_a-init.o)
 .ARM.attributes
                0x000004d0       0x2d d:/progra~1/stm32c~1/gcc-ar~1/bin/../lib/gcc/arm-none-eabi/9.3.1/../../../../arm-none-eabi/lib/thumb/v7-m/nofp\libg.a(lib_a-memset.o)
 .ARM.attributes
                0x000004fd       0x2d d:/progra~1/stm32c~1/gcc-ar~1/bin/../lib/gcc/arm-none-eabi/9.3.1/../../../../arm-none-eabi/lib/thumb/v7-m/nofp\libg.a(lib_a-puts.o)
 .ARM.attributes
                0x0000052a       0x2d d:/progra~1/stm32c~1/gcc-ar~1/bin/../lib/gcc/arm-none-eabi/9.3.1/../../../../arm-none-eabi/lib/thumb/v7-m/nofp\libg.a(lib_a-setvbuf.o)
 .ARM.attributes
                0x00000557       0x2d d:/progra~1/stm32c~1/gcc-ar~1/bin/../lib/gcc/arm-none-eabi/9.3.1/../../../../arm-none-eabi/lib/thumb/v7-m/nofp\libg.a(lib_a-strlen-stub.o)
 .ARM.attributes
                0x00000584       0x2d d:/progra~1/stm32c~1/gcc-ar~1/bin/../lib/gcc/arm-none-eabi/9.3.1/../../../../arm-none-eabi/lib/thumb/v7-m/nofp\libg.a(lib_a-__call_atexit.o)
 .ARM.attributes
                0x000005b1       0x2d d:/progra~1/stm32c~1/gcc-ar~1/bin/../lib/gcc/arm-none-eabi/9.3.1/../../../../arm-none-eabi/lib/thumb/v7-m/nofp\libg.a(lib_a-atexit.o)
 .ARM.attributes
                0x000005de       0x2d d:/progra~1/stm32c~1/gcc-ar~1/bin/../lib/gcc/arm-none-eabi/9.3.1/../../../../arm-none-eabi/lib/thumb/v7-m/nofp\libg.a(lib_a-fflush.o)
 .ARM.attributes
                0x0000060b       0x2d d:/progra~1/stm32c~1/gcc-ar~1/bin/../lib/gcc/arm-none-eabi/9.3.1/../../../../arm-none-eabi/lib/thumb/v7-m/nofp\libg.a(lib_a-findfp.o)
 .ARM.attributes
                0x00000638       0x2d d:/progra~1/stm32c~1/gcc-ar~1/bin/../lib/gcc/arm-none-eabi/9.3.1/../../../../arm-none-eabi/lib/thumb/v7-m/nofp\libg.a(lib_a-fini.o)
 .ARM.attributes
                0x00000665       0x2d d:/progra~1/stm32c~1/gcc-ar~1/bin/../lib/gcc/arm-none-eabi/9.3.1/../../../../arm-none-eabi/lib/thumb/v7-m/nofp\libg.a(lib_a-freer.o)
 .ARM.attributes
                0x00000692       0x2d d:/progra~1/stm32c~1/gcc-ar~1/bin/../lib/gcc/arm-none-eabi/9.3.1/../../../../arm-none-eabi/lib/thumb/v7-m/nofp\libg.a(lib_a-fvwrite.o)
 .ARM.attributes
                0x000006bf       0x2d d:/progra~1/stm32c~1/gcc-ar~1/bin/../lib/gcc/arm-none-eabi/9.3.1/../../../../arm-none-eabi/lib/thumb/v7-m/nofp\libg.a(lib_a-fwalk.o)
 .ARM.attributes
                0x000006ec       0x2d d:/progra~1/stm32c~1/gcc-ar~1/bin/../lib/gcc/arm-none-eabi/9.3.1/../../../../arm-none-eabi/lib/thumb/v7-m/nofp\libg.a(lib_a-lock.o)
 .ARM.attributes
                0x00000719       0x2d d:/progra~1/stm32c~1/gcc-ar~1/bin/../lib/gcc/arm-none-eabi/9.3.1/../../../../arm-none-eabi/lib/thumb/v7-m/nofp\libg.a(lib_a-makebuf.o)
 .ARM.attributes
                0x00000746       0x2d d:/progra~1/stm32c~1/gcc-ar~1/bin/../lib/gcc/arm-none-eabi/9.3.1/../../../../arm-none-eabi/lib/thumb/v7-m/nofp\libg.a(lib_a-malloc.o)
 .ARM.attributes
                0x00000773       0x2d d:/progra~1/stm32c~1/gcc-ar~1/bin/../lib/gcc/arm-none-eabi/9.3.1/../../../../arm-none-eabi/lib/thumb/v7-m/nofp\libg.a(lib_a-mallocr.o)
 .ARM.attributes
                0x000007a0       0x2d d:/progra~1/stm32c~1/gcc-ar~1/bin/../lib/gcc/arm-none-eabi/9.3.1/../../../../arm-none-eabi/lib/thumb/v7-m/nofp\libg.a(lib_a-memchr-stub.o)
 .ARM.attributes
                0x000007cd       0x1b d:/progra~1/stm32c~1/gcc-ar~1/bin/../lib/gcc/arm-none-eabi/9.3.1/../../../../arm-none-eabi/lib/thumb/v7-m/nofp\libg.a(lib_a-memcpy.o)
 .ARM.attributes
                0x000007e8       0x2d d:/progra~1/stm32c~1/gcc-ar~1/bin/../lib/gcc/arm-none-eabi/9.3.1/../../../../arm-none-eabi/lib/thumb/v7-m/nofp\libg.a(lib_a-memmove.o)
 .ARM.attributes
                0x00000815       0x2d d:/progra~1/stm32c~1/gcc-ar~1/bin/../lib/gcc/arm-none-eabi/9.3.1/../../../../arm-none-eabi/lib/thumb/v7-m/nofp\libg.a(lib_a-mlock.o)
 .ARM.attributes
                0x00000842       0x2d d:/progra~1/stm32c~1/gcc-ar~1/bin/../lib/gcc/arm-none-eabi/9.3.1/../../../../arm-none-eabi/lib/thumb/v7-m/nofp\libg.a(lib_a-reallocr.o)
 .ARM.attributes
                0x0000086f       0x2d d:/progra~1/stm32c~1/gcc-ar~1/bin/../lib/gcc/arm-none-eabi/9.3.1/../../../../arm-none-eabi/lib/thumb/v7-m/nofp\libg.a(lib_a-sbrkr.o)
 .ARM.attributes
                0x0000089c       0x2d d:/progra~1/stm32c~1/gcc-ar~1/bin/../lib/gcc/arm-none-eabi/9.3.1/../../../../arm-none-eabi/lib/thumb/v7-m/nofp\libg.a(lib_a-stdio.o)
 .ARM.attributes
                0x000008c9       0x2d d:/progra~1/stm32c~1/gcc-ar~1/bin/../lib/gcc/arm-none-eabi/9.3.1/../../../../arm-none-eabi/lib/thumb/v7-m/nofp\libg.a(lib_a-writer.o)
 .ARM.attributes
                0x000008f6       0x2d d:/progra~1/stm32c~1/gcc-ar~1/bin/../lib/gcc/arm-none-eabi/9.3.1/../../../../arm-none-eabi/lib/thumb/v7-m/nofp\libg.a(lib_a-wsetup.o)
 .ARM.attributes
                0x00000923       0x2d d:/progra~1/stm32c~1/gcc-ar~1/bin/../lib/gcc/arm-none-eabi/9.3.1/../../../../arm-none-eabi/lib/thumb/v7-m/nofp\libg.a(lib_a-__atexit.o)
 .ARM.attributes
                0x00000950       0x2d d:/progra~1/stm32c~1/gcc-ar~1/bin/../lib/gcc/arm-none-eabi/9.3.1/../../../../arm-none-eabi/lib/thumb/v7-m/nofp\libg.a(lib_a-closer.o)
 .ARM.attributes
                0x0000097d       0x2d d:/progra~1/stm32c~1/gcc-ar~1/bin/../lib/gcc/arm-none-eabi/9.3.1/../../../../arm-none-eabi/lib/thumb/v7-m/nofp\libg.a(lib_a-fclose.o)
 .ARM.attributes
                0x000009aa       0x2d d:/progra~1/stm32c~1/gcc-ar~1/bin/../lib/gcc/arm-none-eabi/9.3.1/../../../../arm-none-eabi/lib/thumb/v7-m/nofp\libg.a(lib_a-fstatr.o)
 .ARM.attributes
                0x000009d7       0x2d d:/progra~1/stm32c~1/gcc-ar~1/bin/../lib/gcc/arm-none-eabi/9.3.1/../../../../arm-none-eabi/lib/thumb/v7-m/nofp\libg.a(lib_a-isattyr.o)
 .ARM.attributes
                0x00000a04       0x2d d:/progra~1/stm32c~1/gcc-ar~1/bin/../lib/gcc/arm-none-eabi/9.3.1/../../../../arm-none-eabi/lib/thumb/v7-m/nofp\libg.a(lib_a-lseekr.o)
 .ARM.attributes
                0x00000a31       0x2d d:/progra~1/stm32c~1/gcc-ar~1/bin/../lib/gcc/arm-none-eabi/9.3.1/../../../../arm-none-eabi/lib/thumb/v7-m/nofp\libg.a(lib_a-readr.o)
 .ARM.attributes
                0x00000a5e       0x2d d:/progra~1/stm32c~1/gcc-ar~1/bin/../lib/gcc/arm-none-eabi/9.3.1/../../../../arm-none-eabi/lib/thumb/v7-m/nofp\libg.a(lib_a-reent.o)
 .ARM.attributes
                0x00000a8b       0x1d d:/progra~1/stm32c~1/gcc-ar~1/bin/../lib/gcc/arm-none-eabi/9.3.1/thumb/v7-m/nofp/crtn.o
OUTPUT(RX_Vehicle.elf elf32-littlearm)
LOAD linker stubs
LOAD d:/progra~1/stm32c~1/gcc-ar~1/bin/../lib/gcc/arm-none-eabi/9.3.1/../../../../arm-none-eabi/lib/thumb/v7-m/nofp\libc.a
LOAD d:/progra~1/stm32c~1/gcc-ar~1/bin/../lib/gcc/arm-none-eabi/9.3.1/../../../../arm-none-eabi/lib/thumb/v7-m/nofp\libm.a
LOAD d:/progra~1/stm32c~1/gcc-ar~1/bin/../lib/gcc/arm-none-eabi/9.3.1/thumb/v7-m/nofp\libgcc.a

.debug_info     0x00000000    0x1df2b
 .debug_info    0x00000000     0x17f2 CMakeFiles/RX_Vehicle.elf.dir/Core/Src/gpio.c.obj
 .debug_info    0x000017f2     0x1ab2 CMakeFiles/RX_Vehicle.elf.dir/Core/Src/main.c.obj
 .debug_info    0x000032a4     0x17c9 CMakeFiles/RX_Vehicle.elf.dir/Core/Src/spi.c.obj
 .debug_info    0x00004a6d     0x167c CMakeFiles/RX_Vehicle.elf.dir/Core/Src/stm32f1xx_hal_msp.c.obj
 .debug_info    0x000060e9     0x15c1 CMakeFiles/RX_Vehicle.elf.dir/Core/Src/stm32f1xx_it.c.obj
 .debug_info    0x000076aa     0x112b CMakeFiles/RX_Vehicle.elf.dir/Core/Src/syscalls.c.obj
 .debug_info    0x000087d5      0x2c9 CMakeFiles/RX_Vehicle.elf.dir/Core/Src/system_stm32f1xx.c.obj
 .debug_info    0x00008a9e     0x1ede CMakeFiles/RX_Vehicle.elf.dir/Core/Src/tim.c.obj
 .debug_info    0x0000a97c     0x1980 CMakeFiles/RX_Vehicle.elf.dir/Core/Src/usart.c.obj
 .debug_info    0x0000c2fc      0x831 CMakeFiles/RX_Vehicle.elf.dir/Drivers/STM32F1xx_HAL_Driver/Src/stm32f1xx_hal.c.obj
 .debug_info    0x0000cb2d      0xe46 CMakeFiles/RX_Vehicle.elf.dir/Drivers/STM32F1xx_HAL_Driver/Src/stm32f1xx_hal_cortex.c.obj
 .debug_info    0x0000d973      0x932 CMakeFiles/RX_Vehicle.elf.dir/Drivers/STM32F1xx_HAL_Driver/Src/stm32f1xx_hal_dma.c.obj
 .debug_info    0x0000e2a5      0x75b CMakeFiles/RX_Vehicle.elf.dir/Drivers/STM32F1xx_HAL_Driver/Src/stm32f1xx_hal_gpio.c.obj
 .debug_info    0x0000ea00      0xaab CMakeFiles/RX_Vehicle.elf.dir/Drivers/STM32F1xx_HAL_Driver/Src/stm32f1xx_hal_rcc.c.obj
 .debug_info    0x0000f4ab     0x1e27 CMakeFiles/RX_Vehicle.elf.dir/Drivers/STM32F1xx_HAL_Driver/Src/stm32f1xx_hal_spi.c.obj
 .debug_info    0x000112d2     0x3b9e CMakeFiles/RX_Vehicle.elf.dir/Drivers/STM32F1xx_HAL_Driver/Src/stm32f1xx_hal_tim.c.obj
 .debug_info    0x00014e70     0x1a8d CMakeFiles/RX_Vehicle.elf.dir/Drivers/STM32F1xx_HAL_Driver/Src/stm32f1xx_hal_tim_ex.c.obj
 .debug_info    0x000168fd     0x1919 CMakeFiles/RX_Vehicle.elf.dir/Drivers/STM32F1xx_HAL_Driver/Src/stm32f1xx_hal_uart.c.obj
 .debug_info    0x00018216     0x214c CMakeFiles/RX_Vehicle.elf.dir/Hardware/NRF24L01/bsp_nrf24l01.c.obj
 .debug_info    0x0001a362     0x155b CMakeFiles/RX_Vehicle.elf.dir/Hardware/motor/motor.c.obj
 .debug_info    0x0001b8bd     0x1585 CMakeFiles/RX_Vehicle.elf.dir/Hardware/robot_arm/robot_arm.c.obj
 .debug_info    0x0001ce42     0x10c7 CMakeFiles/RX_Vehicle.elf.dir/System/retarget/retarget.c.obj
 .debug_info    0x0001df09       0x22 CMakeFiles/RX_Vehicle.elf.dir/startup/startup_stm32f103xb.s.obj

.debug_abbrev   0x00000000     0x3877
 .debug_abbrev  0x00000000      0x26b CMakeFiles/RX_Vehicle.elf.dir/Core/Src/gpio.c.obj
 .debug_abbrev  0x0000026b      0x2f6 CMakeFiles/RX_Vehicle.elf.dir/Core/Src/main.c.obj
 .debug_abbrev  0x00000561      0x2ac CMakeFiles/RX_Vehicle.elf.dir/Core/Src/spi.c.obj
 .debug_abbrev  0x0000080d      0x272 CMakeFiles/RX_Vehicle.elf.dir/Core/Src/stm32f1xx_hal_msp.c.obj
 .debug_abbrev  0x00000a7f      0x250 CMakeFiles/RX_Vehicle.elf.dir/Core/Src/stm32f1xx_it.c.obj
 .debug_abbrev  0x00000ccf      0x31e CMakeFiles/RX_Vehicle.elf.dir/Core/Src/syscalls.c.obj
 .debug_abbrev  0x00000fed      0x151 CMakeFiles/RX_Vehicle.elf.dir/Core/Src/system_stm32f1xx.c.obj
 .debug_abbrev  0x0000113e      0x318 CMakeFiles/RX_Vehicle.elf.dir/Core/Src/tim.c.obj
 .debug_abbrev  0x00001456      0x2b5 CMakeFiles/RX_Vehicle.elf.dir/Core/Src/usart.c.obj
 .debug_abbrev  0x0000170b      0x219 CMakeFiles/RX_Vehicle.elf.dir/Drivers/STM32F1xx_HAL_Driver/Src/stm32f1xx_hal.c.obj
 .debug_abbrev  0x00001924      0x367 CMakeFiles/RX_Vehicle.elf.dir/Drivers/STM32F1xx_HAL_Driver/Src/stm32f1xx_hal_cortex.c.obj
 .debug_abbrev  0x00001c8b      0x262 CMakeFiles/RX_Vehicle.elf.dir/Drivers/STM32F1xx_HAL_Driver/Src/stm32f1xx_hal_dma.c.obj
 .debug_abbrev  0x00001eed      0x213 CMakeFiles/RX_Vehicle.elf.dir/Drivers/STM32F1xx_HAL_Driver/Src/stm32f1xx_hal_gpio.c.obj
 .debug_abbrev  0x00002100      0x28d CMakeFiles/RX_Vehicle.elf.dir/Drivers/STM32F1xx_HAL_Driver/Src/stm32f1xx_hal_rcc.c.obj
 .debug_abbrev  0x0000238d      0x267 CMakeFiles/RX_Vehicle.elf.dir/Drivers/STM32F1xx_HAL_Driver/Src/stm32f1xx_hal_spi.c.obj
 .debug_abbrev  0x000025f4      0x26b CMakeFiles/RX_Vehicle.elf.dir/Drivers/STM32F1xx_HAL_Driver/Src/stm32f1xx_hal_tim.c.obj
 .debug_abbrev  0x0000285f      0x26e CMakeFiles/RX_Vehicle.elf.dir/Drivers/STM32F1xx_HAL_Driver/Src/stm32f1xx_hal_tim_ex.c.obj
 .debug_abbrev  0x00002acd      0x293 CMakeFiles/RX_Vehicle.elf.dir/Drivers/STM32F1xx_HAL_Driver/Src/stm32f1xx_hal_uart.c.obj
 .debug_abbrev  0x00002d60      0x38c CMakeFiles/RX_Vehicle.elf.dir/Hardware/NRF24L01/bsp_nrf24l01.c.obj
 .debug_abbrev  0x000030ec      0x24f CMakeFiles/RX_Vehicle.elf.dir/Hardware/motor/motor.c.obj
 .debug_abbrev  0x0000333b      0x25e CMakeFiles/RX_Vehicle.elf.dir/Hardware/robot_arm/robot_arm.c.obj
 .debug_abbrev  0x00003599      0x2cc CMakeFiles/RX_Vehicle.elf.dir/System/retarget/retarget.c.obj
 .debug_abbrev  0x00003865       0x12 CMakeFiles/RX_Vehicle.elf.dir/startup/startup_stm32f103xb.s.obj

.debug_aranges  0x00000000      0xf10
 .debug_aranges
                0x00000000       0x20 CMakeFiles/RX_Vehicle.elf.dir/Core/Src/gpio.c.obj
 .debug_aranges
                0x00000020       0x30 CMakeFiles/RX_Vehicle.elf.dir/Core/Src/main.c.obj
 .debug_aranges
                0x00000050       0x30 CMakeFiles/RX_Vehicle.elf.dir/Core/Src/spi.c.obj
 .debug_aranges
                0x00000080       0x20 CMakeFiles/RX_Vehicle.elf.dir/Core/Src/stm32f1xx_hal_msp.c.obj
 .debug_aranges
                0x000000a0       0x68 CMakeFiles/RX_Vehicle.elf.dir/Core/Src/stm32f1xx_it.c.obj
 .debug_aranges
                0x00000108       0xb0 CMakeFiles/RX_Vehicle.elf.dir/Core/Src/syscalls.c.obj
 .debug_aranges
                0x000001b8       0x28 CMakeFiles/RX_Vehicle.elf.dir/Core/Src/system_stm32f1xx.c.obj
 .debug_aranges
                0x000001e0       0x48 CMakeFiles/RX_Vehicle.elf.dir/Core/Src/tim.c.obj
 .debug_aranges
                0x00000228       0x30 CMakeFiles/RX_Vehicle.elf.dir/Core/Src/usart.c.obj
 .debug_aranges
                0x00000258       0xe0 CMakeFiles/RX_Vehicle.elf.dir/Drivers/STM32F1xx_HAL_Driver/Src/stm32f1xx_hal.c.obj
 .debug_aranges
                0x00000338       0x90 CMakeFiles/RX_Vehicle.elf.dir/Drivers/STM32F1xx_HAL_Driver/Src/stm32f1xx_hal_cortex.c.obj
 .debug_aranges
                0x000003c8       0x80 CMakeFiles/RX_Vehicle.elf.dir/Drivers/STM32F1xx_HAL_Driver/Src/stm32f1xx_hal_dma.c.obj
 .debug_aranges
                0x00000448       0x58 CMakeFiles/RX_Vehicle.elf.dir/Drivers/STM32F1xx_HAL_Driver/Src/stm32f1xx_hal_gpio.c.obj
 .debug_aranges
                0x000004a0       0x90 CMakeFiles/RX_Vehicle.elf.dir/Drivers/STM32F1xx_HAL_Driver/Src/stm32f1xx_hal_rcc.c.obj
 .debug_aranges
                0x00000530      0x1d0 CMakeFiles/RX_Vehicle.elf.dir/Drivers/STM32F1xx_HAL_Driver/Src/stm32f1xx_hal_spi.c.obj
 .debug_aranges
                0x00000700      0x3d0 CMakeFiles/RX_Vehicle.elf.dir/Drivers/STM32F1xx_HAL_Driver/Src/stm32f1xx_hal_tim.c.obj
 .debug_aranges
                0x00000ad0      0x168 CMakeFiles/RX_Vehicle.elf.dir/Drivers/STM32F1xx_HAL_Driver/Src/stm32f1xx_hal_tim_ex.c.obj
 .debug_aranges
                0x00000c38      0x1d0 CMakeFiles/RX_Vehicle.elf.dir/Drivers/STM32F1xx_HAL_Driver/Src/stm32f1xx_hal_uart.c.obj
 .debug_aranges
                0x00000e08       0x70 CMakeFiles/RX_Vehicle.elf.dir/Hardware/NRF24L01/bsp_nrf24l01.c.obj
 .debug_aranges
                0x00000e78       0x20 CMakeFiles/RX_Vehicle.elf.dir/Hardware/motor/motor.c.obj
 .debug_aranges
                0x00000e98       0x20 CMakeFiles/RX_Vehicle.elf.dir/Hardware/robot_arm/robot_arm.c.obj
 .debug_aranges
                0x00000eb8       0x30 CMakeFiles/RX_Vehicle.elf.dir/System/retarget/retarget.c.obj
 .debug_aranges
                0x00000ee8       0x28 CMakeFiles/RX_Vehicle.elf.dir/startup/startup_stm32f103xb.s.obj

.debug_ranges   0x00000000      0xe28
 .debug_ranges  0x00000000       0x10 CMakeFiles/RX_Vehicle.elf.dir/Core/Src/gpio.c.obj
 .debug_ranges  0x00000010       0x20 CMakeFiles/RX_Vehicle.elf.dir/Core/Src/main.c.obj
 .debug_ranges  0x00000030       0x20 CMakeFiles/RX_Vehicle.elf.dir/Core/Src/spi.c.obj
 .debug_ranges  0x00000050       0x10 CMakeFiles/RX_Vehicle.elf.dir/Core/Src/stm32f1xx_hal_msp.c.obj
 .debug_ranges  0x00000060       0x58 CMakeFiles/RX_Vehicle.elf.dir/Core/Src/stm32f1xx_it.c.obj
 .debug_ranges  0x000000b8       0xa0 CMakeFiles/RX_Vehicle.elf.dir/Core/Src/syscalls.c.obj
 .debug_ranges  0x00000158       0x18 CMakeFiles/RX_Vehicle.elf.dir/Core/Src/system_stm32f1xx.c.obj
 .debug_ranges  0x00000170       0x38 CMakeFiles/RX_Vehicle.elf.dir/Core/Src/tim.c.obj
 .debug_ranges  0x000001a8       0x20 CMakeFiles/RX_Vehicle.elf.dir/Core/Src/usart.c.obj
 .debug_ranges  0x000001c8       0xd0 CMakeFiles/RX_Vehicle.elf.dir/Drivers/STM32F1xx_HAL_Driver/Src/stm32f1xx_hal.c.obj
 .debug_ranges  0x00000298       0xe0 CMakeFiles/RX_Vehicle.elf.dir/Drivers/STM32F1xx_HAL_Driver/Src/stm32f1xx_hal_cortex.c.obj
 .debug_ranges  0x00000378       0x70 CMakeFiles/RX_Vehicle.elf.dir/Drivers/STM32F1xx_HAL_Driver/Src/stm32f1xx_hal_dma.c.obj
 .debug_ranges  0x000003e8       0x48 CMakeFiles/RX_Vehicle.elf.dir/Drivers/STM32F1xx_HAL_Driver/Src/stm32f1xx_hal_gpio.c.obj
 .debug_ranges  0x00000430       0xa0 CMakeFiles/RX_Vehicle.elf.dir/Drivers/STM32F1xx_HAL_Driver/Src/stm32f1xx_hal_rcc.c.obj
 .debug_ranges  0x000004d0      0x1c0 CMakeFiles/RX_Vehicle.elf.dir/Drivers/STM32F1xx_HAL_Driver/Src/stm32f1xx_hal_spi.c.obj
 .debug_ranges  0x00000690      0x3c0 CMakeFiles/RX_Vehicle.elf.dir/Drivers/STM32F1xx_HAL_Driver/Src/stm32f1xx_hal_tim.c.obj
 .debug_ranges  0x00000a50      0x158 CMakeFiles/RX_Vehicle.elf.dir/Drivers/STM32F1xx_HAL_Driver/Src/stm32f1xx_hal_tim_ex.c.obj
 .debug_ranges  0x00000ba8      0x1c0 CMakeFiles/RX_Vehicle.elf.dir/Drivers/STM32F1xx_HAL_Driver/Src/stm32f1xx_hal_uart.c.obj
 .debug_ranges  0x00000d68       0x60 CMakeFiles/RX_Vehicle.elf.dir/Hardware/NRF24L01/bsp_nrf24l01.c.obj
 .debug_ranges  0x00000dc8       0x10 CMakeFiles/RX_Vehicle.elf.dir/Hardware/motor/motor.c.obj
 .debug_ranges  0x00000dd8       0x10 CMakeFiles/RX_Vehicle.elf.dir/Hardware/robot_arm/robot_arm.c.obj
 .debug_ranges  0x00000de8       0x20 CMakeFiles/RX_Vehicle.elf.dir/System/retarget/retarget.c.obj
 .debug_ranges  0x00000e08       0x20 CMakeFiles/RX_Vehicle.elf.dir/startup/startup_stm32f103xb.s.obj

.debug_line     0x00000000    0x11d4c
 .debug_line    0x00000000      0x545 CMakeFiles/RX_Vehicle.elf.dir/Core/Src/gpio.c.obj
 .debug_line    0x00000545      0x923 CMakeFiles/RX_Vehicle.elf.dir/Core/Src/main.c.obj
 .debug_line    0x00000e68      0x5ba CMakeFiles/RX_Vehicle.elf.dir/Core/Src/spi.c.obj
 .debug_line    0x00001422      0x4c0 CMakeFiles/RX_Vehicle.elf.dir/Core/Src/stm32f1xx_hal_msp.c.obj
 .debug_line    0x000018e2      0x59a CMakeFiles/RX_Vehicle.elf.dir/Core/Src/stm32f1xx_it.c.obj
 .debug_line    0x00001e7c      0x509 CMakeFiles/RX_Vehicle.elf.dir/Core/Src/syscalls.c.obj
 .debug_line    0x00002385      0x32c CMakeFiles/RX_Vehicle.elf.dir/Core/Src/system_stm32f1xx.c.obj
 .debug_line    0x000026b1      0x917 CMakeFiles/RX_Vehicle.elf.dir/Core/Src/tim.c.obj
 .debug_line    0x00002fc8      0x5bb CMakeFiles/RX_Vehicle.elf.dir/Core/Src/usart.c.obj
 .debug_line    0x00003583      0x5bc CMakeFiles/RX_Vehicle.elf.dir/Drivers/STM32F1xx_HAL_Driver/Src/stm32f1xx_hal.c.obj
 .debug_line    0x00003b3f      0x712 CMakeFiles/RX_Vehicle.elf.dir/Drivers/STM32F1xx_HAL_Driver/Src/stm32f1xx_hal_cortex.c.obj
 .debug_line    0x00004251      0xb31 CMakeFiles/RX_Vehicle.elf.dir/Drivers/STM32F1xx_HAL_Driver/Src/stm32f1xx_hal_dma.c.obj
 .debug_line    0x00004d82      0x6be CMakeFiles/RX_Vehicle.elf.dir/Drivers/STM32F1xx_HAL_Driver/Src/stm32f1xx_hal_gpio.c.obj
 .debug_line    0x00005440      0xcd9 CMakeFiles/RX_Vehicle.elf.dir/Drivers/STM32F1xx_HAL_Driver/Src/stm32f1xx_hal_rcc.c.obj
 .debug_line    0x00006119     0x24f7 CMakeFiles/RX_Vehicle.elf.dir/Drivers/STM32F1xx_HAL_Driver/Src/stm32f1xx_hal_spi.c.obj
 .debug_line    0x00008610     0x474d CMakeFiles/RX_Vehicle.elf.dir/Drivers/STM32F1xx_HAL_Driver/Src/stm32f1xx_hal_tim.c.obj
 .debug_line    0x0000cd5d     0x1d3c CMakeFiles/RX_Vehicle.elf.dir/Drivers/STM32F1xx_HAL_Driver/Src/stm32f1xx_hal_tim_ex.c.obj
 .debug_line    0x0000ea99     0x1c7e CMakeFiles/RX_Vehicle.elf.dir/Drivers/STM32F1xx_HAL_Driver/Src/stm32f1xx_hal_uart.c.obj
 .debug_line    0x00010717      0x87c CMakeFiles/RX_Vehicle.elf.dir/Hardware/NRF24L01/bsp_nrf24l01.c.obj
 .debug_line    0x00010f93      0x492 CMakeFiles/RX_Vehicle.elf.dir/Hardware/motor/motor.c.obj
 .debug_line    0x00011425      0x466 CMakeFiles/RX_Vehicle.elf.dir/Hardware/robot_arm/robot_arm.c.obj
 .debug_line    0x0001188b      0x412 CMakeFiles/RX_Vehicle.elf.dir/System/retarget/retarget.c.obj
 .debug_line    0x00011c9d       0xaf CMakeFiles/RX_Vehicle.elf.dir/startup/startup_stm32f103xb.s.obj

.debug_str      0x00000000     0x4914
 .debug_str     0x00000000      0xeca CMakeFiles/RX_Vehicle.elf.dir/Core/Src/gpio.c.obj
                                0xff6 (size before relaxing)
 .debug_str     0x00000eca      0x2ac CMakeFiles/RX_Vehicle.elf.dir/Core/Src/main.c.obj
                               0x11aa (size before relaxing)
 .debug_str     0x00001176       0x8d CMakeFiles/RX_Vehicle.elf.dir/Core/Src/spi.c.obj
                               0x1044 (size before relaxing)
 .debug_str     0x00001203       0xa9 CMakeFiles/RX_Vehicle.elf.dir/Core/Src/stm32f1xx_hal_msp.c.obj
                                0xfce (size before relaxing)
 .debug_str     0x000012ac      0x10f CMakeFiles/RX_Vehicle.elf.dir/Core/Src/stm32f1xx_it.c.obj
                                0xfee (size before relaxing)
 .debug_str     0x000013bb      0x278 CMakeFiles/RX_Vehicle.elf.dir/Core/Src/syscalls.c.obj
                                0x87f (size before relaxing)
 .debug_str     0x00001633       0x84 CMakeFiles/RX_Vehicle.elf.dir/Core/Src/system_stm32f1xx.c.obj
                                0x355 (size before relaxing)
 .debug_str     0x000016b7      0x21c CMakeFiles/RX_Vehicle.elf.dir/Core/Src/tim.c.obj
                               0x1227 (size before relaxing)
 .debug_str     0x000018d3      0x394 CMakeFiles/RX_Vehicle.elf.dir/Core/Src/usart.c.obj
                               0x1362 (size before relaxing)
 .debug_str     0x00001c67      0x289 CMakeFiles/RX_Vehicle.elf.dir/Drivers/STM32F1xx_HAL_Driver/Src/stm32f1xx_hal.c.obj
                                0x8d2 (size before relaxing)
 .debug_str     0x00001ef0      0x3c6 CMakeFiles/RX_Vehicle.elf.dir/Drivers/STM32F1xx_HAL_Driver/Src/stm32f1xx_hal_cortex.c.obj
                                0x9ee (size before relaxing)
 .debug_str     0x000022b6      0x271 CMakeFiles/RX_Vehicle.elf.dir/Drivers/STM32F1xx_HAL_Driver/Src/stm32f1xx_hal_dma.c.obj
                                0x73c (size before relaxing)
 .debug_str     0x00002527      0x147 CMakeFiles/RX_Vehicle.elf.dir/Drivers/STM32F1xx_HAL_Driver/Src/stm32f1xx_hal_gpio.c.obj
                                0x53f (size before relaxing)
 .debug_str     0x0000266e      0x226 CMakeFiles/RX_Vehicle.elf.dir/Drivers/STM32F1xx_HAL_Driver/Src/stm32f1xx_hal_rcc.c.obj
                                0x721 (size before relaxing)
 .debug_str     0x00002894      0x55a CMakeFiles/RX_Vehicle.elf.dir/Drivers/STM32F1xx_HAL_Driver/Src/stm32f1xx_hal_spi.c.obj
                                0xc7d (size before relaxing)
 .debug_str     0x00002dee      0xe00 CMakeFiles/RX_Vehicle.elf.dir/Drivers/STM32F1xx_HAL_Driver/Src/stm32f1xx_hal_tim.c.obj
                               0x1777 (size before relaxing)
 .debug_str     0x00003bee      0x57f CMakeFiles/RX_Vehicle.elf.dir/Drivers/STM32F1xx_HAL_Driver/Src/stm32f1xx_hal_tim_ex.c.obj
                                0xfa1 (size before relaxing)
 .debug_str     0x0000416d      0x534 CMakeFiles/RX_Vehicle.elf.dir/Drivers/STM32F1xx_HAL_Driver/Src/stm32f1xx_hal_uart.c.obj
                                0xccf (size before relaxing)
 .debug_str     0x000046a1      0x10b CMakeFiles/RX_Vehicle.elf.dir/Hardware/NRF24L01/bsp_nrf24l01.c.obj
                               0x1137 (size before relaxing)
 .debug_str     0x000047ac       0x4c CMakeFiles/RX_Vehicle.elf.dir/Hardware/motor/motor.c.obj
                                0xf4c (size before relaxing)
 .debug_str     0x000047f8       0x54 CMakeFiles/RX_Vehicle.elf.dir/Hardware/robot_arm/robot_arm.c.obj
                                0xf54 (size before relaxing)
 .debug_str     0x0000484c       0x67 CMakeFiles/RX_Vehicle.elf.dir/System/retarget/retarget.c.obj
                                0xb18 (size before relaxing)
 .debug_str     0x000048b3       0x61 CMakeFiles/RX_Vehicle.elf.dir/startup/startup_stm32f103xb.s.obj
                                 0xa8 (size before relaxing)

.comment        0x00000000       0x4c
 .comment       0x00000000       0x4c CMakeFiles/RX_Vehicle.elf.dir/Core/Src/gpio.c.obj
                                 0x4d (size before relaxing)
 .comment       0x0000004c       0x4d CMakeFiles/RX_Vehicle.elf.dir/Core/Src/main.c.obj
 .comment       0x0000004c       0x4d CMakeFiles/RX_Vehicle.elf.dir/Core/Src/spi.c.obj
 .comment       0x0000004c       0x4d CMakeFiles/RX_Vehicle.elf.dir/Core/Src/stm32f1xx_hal_msp.c.obj
 .comment       0x0000004c       0x4d CMakeFiles/RX_Vehicle.elf.dir/Core/Src/stm32f1xx_it.c.obj
 .comment       0x0000004c       0x4d CMakeFiles/RX_Vehicle.elf.dir/Core/Src/syscalls.c.obj
 .comment       0x0000004c       0x4d CMakeFiles/RX_Vehicle.elf.dir/Core/Src/system_stm32f1xx.c.obj
 .comment       0x0000004c       0x4d CMakeFiles/RX_Vehicle.elf.dir/Core/Src/tim.c.obj
 .comment       0x0000004c       0x4d CMakeFiles/RX_Vehicle.elf.dir/Core/Src/usart.c.obj
 .comment       0x0000004c       0x4d CMakeFiles/RX_Vehicle.elf.dir/Drivers/STM32F1xx_HAL_Driver/Src/stm32f1xx_hal.c.obj
 .comment       0x0000004c       0x4d CMakeFiles/RX_Vehicle.elf.dir/Drivers/STM32F1xx_HAL_Driver/Src/stm32f1xx_hal_cortex.c.obj
 .comment       0x0000004c       0x4d CMakeFiles/RX_Vehicle.elf.dir/Drivers/STM32F1xx_HAL_Driver/Src/stm32f1xx_hal_dma.c.obj
 .comment       0x0000004c       0x4d CMakeFiles/RX_Vehicle.elf.dir/Drivers/STM32F1xx_HAL_Driver/Src/stm32f1xx_hal_gpio.c.obj
 .comment       0x0000004c       0x4d CMakeFiles/RX_Vehicle.elf.dir/Drivers/STM32F1xx_HAL_Driver/Src/stm32f1xx_hal_rcc.c.obj
 .comment       0x0000004c       0x4d CMakeFiles/RX_Vehicle.elf.dir/Drivers/STM32F1xx_HAL_Driver/Src/stm32f1xx_hal_spi.c.obj
 .comment       0x0000004c       0x4d CMakeFiles/RX_Vehicle.elf.dir/Drivers/STM32F1xx_HAL_Driver/Src/stm32f1xx_hal_tim.c.obj
 .comment       0x0000004c       0x4d CMakeFiles/RX_Vehicle.elf.dir/Drivers/STM32F1xx_HAL_Driver/Src/stm32f1xx_hal_tim_ex.c.obj
 .comment       0x0000004c       0x4d CMakeFiles/RX_Vehicle.elf.dir/Drivers/STM32F1xx_HAL_Driver/Src/stm32f1xx_hal_uart.c.obj
 .comment       0x0000004c       0x4d CMakeFiles/RX_Vehicle.elf.dir/Hardware/NRF24L01/bsp_nrf24l01.c.obj
 .comment       0x0000004c       0x4d CMakeFiles/RX_Vehicle.elf.dir/Hardware/motor/motor.c.obj
 .comment       0x0000004c       0x4d CMakeFiles/RX_Vehicle.elf.dir/Hardware/robot_arm/robot_arm.c.obj
 .comment       0x0000004c       0x4d CMakeFiles/RX_Vehicle.elf.dir/System/retarget/retarget.c.obj

.debug_frame    0x00000000     0x3188
 .debug_frame   0x00000000       0x38 CMakeFiles/RX_Vehicle.elf.dir/Core/Src/gpio.c.obj
 .debug_frame   0x00000038       0x58 CMakeFiles/RX_Vehicle.elf.dir/Core/Src/main.c.obj
 .debug_frame   0x00000090       0x60 CMakeFiles/RX_Vehicle.elf.dir/Core/Src/spi.c.obj
 .debug_frame   0x000000f0       0x2c CMakeFiles/RX_Vehicle.elf.dir/Core/Src/stm32f1xx_hal_msp.c.obj
 .debug_frame   0x0000011c       0xc0 CMakeFiles/RX_Vehicle.elf.dir/Core/Src/stm32f1xx_it.c.obj
 .debug_frame   0x000001dc      0x1a8 CMakeFiles/RX_Vehicle.elf.dir/Core/Src/syscalls.c.obj
 .debug_frame   0x00000384       0x30 CMakeFiles/RX_Vehicle.elf.dir/Core/Src/system_stm32f1xx.c.obj
 .debug_frame   0x000003b4       0xbc CMakeFiles/RX_Vehicle.elf.dir/Core/Src/tim.c.obj
 .debug_frame   0x00000470       0x64 CMakeFiles/RX_Vehicle.elf.dir/Core/Src/usart.c.obj
 .debug_frame   0x000004d4      0x1cc CMakeFiles/RX_Vehicle.elf.dir/Drivers/STM32F1xx_HAL_Driver/Src/stm32f1xx_hal.c.obj
 .debug_frame   0x000006a0      0x12c CMakeFiles/RX_Vehicle.elf.dir/Drivers/STM32F1xx_HAL_Driver/Src/stm32f1xx_hal_cortex.c.obj
 .debug_frame   0x000007cc      0x148 CMakeFiles/RX_Vehicle.elf.dir/Drivers/STM32F1xx_HAL_Driver/Src/stm32f1xx_hal_dma.c.obj
 .debug_frame   0x00000914       0xe8 CMakeFiles/RX_Vehicle.elf.dir/Drivers/STM32F1xx_HAL_Driver/Src/stm32f1xx_hal_gpio.c.obj
 .debug_frame   0x000009fc      0x190 CMakeFiles/RX_Vehicle.elf.dir/Drivers/STM32F1xx_HAL_Driver/Src/stm32f1xx_hal_rcc.c.obj
 .debug_frame   0x00000b8c      0x5a0 CMakeFiles/RX_Vehicle.elf.dir/Drivers/STM32F1xx_HAL_Driver/Src/stm32f1xx_hal_spi.c.obj
 .debug_frame   0x0000112c      0xb28 CMakeFiles/RX_Vehicle.elf.dir/Drivers/STM32F1xx_HAL_Driver/Src/stm32f1xx_hal_tim.c.obj
 .debug_frame   0x00001c54      0x418 CMakeFiles/RX_Vehicle.elf.dir/Drivers/STM32F1xx_HAL_Driver/Src/stm32f1xx_hal_tim_ex.c.obj
 .debug_frame   0x0000206c      0x4e8 CMakeFiles/RX_Vehicle.elf.dir/Drivers/STM32F1xx_HAL_Driver/Src/stm32f1xx_hal_uart.c.obj
 .debug_frame   0x00002554      0x154 CMakeFiles/RX_Vehicle.elf.dir/Hardware/NRF24L01/bsp_nrf24l01.c.obj
 .debug_frame   0x000026a8       0x28 CMakeFiles/RX_Vehicle.elf.dir/Hardware/motor/motor.c.obj
 .debug_frame   0x000026d0       0x28 CMakeFiles/RX_Vehicle.elf.dir/Hardware/robot_arm/robot_arm.c.obj
 .debug_frame   0x000026f8       0x58 CMakeFiles/RX_Vehicle.elf.dir/System/retarget/retarget.c.obj
 .debug_frame   0x00002750       0x20 d:/progra~1/stm32c~1/gcc-ar~1/bin/../lib/gcc/arm-none-eabi/9.3.1/../../../../arm-none-eabi/lib/thumb/v7-m/nofp\libg.a(lib_a-errno.o)
 .debug_frame   0x00002770       0x2c d:/progra~1/stm32c~1/gcc-ar~1/bin/../lib/gcc/arm-none-eabi/9.3.1/../../../../arm-none-eabi/lib/thumb/v7-m/nofp\libg.a(lib_a-init.o)
 .debug_frame   0x0000279c       0x38 d:/progra~1/stm32c~1/gcc-ar~1/bin/../lib/gcc/arm-none-eabi/9.3.1/../../../../arm-none-eabi/lib/thumb/v7-m/nofp\libg.a(lib_a-memset.o)
 .debug_frame   0x000027d4       0x4c d:/progra~1/stm32c~1/gcc-ar~1/bin/../lib/gcc/arm-none-eabi/9.3.1/../../../../arm-none-eabi/lib/thumb/v7-m/nofp\libg.a(lib_a-puts.o)
 .debug_frame   0x00002820       0x48 d:/progra~1/stm32c~1/gcc-ar~1/bin/../lib/gcc/arm-none-eabi/9.3.1/../../../../arm-none-eabi/lib/thumb/v7-m/nofp\libg.a(lib_a-setvbuf.o)
 .debug_frame   0x00002868       0x20 d:/progra~1/stm32c~1/gcc-ar~1/bin/../lib/gcc/arm-none-eabi/9.3.1/../../../../arm-none-eabi/lib/thumb/v7-m/nofp\libg.a(lib_a-strlen-stub.o)
 .debug_frame   0x00002888       0x5c d:/progra~1/stm32c~1/gcc-ar~1/bin/../lib/gcc/arm-none-eabi/9.3.1/../../../../arm-none-eabi/lib/thumb/v7-m/nofp\libg.a(lib_a-__call_atexit.o)
 .debug_frame   0x000028e4       0x20 d:/progra~1/stm32c~1/gcc-ar~1/bin/../lib/gcc/arm-none-eabi/9.3.1/../../../../arm-none-eabi/lib/thumb/v7-m/nofp\libg.a(lib_a-atexit.o)
 .debug_frame   0x00002904       0x5c d:/progra~1/stm32c~1/gcc-ar~1/bin/../lib/gcc/arm-none-eabi/9.3.1/../../../../arm-none-eabi/lib/thumb/v7-m/nofp\libg.a(lib_a-fflush.o)
 .debug_frame   0x00002960      0x154 d:/progra~1/stm32c~1/gcc-ar~1/bin/../lib/gcc/arm-none-eabi/9.3.1/../../../../arm-none-eabi/lib/thumb/v7-m/nofp\libg.a(lib_a-findfp.o)
 .debug_frame   0x00002ab4       0x34 d:/progra~1/stm32c~1/gcc-ar~1/bin/../lib/gcc/arm-none-eabi/9.3.1/../../../../arm-none-eabi/lib/thumb/v7-m/nofp\libg.a(lib_a-fini.o)
 .debug_frame   0x00002ae8       0x8c d:/progra~1/stm32c~1/gcc-ar~1/bin/../lib/gcc/arm-none-eabi/9.3.1/../../../../arm-none-eabi/lib/thumb/v7-m/nofp\libg.a(lib_a-freer.o)
 .debug_frame   0x00002b74       0x64 d:/progra~1/stm32c~1/gcc-ar~1/bin/../lib/gcc/arm-none-eabi/9.3.1/../../../../arm-none-eabi/lib/thumb/v7-m/nofp\libg.a(lib_a-fvwrite.o)
 .debug_frame   0x00002bd8       0x54 d:/progra~1/stm32c~1/gcc-ar~1/bin/../lib/gcc/arm-none-eabi/9.3.1/../../../../arm-none-eabi/lib/thumb/v7-m/nofp\libg.a(lib_a-fwalk.o)
 .debug_frame   0x00002c2c       0xb0 d:/progra~1/stm32c~1/gcc-ar~1/bin/../lib/gcc/arm-none-eabi/9.3.1/../../../../arm-none-eabi/lib/thumb/v7-m/nofp\libg.a(lib_a-lock.o)
 .debug_frame   0x00002cdc       0x6c d:/progra~1/stm32c~1/gcc-ar~1/bin/../lib/gcc/arm-none-eabi/9.3.1/../../../../arm-none-eabi/lib/thumb/v7-m/nofp\libg.a(lib_a-makebuf.o)
 .debug_frame   0x00002d48       0x30 d:/progra~1/stm32c~1/gcc-ar~1/bin/../lib/gcc/arm-none-eabi/9.3.1/../../../../arm-none-eabi/lib/thumb/v7-m/nofp\libg.a(lib_a-malloc.o)
 .debug_frame   0x00002d78       0x4c d:/progra~1/stm32c~1/gcc-ar~1/bin/../lib/gcc/arm-none-eabi/9.3.1/../../../../arm-none-eabi/lib/thumb/v7-m/nofp\libg.a(lib_a-mallocr.o)
 .debug_frame   0x00002dc4       0x44 d:/progra~1/stm32c~1/gcc-ar~1/bin/../lib/gcc/arm-none-eabi/9.3.1/../../../../arm-none-eabi/lib/thumb/v7-m/nofp\libg.a(lib_a-memchr-stub.o)
 .debug_frame   0x00002e08       0x40 d:/progra~1/stm32c~1/gcc-ar~1/bin/../lib/gcc/arm-none-eabi/9.3.1/../../../../arm-none-eabi/lib/thumb/v7-m/nofp\libg.a(lib_a-memmove.o)
 .debug_frame   0x00002e48       0x30 d:/progra~1/stm32c~1/gcc-ar~1/bin/../lib/gcc/arm-none-eabi/9.3.1/../../../../arm-none-eabi/lib/thumb/v7-m/nofp\libg.a(lib_a-mlock.o)
 .debug_frame   0x00002e78       0x48 d:/progra~1/stm32c~1/gcc-ar~1/bin/../lib/gcc/arm-none-eabi/9.3.1/../../../../arm-none-eabi/lib/thumb/v7-m/nofp\libg.a(lib_a-reallocr.o)
 .debug_frame   0x00002ec0       0x2c d:/progra~1/stm32c~1/gcc-ar~1/bin/../lib/gcc/arm-none-eabi/9.3.1/../../../../arm-none-eabi/lib/thumb/v7-m/nofp\libg.a(lib_a-sbrkr.o)
 .debug_frame   0x00002eec       0x8c d:/progra~1/stm32c~1/gcc-ar~1/bin/../lib/gcc/arm-none-eabi/9.3.1/../../../../arm-none-eabi/lib/thumb/v7-m/nofp\libg.a(lib_a-stdio.o)
 .debug_frame   0x00002f78       0x30 d:/progra~1/stm32c~1/gcc-ar~1/bin/../lib/gcc/arm-none-eabi/9.3.1/../../../../arm-none-eabi/lib/thumb/v7-m/nofp\libg.a(lib_a-writer.o)
 .debug_frame   0x00002fa8       0x2c d:/progra~1/stm32c~1/gcc-ar~1/bin/../lib/gcc/arm-none-eabi/9.3.1/../../../../arm-none-eabi/lib/thumb/v7-m/nofp\libg.a(lib_a-wsetup.o)
 .debug_frame   0x00002fd4       0x34 d:/progra~1/stm32c~1/gcc-ar~1/bin/../lib/gcc/arm-none-eabi/9.3.1/../../../../arm-none-eabi/lib/thumb/v7-m/nofp\libg.a(lib_a-__atexit.o)
 .debug_frame   0x00003008       0x2c d:/progra~1/stm32c~1/gcc-ar~1/bin/../lib/gcc/arm-none-eabi/9.3.1/../../../../arm-none-eabi/lib/thumb/v7-m/nofp\libg.a(lib_a-closer.o)
 .debug_frame   0x00003034       0x3c d:/progra~1/stm32c~1/gcc-ar~1/bin/../lib/gcc/arm-none-eabi/9.3.1/../../../../arm-none-eabi/lib/thumb/v7-m/nofp\libg.a(lib_a-fclose.o)
 .debug_frame   0x00003070       0x2c d:/progra~1/stm32c~1/gcc-ar~1/bin/../lib/gcc/arm-none-eabi/9.3.1/../../../../arm-none-eabi/lib/thumb/v7-m/nofp\libg.a(lib_a-fstatr.o)
 .debug_frame   0x0000309c       0x2c d:/progra~1/stm32c~1/gcc-ar~1/bin/../lib/gcc/arm-none-eabi/9.3.1/../../../../arm-none-eabi/lib/thumb/v7-m/nofp\libg.a(lib_a-isattyr.o)
 .debug_frame   0x000030c8       0x30 d:/progra~1/stm32c~1/gcc-ar~1/bin/../lib/gcc/arm-none-eabi/9.3.1/../../../../arm-none-eabi/lib/thumb/v7-m/nofp\libg.a(lib_a-lseekr.o)
 .debug_frame   0x000030f8       0x30 d:/progra~1/stm32c~1/gcc-ar~1/bin/../lib/gcc/arm-none-eabi/9.3.1/../../../../arm-none-eabi/lib/thumb/v7-m/nofp\libg.a(lib_a-readr.o)
 .debug_frame   0x00003128       0x60 d:/progra~1/stm32c~1/gcc-ar~1/bin/../lib/gcc/arm-none-eabi/9.3.1/../../../../arm-none-eabi/lib/thumb/v7-m/nofp\libg.a(lib_a-reent.o)

.debug_loc      0x00000000     0xbf73
 .debug_loc     0x00000000       0x84 CMakeFiles/RX_Vehicle.elf.dir/Core/Src/spi.c.obj
 .debug_loc     0x00000084       0x15 CMakeFiles/RX_Vehicle.elf.dir/Core/Src/stm32f1xx_hal_msp.c.obj
 .debug_loc     0x00000099      0x436 CMakeFiles/RX_Vehicle.elf.dir/Core/Src/syscalls.c.obj
 .debug_loc     0x000004cf       0xff CMakeFiles/RX_Vehicle.elf.dir/Core/Src/system_stm32f1xx.c.obj
 .debug_loc     0x000005ce       0xe6 CMakeFiles/RX_Vehicle.elf.dir/Core/Src/tim.c.obj
 .debug_loc     0x000006b4       0x84 CMakeFiles/RX_Vehicle.elf.dir/Core/Src/usart.c.obj
 .debug_loc     0x00000738      0x141 CMakeFiles/RX_Vehicle.elf.dir/Drivers/STM32F1xx_HAL_Driver/Src/stm32f1xx_hal.c.obj
 .debug_loc     0x00000879      0x71f CMakeFiles/RX_Vehicle.elf.dir/Drivers/STM32F1xx_HAL_Driver/Src/stm32f1xx_hal_cortex.c.obj
 .debug_loc     0x00000f98      0x7d1 CMakeFiles/RX_Vehicle.elf.dir/Drivers/STM32F1xx_HAL_Driver/Src/stm32f1xx_hal_dma.c.obj
 .debug_loc     0x00001769      0x468 CMakeFiles/RX_Vehicle.elf.dir/Drivers/STM32F1xx_HAL_Driver/Src/stm32f1xx_hal_gpio.c.obj
 .debug_loc     0x00001bd1      0x610 CMakeFiles/RX_Vehicle.elf.dir/Drivers/STM32F1xx_HAL_Driver/Src/stm32f1xx_hal_rcc.c.obj
 .debug_loc     0x000021e1     0x1d3e CMakeFiles/RX_Vehicle.elf.dir/Drivers/STM32F1xx_HAL_Driver/Src/stm32f1xx_hal_spi.c.obj
 .debug_loc     0x00003f1f     0x4784 CMakeFiles/RX_Vehicle.elf.dir/Drivers/STM32F1xx_HAL_Driver/Src/stm32f1xx_hal_tim.c.obj
 .debug_loc     0x000086a3     0x1a75 CMakeFiles/RX_Vehicle.elf.dir/Drivers/STM32F1xx_HAL_Driver/Src/stm32f1xx_hal_tim_ex.c.obj
 .debug_loc     0x0000a118     0x1951 CMakeFiles/RX_Vehicle.elf.dir/Drivers/STM32F1xx_HAL_Driver/Src/stm32f1xx_hal_uart.c.obj
 .debug_loc     0x0000ba69      0x2f8 CMakeFiles/RX_Vehicle.elf.dir/Hardware/NRF24L01/bsp_nrf24l01.c.obj
 .debug_loc     0x0000bd61      0x212 CMakeFiles/RX_Vehicle.elf.dir/System/retarget/retarget.c.obj
