Archive member included to satisfy reference by file (symbol)

d:/progra~1/stm32c~1/gcc-ar~1/bin/../lib/gcc/arm-none-eabi/9.3.1/../../../../arm-none-eabi/lib/thumb/v7-m/nofp\libg.a(lib_a-errno.o)
                              CMakeFiles/TX_Remote_Control.elf.dir/Core/Src/syscalls.c.obj (__errno)
d:/progra~1/stm32c~1/gcc-ar~1/bin/../lib/gcc/arm-none-eabi/9.3.1/../../../../arm-none-eabi/lib/thumb/v7-m/nofp\libg.a(lib_a-exit.o)
                              d:/progra~1/stm32c~1/gcc-ar~1/bin/../lib/gcc/arm-none-eabi/9.3.1/../../../../arm-none-eabi/lib/thumb/v7-m/nofp/crt0.o (exit)
d:/progra~1/stm32c~1/gcc-ar~1/bin/../lib/gcc/arm-none-eabi/9.3.1/../../../../arm-none-eabi/lib/thumb/v7-m/nofp\libg.a(lib_a-impure.o)
                              d:/progra~1/stm32c~1/gcc-ar~1/bin/../lib/gcc/arm-none-eabi/9.3.1/../../../../arm-none-eabi/lib/thumb/v7-m/nofp\libg.a(lib_a-exit.o) (_global_impure_ptr)
d:/progra~1/stm32c~1/gcc-ar~1/bin/../lib/gcc/arm-none-eabi/9.3.1/../../../../arm-none-eabi/lib/thumb/v7-m/nofp\libg.a(lib_a-init.o)
                              d:/progra~1/stm32c~1/gcc-ar~1/bin/../lib/gcc/arm-none-eabi/9.3.1/../../../../arm-none-eabi/lib/thumb/v7-m/nofp/crt0.o (__libc_init_array)
d:/progra~1/stm32c~1/gcc-ar~1/bin/../lib/gcc/arm-none-eabi/9.3.1/../../../../arm-none-eabi/lib/thumb/v7-m/nofp\libg.a(lib_a-memset.o)
                              d:/progra~1/stm32c~1/gcc-ar~1/bin/../lib/gcc/arm-none-eabi/9.3.1/../../../../arm-none-eabi/lib/thumb/v7-m/nofp/crt0.o (memset)
d:/progra~1/stm32c~1/gcc-ar~1/bin/../lib/gcc/arm-none-eabi/9.3.1/../../../../arm-none-eabi/lib/thumb/v7-m/nofp\libg.a(lib_a-printf.o)
                              CMakeFiles/TX_Remote_Control.elf.dir/Hardware/serial/serial.c.obj (printf)
d:/progra~1/stm32c~1/gcc-ar~1/bin/../lib/gcc/arm-none-eabi/9.3.1/../../../../arm-none-eabi/lib/thumb/v7-m/nofp\libg.a(lib_a-puts.o)
                              CMakeFiles/TX_Remote_Control.elf.dir/Core/Src/main.c.obj (puts)
d:/progra~1/stm32c~1/gcc-ar~1/bin/../lib/gcc/arm-none-eabi/9.3.1/../../../../arm-none-eabi/lib/thumb/v7-m/nofp\libg.a(lib_a-setvbuf.o)
                              CMakeFiles/TX_Remote_Control.elf.dir/System/retarget/retarget.c.obj (setvbuf)
d:/progra~1/stm32c~1/gcc-ar~1/bin/../lib/gcc/arm-none-eabi/9.3.1/../../../../arm-none-eabi/lib/thumb/v7-m/nofp\libg.a(lib_a-strcmp.o)
                              CMakeFiles/TX_Remote_Control.elf.dir/Hardware/serial/serial.c.obj (strcmp)
d:/progra~1/stm32c~1/gcc-ar~1/bin/../lib/gcc/arm-none-eabi/9.3.1/../../../../arm-none-eabi/lib/thumb/v7-m/nofp\libg.a(lib_a-strlen-stub.o)
                              d:/progra~1/stm32c~1/gcc-ar~1/bin/../lib/gcc/arm-none-eabi/9.3.1/../../../../arm-none-eabi/lib/thumb/v7-m/nofp\libg.a(lib_a-puts.o) (strlen)
d:/progra~1/stm32c~1/gcc-ar~1/bin/../lib/gcc/arm-none-eabi/9.3.1/../../../../arm-none-eabi/lib/thumb/v7-m/nofp\libg.a(lib_a-vfprintf.o)
                              d:/progra~1/stm32c~1/gcc-ar~1/bin/../lib/gcc/arm-none-eabi/9.3.1/../../../../arm-none-eabi/lib/thumb/v7-m/nofp\libg.a(lib_a-printf.o) (_vfprintf_r)
d:/progra~1/stm32c~1/gcc-ar~1/bin/../lib/gcc/arm-none-eabi/9.3.1/../../../../arm-none-eabi/lib/thumb/v7-m/nofp\libg.a(lib_a-wsetup.o)
                              d:/progra~1/stm32c~1/gcc-ar~1/bin/../lib/gcc/arm-none-eabi/9.3.1/../../../../arm-none-eabi/lib/thumb/v7-m/nofp\libg.a(lib_a-vfprintf.o) (__swsetup_r)
d:/progra~1/stm32c~1/gcc-ar~1/bin/../lib/gcc/arm-none-eabi/9.3.1/../../../../arm-none-eabi/lib/thumb/v7-m/nofp\libg.a(lib_a-__call_atexit.o)
                              d:/progra~1/stm32c~1/gcc-ar~1/bin/../lib/gcc/arm-none-eabi/9.3.1/../../../../arm-none-eabi/lib/thumb/v7-m/nofp\libg.a(lib_a-exit.o) (__call_exitprocs)
d:/progra~1/stm32c~1/gcc-ar~1/bin/../lib/gcc/arm-none-eabi/9.3.1/../../../../arm-none-eabi/lib/thumb/v7-m/nofp\libg.a(lib_a-atexit.o)
                              d:/progra~1/stm32c~1/gcc-ar~1/bin/../lib/gcc/arm-none-eabi/9.3.1/../../../../arm-none-eabi/lib/thumb/v7-m/nofp\libg.a(lib_a-__call_atexit.o) (atexit)
d:/progra~1/stm32c~1/gcc-ar~1/bin/../lib/gcc/arm-none-eabi/9.3.1/../../../../arm-none-eabi/lib/thumb/v7-m/nofp\libg.a(lib_a-dtoa.o)
                              d:/progra~1/stm32c~1/gcc-ar~1/bin/../lib/gcc/arm-none-eabi/9.3.1/../../../../arm-none-eabi/lib/thumb/v7-m/nofp\libg.a(lib_a-vfprintf.o) (_dtoa_r)
d:/progra~1/stm32c~1/gcc-ar~1/bin/../lib/gcc/arm-none-eabi/9.3.1/../../../../arm-none-eabi/lib/thumb/v7-m/nofp\libg.a(lib_a-fflush.o)
                              d:/progra~1/stm32c~1/gcc-ar~1/bin/../lib/gcc/arm-none-eabi/9.3.1/../../../../arm-none-eabi/lib/thumb/v7-m/nofp\libg.a(lib_a-setvbuf.o) (_fflush_r)
d:/progra~1/stm32c~1/gcc-ar~1/bin/../lib/gcc/arm-none-eabi/9.3.1/../../../../arm-none-eabi/lib/thumb/v7-m/nofp\libg.a(lib_a-findfp.o)
                              d:/progra~1/stm32c~1/gcc-ar~1/bin/../lib/gcc/arm-none-eabi/9.3.1/../../../../arm-none-eabi/lib/thumb/v7-m/nofp\libg.a(lib_a-puts.o) (__sinit)
[...]
Memory Configuration

Name             Origin             Length             Attributes
RAM              0x20000000         0x00005000         xrw
FLASH            0x08000000         0x00010000         xr
*default*        0x00000000         0xffffffff

Linker script and memory map

LOAD d:/progra~1/stm32c~1/gcc-ar~1/bin/../lib/gcc/arm-none-eabi/9.3.1/thumb/v7-m/nofp/crti.o
LOAD d:/progra~1/stm32c~1/gcc-ar~1/bin/../lib/gcc/arm-none-eabi/9.3.1/thumb/v7-m/nofp/crtbegin.o
LOAD d:/progra~1/stm32c~1/gcc-ar~1/bin/../lib/gcc/arm-none-eabi/9.3.1/../../../../arm-none-eabi/lib/thumb/v7-m/nofp/crt0.o
LOAD CMakeFiles/TX_Remote_Control.elf.dir/Core/Src/adc.c.obj
LOAD CMakeFiles/TX_Remote_Control.elf.dir/Core/Src/dma.c.obj
LOAD CMakeFiles/TX_Remote_Control.elf.dir/Core/Src/gpio.c.obj
LOAD CMakeFiles/TX_Remote_Control.elf.dir/Core/Src/main.c.obj
LOAD CMakeFiles/TX_Remote_Control.elf.dir/Core/Src/spi.c.obj
LOAD CMakeFiles/TX_Remote_Control.elf.dir/Core/Src/stm32f1xx_hal_msp.c.obj
LOAD CMakeFiles/TX_Remote_Control.elf.dir/Core/Src/stm32f1xx_it.c.obj
LOAD CMakeFiles/TX_Remote_Control.elf.dir/Core/Src/syscalls.c.obj
LOAD CMakeFiles/TX_Remote_Control.elf.dir/Core/Src/system_stm32f1xx.c.obj
LOAD CMakeFiles/TX_Remote_Control.elf.dir/Core/Src/usart.c.obj
LOAD CMakeFiles/TX_Remote_Control.elf.dir/Drivers/STM32F1xx_HAL_Driver/Src/stm32f1xx_hal.c.obj
LOAD CMakeFiles/TX_Remote_Control.elf.dir/Drivers/STM32F1xx_HAL_Driver/Src/stm32f1xx_hal_adc.c.obj
LOAD CMakeFiles/TX_Remote_Control.elf.dir/Drivers/STM32F1xx_HAL_Driver/Src/stm32f1xx_hal_adc_ex.c.obj
LOAD CMakeFiles/TX_Remote_Control.elf.dir/Drivers/STM32F1xx_HAL_Driver/Src/stm32f1xx_hal_cortex.c.obj
LOAD CMakeFiles/TX_Remote_Control.elf.dir/Drivers/STM32F1xx_HAL_Driver/Src/stm32f1xx_hal_dma.c.obj
LOAD CMakeFiles/TX_Remote_Control.elf.dir/Drivers/STM32F1xx_HAL_Driver/Src/stm32f1xx_hal_exti.c.obj
LOAD CMakeFiles/TX_Remote_Control.elf.dir/Drivers/STM32F1xx_HAL_Driver/Src/stm32f1xx_hal_flash.c.obj
LOAD CMakeFiles/TX_Remote_Control.elf.dir/Drivers/STM32F1xx_HAL_Driver/Src/stm32f1xx_hal_flash_ex.c.obj
LOAD CMakeFiles/TX_Remote_Control.elf.dir/Drivers/STM32F1xx_HAL_Driver/Src/stm32f1xx_hal_gpio.c.obj
LOAD CMakeFiles/TX_Remote_Control.elf.dir/Drivers/STM32F1xx_HAL_Driver/Src/stm32f1xx_hal_gpio_ex.c.obj
LOAD CMakeFiles/TX_Remote_Control.elf.dir/Drivers/STM32F1xx_HAL_Driver/Src/stm32f1xx_hal_pwr.c.obj
LOAD CMakeFiles/TX_Remote_Control.elf.dir/Drivers/STM32F1xx_HAL_Driver/Src/stm32f1xx_hal_rcc.c.obj
LOAD CMakeFiles/TX_Remote_Control.elf.dir/Drivers/STM32F1xx_HAL_Driver/Src/stm32f1xx_hal_rcc_ex.c.obj
LOAD CMakeFiles/TX_Remote_Control.elf.dir/Drivers/STM32F1xx_HAL_Driver/Src/stm32f1xx_hal_spi.c.obj
LOAD CMakeFiles/TX_Remote_Control.elf.dir/Drivers/STM32F1xx_HAL_Driver/Src/stm32f1xx_hal_tim.c.obj
LOAD CMakeFiles/TX_Remote_Control.elf.dir/Drivers/STM32F1xx_HAL_Driver/Src/stm32f1xx_hal_tim_ex.c.obj
LOAD CMakeFiles/TX_Remote_Control.elf.dir/Drivers/STM32F1xx_HAL_Driver/Src/stm32f1xx_hal_uart.c.obj
LOAD CMakeFiles/TX_Remote_Control.elf.dir/Hardware/NRF24L01/bsp_nrf24l01.c.obj
LOAD CMakeFiles/TX_Remote_Control.elf.dir/Hardware/serial/serial.c.obj
LOAD CMakeFiles/TX_Remote_Control.elf.dir/System/delay/delay.c.obj
LOAD CMakeFiles/TX_Remote_Control.elf.dir/System/retarget/retarget.c.obj
LOAD CMakeFiles/TX_Remote_Control.elf.dir/startup/startup_stm32f103xb.s.obj
START GROUP
LOAD d:/progra~1/stm32c~1/gcc-ar~1/bin/../lib/gcc/arm-none-eabi/9.3.1/thumb/v7-m/nofp\libgcc.a
LOAD d:/progra~1/stm32c~1/gcc-ar~1/bin/../lib/gcc/arm-none-eabi/9.3.1/../../../../arm-none-eabi/lib/thumb/v7-m/nofp\libg.a
LOAD d:/progra~1/stm32c~1/gcc-ar~1/bin/../lib/gcc/arm-none-eabi/9.3.1/../../../../arm-none-eabi/lib/thumb/v7-m/nofp\libc.a
END GROUP
LOAD d:/progra~1/stm32c~1/gcc-ar~1/bin/../lib/gcc/arm-none-eabi/9.3.1/thumb/v7-m/nofp/crtend.o
LOAD d:/progra~1/stm32c~1/gcc-ar~1/bin/../lib/gcc/arm-none-eabi/9.3.1/thumb/v7-m/nofp/crtn.o
                0x20005000                _estack = 0x20005000
                0x00000200                _Min_Heap_Size = 0x200
                0x00000400                _Min_Stack_Size = 0x400

.isr_vector     0x08000000      0x10c
                0x08000000                . = ALIGN (0x4)
 *(.isr_vector)
 .isr_vector    0x08000000      0x10c CMakeFiles/TX_Remote_Control.elf.dir/startup/startup_stm32f103xb.s.obj
                0x08000000                g_pfnVectors
                0x0800010c                . = ALIGN (0x4)

.text           0x0800010c     0x48fc
                0x0800010c                . = ALIGN (0x4)
 *(.text)
 .text          0x0800010c       0x40 d:/progra~1/stm32c~1/gcc-ar~1/bin/../lib/gcc/arm-none-eabi/9.3.1/thumb/v7-m/nofp/crtbegin.o
 .text          0x0800014c       0xec d:/progra~1/stm32c~1/gcc-ar~1/bin/../lib/gcc/arm-none-eabi/9.3.1/../../../../arm-none-eabi/lib/thumb/v7-m/nofp\libg.a(lib_a-memcpy.o)
                0x0800014c                memcpy
 *(.text*)
 .text.MX_ADC1_Init
                0x08000238       0xac CMakeFiles/TX_Remote_Control.elf.dir/Core/Src/adc.c.obj
                0x08000238                MX_ADC1_Init
 .text.HAL_ADC_MspInit
                0x080002e4       0xd0 CMakeFiles/TX_Remote_Control.elf.dir/Core/Src/adc.c.obj
                0x080002e4                HAL_ADC_MspInit
 .text.MX_DMA_Init
                0x080003b4       0x20 CMakeFiles/TX_Remote_Control.elf.dir/Core/Src/dma.c.obj
                0x080003b4                MX_DMA_Init
 .text.MX_GPIO_Init
                0x080003d4       0xb4 CMakeFiles/TX_Remote_Control.elf.dir/Core/Src/gpio.c.obj
                0x080003d4                MX_GPIO_Init
 .text.Key_Scan
                0x08000488       0x3a CMakeFiles/TX_Remote_Control.elf.dir/Core/Src/gpio.c.obj
                0x08000488                Key_Scan
 .text.Error_Handler
                0x080004c2        0x4 CMakeFiles/TX_Remote_Control.elf.dir/Core/Src/main.c.obj
                0x080004c2                Error_Handler
 .text.SystemClock_Config
                0x080004c6       0x7a CMakeFiles/TX_Remote_Control.elf.dir/Core/Src/main.c.obj
                0x080004c6                SystemClock_Config
 .text.main     0x08000540      0x20c CMakeFiles/TX_Remote_Control.elf.dir/Core/Src/main.c.obj
                0x08000540                main
 .text.HAL_SPI_MspInit
                0x0800074c       0x74 CMakeFiles/TX_Remote_Control.elf.dir/Core/Src/spi.c.obj
                0x0800074c                HAL_SPI_MspInit
 .text.HAL_MspInit
                0x080007c0       0x4c CMakeFiles/TX_Remote_Control.elf.dir/Core/Src/stm32f1xx_hal_msp.c.obj
                0x080007c0                HAL_MspInit
 .text.NMI_Handler
                0x0800080c        0x2 CMakeFiles/TX_Remote_Control.elf.dir/Core/Src/stm32f1xx_it.c.obj
                0x0800080c                NMI_Handler
 .text.HardFault_Handler
                0x0800080e        0x2 CMakeFiles/TX_Remote_Control.elf.dir/Core/Src/stm32f1xx_it.c.obj
                0x0800080e                HardFault_Handler
 .text.MemManage_Handler
                0x08000810        0x2 CMakeFiles/TX_Remote_Control.elf.dir/Core/Src/stm32f1xx_it.c.obj
                0x08000810                MemManage_Handler
 .text.BusFault_Handler
                0x08000812        0x2 CMakeFiles/TX_Remote_Control.elf.dir/Core/Src/stm32f1xx_it.c.obj
                0x08000812                BusFault_Handler
 .text.UsageFault_Handler
                0x08000814        0x2 CMakeFiles/TX_Remote_Control.elf.dir/Core/Src/stm32f1xx_it.c.obj
                0x08000814                UsageFault_Handler
 .text.SVC_Handler
                0x08000816        0x2 CMakeFiles/TX_Remote_Control.elf.dir/Core/Src/stm32f1xx_it.c.obj
                0x08000816                SVC_Handler
 .text.DebugMon_Handler
                0x08000818        0x2 CMakeFiles/TX_Remote_Control.elf.dir/Core/Src/stm32f1xx_it.c.obj
                0x08000818                DebugMon_Handler
 .text.PendSV_Handler
                0x0800081a        0x2 CMakeFiles/TX_Remote_Control.elf.dir/Core/Src/stm32f1xx_it.c.obj
                0x0800081a                PendSV_Handler
 .text.SysTick_Handler
                0x0800081c        0x8 CMakeFiles/TX_Remote_Control.elf.dir/Core/Src/stm32f1xx_it.c.obj
                0x0800081c                SysTick_Handler
 .text.DMA1_Channel1_IRQHandler
                0x08000824       0x10 CMakeFiles/TX_Remote_Control.elf.dir/Core/Src/stm32f1xx_it.c.obj
                0x08000824                DMA1_Channel1_IRQHandler
 .text.ADC1_2_IRQHandler
                0x08000834       0x10 CMakeFiles/TX_Remote_Control.elf.dir/Core/Src/stm32f1xx_it.c.obj
                0x08000834                ADC1_2_IRQHandler
 .text.USART1_IRQHandler
                0x08000844       0xb4 CMakeFiles/TX_Remote_Control.elf.dir/Core/Src/stm32f1xx_it.c.obj
                0x08000844                USART1_IRQHandler
 .text._sbrk    0x080008f8       0x3c CMakeFiles/TX_Remote_Control.elf.dir/Core/Src/syscalls.c.obj
                0x080008f8                _sbrk
 .text._close   0x08000934        0x6 CMakeFiles/TX_Remote_Control.elf.dir/Core/Src/syscalls.c.obj
                0x08000934                _close
 .text._fstat   0x0800093a        0xa CMakeFiles/TX_Remote_Control.elf.dir/Core/Src/syscalls.c.obj
                0x0800093a                _fstat
 .text._isatty  0x08000944        0x4 CMakeFiles/TX_Remote_Control.elf.dir/Core/Src/syscalls.c.obj
                0x08000944                _isatty
 .text._lseek   0x08000948        0x4 CMakeFiles/TX_Remote_Control.elf.dir/Core/Src/syscalls.c.obj
                0x08000948                _lseek
 .text.SystemInit
                0x0800094c        0x2 CMakeFiles/TX_Remote_Control.elf.dir/Core/Src/system_stm32f1xx.c.obj
                0x0800094c                SystemInit
 *fill*         0x0800094e        0x2 
 .text.MX_USART1_UART_Init
                0x08000950       0x34 CMakeFiles/TX_Remote_Control.elf.dir/Core/Src/usart.c.obj
                0x08000950                MX_USART1_UART_Init
 .text.HAL_UART_MspInit
                0x08000984       0x88 CMakeFiles/TX_Remote_Control.elf.dir/Core/Src/usart.c.obj
                0x08000984                HAL_UART_MspInit
 .text.Usart_SendByte
                0x08000a0c       0x24 CMakeFiles/TX_Remote_Control.elf.dir/Core/Src/usart.c.obj
                0x08000a0c                Usart_SendByte
 .text.HAL_InitTick
                0x08000a30       0x4c CMakeFiles/TX_Remote_Control.elf.dir/Drivers/STM32F1xx_HAL_Driver/Src/stm32f1xx_hal.c.obj
                0x08000a30                HAL_InitTick
 .text.HAL_Init
                0x08000a7c       0x24 CMakeFiles/TX_Remote_Control.elf.dir/Drivers/STM32F1xx_HAL_Driver/Src/stm32f1xx_hal.c.obj
                0x08000a7c                HAL_Init
 .text.HAL_IncTick
                0x08000aa0       0x18 CMakeFiles/TX_Remote_Control.elf.dir/Drivers/STM32F1xx_HAL_Driver/Src/stm32f1xx_hal.c.obj
                0x08000aa0                HAL_IncTick
 .text.HAL_GetTick
                0x08000ab8        0xc CMakeFiles/TX_Remote_Control.elf.dir/Drivers/STM32F1xx_HAL_Driver/Src/stm32f1xx_hal.c.obj
                0x08000ab8                HAL_GetTick
 .text.HAL_ADC_ConvCpltCallback
                0x08000ac4        0x2 CMakeFiles/TX_Remote_Control.elf.dir/Drivers/STM32F1xx_HAL_Driver/Src/stm32f1xx_hal_adc.c.obj
                0x08000ac4                HAL_ADC_ConvCpltCallback
 .text.ADC_DMAConvCplt
                0x08000ac6       0x52 CMakeFiles/TX_Remote_Control.elf.dir/Drivers/STM32F1xx_HAL_Driver/Src/stm32f1xx_hal_adc.c.obj
                0x08000ac6                ADC_DMAConvCplt
 .text.HAL_ADC_ConvHalfCpltCallback
                0x08000b18        0x2 CMakeFiles/TX_Remote_Control.elf.dir/Drivers/STM32F1xx_HAL_Driver/Src/stm32f1xx_hal_adc.c.obj
                0x08000b18                HAL_ADC_ConvHalfCpltCallback
 .text.ADC_DMAHalfConvCplt
                0x08000b1a        0xa CMakeFiles/TX_Remote_Control.elf.dir/Drivers/STM32F1xx_HAL_Driver/Src/stm32f1xx_hal_adc.c.obj
                0x08000b1a                ADC_DMAHalfConvCplt
 .text.HAL_ADC_LevelOutOfWindowCallback
                0x08000b24        0x2 CMakeFiles/TX_Remote_Control.elf.dir/Drivers/STM32F1xx_HAL_Driver/Src/stm32f1xx_hal_adc.c.obj
                0x08000b24                HAL_ADC_LevelOutOfWindowCallback
 .text.HAL_ADC_IRQHandler
                0x08000b26      0x10c CMakeFiles/TX_Remote_Control.elf.dir/Drivers/STM32F1xx_HAL_Driver/Src/stm32f1xx_hal_adc.c.obj
                0x08000b26                HAL_ADC_IRQHandler
 .text.HAL_ADC_ErrorCallback
                0x08000c32        0x2 CMakeFiles/TX_Remote_Control.elf.dir/Drivers/STM32F1xx_HAL_Driver/Src/stm32f1xx_hal_adc.c.obj
                0x08000c32                HAL_ADC_ErrorCallback
 .text.ADC_DMAError
                0x08000c34       0x1a CMakeFiles/TX_Remote_Control.elf.dir/Drivers/STM32F1xx_HAL_Driver/Src/stm32f1xx_hal_adc.c.obj
                0x08000c34                ADC_DMAError
 *fill*         0x08000c4e        0x2 
 .text.HAL_ADC_ConfigChannel
                0x08000c50      0x138 CMakeFiles/TX_Remote_Control.elf.dir/Drivers/STM32F1xx_HAL_Driver/Src/stm32f1xx_hal_adc.c.obj
                0x08000c50                HAL_ADC_ConfigChannel
 .text.ADC_Enable
                0x08000d88       0x7c CMakeFiles/TX_Remote_Control.elf.dir/Drivers/STM32F1xx_HAL_Driver/Src/stm32f1xx_hal_adc.c.obj
                0x08000d88                ADC_Enable
 .text.HAL_ADC_Start_DMA
                0x08000e04      0x130 CMakeFiles/TX_Remote_Control.elf.dir/Drivers/STM32F1xx_HAL_Driver/Src/stm32f1xx_hal_adc.c.obj
                0x08000e04                HAL_ADC_Start_DMA
 .text.ADC_ConversionStop_Disable
                0x08000f34       0x4c CMakeFiles/TX_Remote_Control.elf.dir/Drivers/STM32F1xx_HAL_Driver/Src/stm32f1xx_hal_adc.c.obj
                0x08000f34                ADC_ConversionStop_Disable
 .text.HAL_ADC_Init
                0x08000f80      0x108 CMakeFiles/TX_Remote_Control.elf.dir/Drivers/STM32F1xx_HAL_Driver/Src/stm32f1xx_hal_adc.c.obj
                0x08000f80                HAL_ADC_Init
 .text.HAL_ADCEx_Calibration_Start
                0x08001088       0xe8 CMakeFiles/TX_Remote_Control.elf.dir/Drivers/STM32F1xx_HAL_Driver/Src/stm32f1xx_hal_adc_ex.c.obj
                0x08001088                HAL_ADCEx_Calibration_Start
 .text.HAL_ADCEx_InjectedConvCpltCallback
                0x08001170        0x2 CMakeFiles/TX_Remote_Control.elf.dir/Drivers/STM32F1xx_HAL_Driver/Src/stm32f1xx_hal_adc_ex.c.obj
                0x08001170                HAL_ADCEx_InjectedConvCpltCallback
 *fill*         0x08001172        0x2 
 .text.HAL_NVIC_SetPriorityGrouping
                0x08001174       0x24 CMakeFiles/TX_Remote_Control.elf.dir/Drivers/STM32F1xx_HAL_Driver/Src/stm32f1xx_hal_cortex.c.obj
                0x08001174                HAL_NVIC_SetPriorityGrouping
 .text.HAL_NVIC_SetPriority
                0x08001198       0x68 CMakeFiles/TX_Remote_Control.elf.dir/Drivers/STM32F1xx_HAL_Driver/Src/stm32f1xx_hal_cortex.c.obj
                0x08001198                HAL_NVIC_SetPriority
 .text.HAL_NVIC_EnableIRQ
                0x08001200       0x1c CMakeFiles/TX_Remote_Control.elf.dir/Drivers/STM32F1xx_HAL_Driver/Src/stm32f1xx_hal_cortex.c.obj
                0x08001200                HAL_NVIC_EnableIRQ
 .text.HAL_SYSTICK_Config
                0x0800121c       0x2c CMakeFiles/TX_Remote_Control.elf.dir/Drivers/STM32F1xx_HAL_Driver/Src/stm32f1xx_hal_cortex.c.obj
                0x0800121c                HAL_SYSTICK_Config
 .text.DMA_SetConfig
                0x08001248       0x2c CMakeFiles/TX_Remote_Control.elf.dir/Drivers/STM32F1xx_HAL_Driver/Src/stm32f1xx_hal_dma.c.obj
 .text.HAL_DMA_Init
                0x08001274       0x6c CMakeFiles/TX_Remote_Control.elf.dir/Drivers/STM32F1xx_HAL_Driver/Src/stm32f1xx_hal_dma.c.obj
                0x08001274                HAL_DMA_Init
 .text.HAL_DMA_Start_IT
                0x080012e0       0x74 CMakeFiles/TX_Remote_Control.elf.dir/Drivers/STM32F1xx_HAL_Driver/Src/stm32f1xx_hal_dma.c.obj
                0x080012e0                HAL_DMA_Start_IT
 .text.HAL_DMA_Abort_IT
                0x08001354       0x98 CMakeFiles/TX_Remote_Control.elf.dir/Drivers/STM32F1xx_HAL_Driver/Src/stm32f1xx_hal_dma.c.obj
                0x08001354                HAL_DMA_Abort_IT
 .text.HAL_DMA_IRQHandler
                0x080013ec      0x144 CMakeFiles/TX_Remote_Control.elf.dir/Drivers/STM32F1xx_HAL_Driver/Src/stm32f1xx_hal_dma.c.obj
                0x080013ec                HAL_DMA_IRQHandler
 .text.HAL_GPIO_Init
                0x08001530      0x220 CMakeFiles/TX_Remote_Control.elf.dir/Drivers/STM32F1xx_HAL_Driver/Src/stm32f1xx_hal_gpio.c.obj
                0x08001530                HAL_GPIO_Init
 .text.HAL_GPIO_ReadPin
                0x08001750        0xe CMakeFiles/TX_Remote_Control.elf.dir/Drivers/STM32F1xx_HAL_Driver/Src/stm32f1xx_hal_gpio.c.obj
                0x08001750                HAL_GPIO_ReadPin
 .text.HAL_GPIO_WritePin
                0x0800175e        0xc CMakeFiles/TX_Remote_Control.elf.dir/Drivers/STM32F1xx_HAL_Driver/Src/stm32f1xx_hal_gpio.c.obj
                0x0800175e                HAL_GPIO_WritePin
 *fill*         0x0800176a        0x2 
 .text.RCC_Delay
                0x0800176c       0x2c CMakeFiles/TX_Remote_Control.elf.dir/Drivers/STM32F1xx_HAL_Driver/Src/stm32f1xx_hal_rcc.c.obj
 .text.HAL_RCC_OscConfig
                0x08001798      0x410 CMakeFiles/TX_Remote_Control.elf.dir/Drivers/STM32F1xx_HAL_Driver/Src/stm32f1xx_hal_rcc.c.obj
                0x08001798                HAL_RCC_OscConfig
 .text.HAL_RCC_GetSysClockFreq
                0x08001ba8       0x6c CMakeFiles/TX_Remote_Control.elf.dir/Drivers/STM32F1xx_HAL_Driver/Src/stm32f1xx_hal_rcc.c.obj
                0x08001ba8                HAL_RCC_GetSysClockFreq
 .text.HAL_RCC_ClockConfig
                0x08001c14      0x16c CMakeFiles/TX_Remote_Control.elf.dir/Drivers/STM32F1xx_HAL_Driver/Src/stm32f1xx_hal_rcc.c.obj
                0x08001c14                HAL_RCC_ClockConfig
 .text.HAL_RCC_GetHCLKFreq
                0x08001d80        0xc CMakeFiles/TX_Remote_Control.elf.dir/Drivers/STM32F1xx_HAL_Driver/Src/stm32f1xx_hal_rcc.c.obj
                0x08001d80                HAL_RCC_GetHCLKFreq
 .text.HAL_RCC_GetPCLK1Freq
                0x08001d8c       0x20 CMakeFiles/TX_Remote_Control.elf.dir/Drivers/STM32F1xx_HAL_Driver/Src/stm32f1xx_hal_rcc.c.obj
                0x08001d8c                HAL_RCC_GetPCLK1Freq
 .text.HAL_RCC_GetPCLK2Freq
                0x08001dac       0x20 CMakeFiles/TX_Remote_Control.elf.dir/Drivers/STM32F1xx_HAL_Driver/Src/stm32f1xx_hal_rcc.c.obj
                0x08001dac                HAL_RCC_GetPCLK2Freq
 .text.HAL_RCCEx_PeriphCLKConfig
                0x08001dcc      0x114 CMakeFiles/TX_Remote_Control.elf.dir/Drivers/STM32F1xx_HAL_Driver/Src/stm32f1xx_hal_rcc_ex.c.obj
                0x08001dcc                HAL_RCCEx_PeriphCLKConfig
 .text.HAL_RCCEx_GetPeriphCLKFreq
                0x08001ee0       0xf4 CMakeFiles/TX_Remote_Control.elf.dir/Drivers/STM32F1xx_HAL_Driver/Src/stm32f1xx_hal_rcc_ex.c.obj
                0x08001ee0                HAL_RCCEx_GetPeriphCLKFreq
 .text.SPI_WaitFlagStateUntilTimeout
                0x08001fd4       0xd0 CMakeFiles/TX_Remote_Control.elf.dir/Drivers/STM32F1xx_HAL_Driver/Src/stm32f1xx_hal_spi.c.obj
 .text.SPI_EndRxTxTransaction
                0x080020a4       0x24 CMakeFiles/TX_Remote_Control.elf.dir/Drivers/STM32F1xx_HAL_Driver/Src/stm32f1xx_hal_spi.c.obj
 .text.HAL_SPI_Init
                0x080020c8       0xb6 CMakeFiles/TX_Remote_Control.elf.dir/Drivers/STM32F1xx_HAL_Driver/Src/stm32f1xx_hal_spi.c.obj
                0x080020c8                HAL_SPI_Init
 .text.HAL_SPI_TransmitReceive
                0x0800217e      0x238 CMakeFiles/TX_Remote_Control.elf.dir/Drivers/STM32F1xx_HAL_Driver/Src/stm32f1xx_hal_spi.c.obj
                0x0800217e                HAL_SPI_TransmitReceive
 .text.UART_EndRxTransfer
                0x080023b6       0x1c CMakeFiles/TX_Remote_Control.elf.dir/Drivers/STM32F1xx_HAL_Driver/Src/stm32f1xx_hal_uart.c.obj
 .text.UART_Transmit_IT
                0x080023d2       0x60 CMakeFiles/TX_Remote_Control.elf.dir/Drivers/STM32F1xx_HAL_Driver/Src/stm32f1xx_hal_uart.c.obj
 *fill*         0x08002432        0x2 
 .text.UART_SetConfig
                0x08002434       0x90 CMakeFiles/TX_Remote_Control.elf.dir/Drivers/STM32F1xx_HAL_Driver/Src/stm32f1xx_hal_uart.c.obj
 .text.UART_WaitOnFlagUntilTimeout
                0x080024c4       0x68 CMakeFiles/TX_Remote_Control.elf.dir/Drivers/STM32F1xx_HAL_Driver/Src/stm32f1xx_hal_uart.c.obj
 .text.HAL_UART_Init
                0x0800252c       0x5e CMakeFiles/TX_Remote_Control.elf.dir/Drivers/STM32F1xx_HAL_Driver/Src/stm32f1xx_hal_uart.c.obj
                0x0800252c                HAL_UART_Init
 .text.HAL_UART_Transmit
                0x0800258a       0xd8 CMakeFiles/TX_Remote_Control.elf.dir/Drivers/STM32F1xx_HAL_Driver/Src/stm32f1xx_hal_uart.c.obj
                0x0800258a                HAL_UART_Transmit
 .text.HAL_UART_Receive
                0x08002662       0xe2 CMakeFiles/TX_Remote_Control.elf.dir/Drivers/STM32F1xx_HAL_Driver/Src/stm32f1xx_hal_uart.c.obj
                0x08002662                HAL_UART_Receive
 .text.HAL_UART_Receive_IT
                0x08002744       0x5c CMakeFiles/TX_Remote_Control.elf.dir/Drivers/STM32F1xx_HAL_Driver/Src/stm32f1xx_hal_uart.c.obj
                0x08002744                HAL_UART_Receive_IT
 .text.HAL_UART_TxCpltCallback
                0x080027a0        0x2 CMakeFiles/TX_Remote_Control.elf.dir/Drivers/STM32F1xx_HAL_Driver/Src/stm32f1xx_hal_uart.c.obj
                0x080027a0                HAL_UART_TxCpltCallback
 .text.UART_EndTransmit_IT
                0x080027a2       0x1a CMakeFiles/TX_Remote_Control.elf.dir/Drivers/STM32F1xx_HAL_Driver/Src/stm32f1xx_hal_uart.c.obj
 .text.HAL_UART_RxCpltCallback
                0x080027bc        0x2 CMakeFiles/TX_Remote_Control.elf.dir/Drivers/STM32F1xx_HAL_Driver/Src/stm32f1xx_hal_uart.c.obj
                0x080027bc                HAL_UART_RxCpltCallback
 .text.UART_Receive_IT
                0x080027be       0x94 CMakeFiles/TX_Remote_Control.elf.dir/Drivers/STM32F1xx_HAL_Driver/Src/stm32f1xx_hal_uart.c.obj
 .text.HAL_UART_ErrorCallback
                0x08002852        0x2 CMakeFiles/TX_Remote_Control.elf.dir/Drivers/STM32F1xx_HAL_Driver/Src/stm32f1xx_hal_uart.c.obj
                0x08002852                HAL_UART_ErrorCallback
 .text.HAL_UART_IRQHandler
                0x08002854      0x128 CMakeFiles/TX_Remote_Control.elf.dir/Drivers/STM32F1xx_HAL_Driver/Src/stm32f1xx_hal_uart.c.obj
                0x08002854                HAL_UART_IRQHandler
 .text.UART_DMAAbortOnError
                0x0800297c       0x10 CMakeFiles/TX_Remote_Control.elf.dir/Drivers/STM32F1xx_HAL_Driver/Src/stm32f1xx_hal_uart.c.obj
 .text.SPI_NRF_Init
                0x0800298c      0x150 CMakeFiles/TX_Remote_Control.elf.dir/Hardware/NRF24L01/bsp_nrf24l01.c.obj
                0x0800298c                SPI_NRF_Init
 .text.SPI_NRF_RW
                0x08002adc       0x2c CMakeFiles/TX_Remote_Control.elf.dir/Hardware/NRF24L01/bsp_nrf24l01.c.obj
                0x08002adc                SPI_NRF_RW
 .text.SPI_NRF_WriteReg
                0x08002b08       0x34 CMakeFiles/TX_Remote_Control.elf.dir/Hardware/NRF24L01/bsp_nrf24l01.c.obj
                0x08002b08                SPI_NRF_WriteReg
 .text.SPI_NRF_ReadReg
                0x08002b3c       0x30 CMakeFiles/TX_Remote_Control.elf.dir/Hardware/NRF24L01/bsp_nrf24l01.c.obj
                0x08002b3c                SPI_NRF_ReadReg
 .text.SPI_NRF_ReadBuf
                0x08002b6c       0x40 CMakeFiles/TX_Remote_Control.elf.dir/Hardware/NRF24L01/bsp_nrf24l01.c.obj
                0x08002b6c                SPI_NRF_ReadBuf
 .text.SPI_NRF_WriteBuf
                0x08002bac       0x40 CMakeFiles/TX_Remote_Control.elf.dir/Hardware/NRF24L01/bsp_nrf24l01.c.obj
                0x08002bac                SPI_NRF_WriteBuf
 .text.NRF_Check
                0x08002bec       0x50 CMakeFiles/TX_Remote_Control.elf.dir/Hardware/NRF24L01/bsp_nrf24l01.c.obj
                0x08002bec                NRF_Check
 .text.NRF_Tx_Dat
                0x08002c3c       0x68 CMakeFiles/TX_Remote_Control.elf.dir/Hardware/NRF24L01/bsp_nrf24l01.c.obj
                0x08002c3c                NRF_Tx_Dat
 .text.NRF_TX_Mode
                0x08002ca4       0x74 CMakeFiles/TX_Remote_Control.elf.dir/Hardware/NRF24L01/bsp_nrf24l01.c.obj
                0x08002ca4                NRF_TX_Mode
 .text.delay_us
                0x08002d18       0x5c CMakeFiles/TX_Remote_Control.elf.dir/System/delay/delay.c.obj
                0x08002d18                delay_us
 .text.RetargetInit
                0x08002d74       0x20 CMakeFiles/TX_Remote_Control.elf.dir/System/retarget/retarget.c.obj
                0x08002d74                RetargetInit
 .text._write   0x08002d94       0x34 CMakeFiles/TX_Remote_Control.elf.dir/System/retarget/retarget.c.obj
                0x08002d94                _write
 .text._read    0x08002dc8       0x30 CMakeFiles/TX_Remote_Control.elf.dir/System/retarget/retarget.c.obj
                0x08002dc8                _read
 .text.Reset_Handler
                0x08002df8       0x48 CMakeFiles/TX_Remote_Control.elf.dir/startup/startup_stm32f103xb.s.obj
                0x08002df8                Reset_Handler
 .text.Default_Handler
                0x08002e40        0x2 CMakeFiles/TX_Remote_Control.elf.dir/startup/startup_stm32f103xb.s.obj
                0x08002e40                RTC_Alarm_IRQHandler
                0x08002e40                EXTI2_IRQHandler
                0x08002e40                TIM1_CC_IRQHandler
                0x08002e40                PVD_IRQHandler
                0x08002e40                EXTI3_IRQHandler
                0x08002e40                EXTI0_IRQHandler
                0x08002e40                I2C2_EV_IRQHandler
                0x08002e40                SPI1_IRQHandler
                0x08002e40                TAMPER_IRQHandler
                0x08002e40                DMA1_Channel4_IRQHandler
                0x08002e40                USART3_IRQHandler
                0x08002e40                RTC_IRQHandler
                0x08002e40                DMA1_Channel7_IRQHandler
                0x08002e40                CAN1_RX1_IRQHandler
                0x08002e40                TIM4_IRQHandler
                0x08002e40                I2C1_EV_IRQHandler
                0x08002e40                DMA1_Channel6_IRQHandler
                0x08002e40                TIM3_IRQHandler
                0x08002e40                RCC_IRQHandler
                0x08002e40                TIM1_TRG_COM_IRQHandler
                0x08002e40                Default_Handler
                0x08002e40                EXTI15_10_IRQHandler
                0x08002e40                EXTI9_5_IRQHandler
                0x08002e40                SPI2_IRQHandler
                0x08002e40                DMA1_Channel5_IRQHandler
                0x08002e40                EXTI4_IRQHandler
                0x08002e40                USB_LP_CAN1_RX0_IRQHandler
                0x08002e40                USB_HP_CAN1_TX_IRQHandler
                0x08002e40                DMA1_Channel3_IRQHandler
                0x08002e40                TIM1_UP_IRQHandler
                0x08002e40                WWDG_IRQHandler
                0x08002e40                TIM2_IRQHandler
                0x08002e40                TIM1_BRK_IRQHandler
                0x08002e40                EXTI1_IRQHandler
                0x08002e40                USART2_IRQHandler
                0x08002e40                I2C2_ER_IRQHandler
                0x08002e40                DMA1_Channel2_IRQHandler
                0x08002e40                CAN1_SCE_IRQHandler
                0x08002e40                FLASH_IRQHandler
                0x08002e40                I2C1_ER_IRQHandler
                0x08002e40                USBWakeUp_IRQHandler
 *fill*         0x08002e42        0x2 
 .text.__errno  0x08002e44        0xc d:/progra~1/stm32c~1/gcc-ar~1/bin/../lib/gcc/arm-none-eabi/9.3.1/../../../../arm-none-eabi/lib/thumb/v7-m/nofp\libg.a(lib_a-errno.o)
                0x08002e44                __errno
 .text.__libc_init_array
                0x08002e50       0x48 d:/progra~1/stm32c~1/gcc-ar~1/bin/../lib/gcc/arm-none-eabi/9.3.1/../../../../arm-none-eabi/lib/thumb/v7-m/nofp\libg.a(lib_a-init.o)
                0x08002e50                __libc_init_array
 .text.memset   0x08002e98       0xa0 d:/progra~1/stm32c~1/gcc-ar~1/bin/../lib/gcc/arm-none-eabi/9.3.1/../../../../arm-none-eabi/lib/thumb/v7-m/nofp\libg.a(lib_a-memset.o)
                0x08002e98                memset
 .text._puts_r  0x08002f38       0x9c d:/progra~1/stm32c~1/gcc-ar~1/bin/../lib/gcc/arm-none-eabi/9.3.1/../../../../arm-none-eabi/lib/thumb/v7-m/nofp\libg.a(lib_a-puts.o)
                0x08002f38                _puts_r
 .text.puts     0x08002fd4       0x10 d:/progra~1/stm32c~1/gcc-ar~1/bin/../lib/gcc/arm-none-eabi/9.3.1/../../../../arm-none-eabi/lib/thumb/v7-m/nofp\libg.a(lib_a-puts.o)
                0x08002fd4                puts
 .text.setvbuf  0x08002fe4      0x1a0 d:/progra~1/stm32c~1/gcc-ar~1/bin/../lib/gcc/arm-none-eabi/9.3.1/../../../../arm-none-eabi/lib/thumb/v7-m/nofp\libg.a(lib_a-setvbuf.o)
                0x08002fe4                setvbuf
 .text.strlen   0x08003184       0x5c d:/progra~1/stm32c~1/gcc-ar~1/bin/../lib/gcc/arm-none-eabi/9.3.1/../../../../arm-none-eabi/lib/thumb/v7-m/nofp\libg.a(lib_a-strlen-stub.o)
                0x08003184                strlen
 .text.__swsetup_r
                0x080031e0       0xd0 d:/progra~1/stm32c~1/gcc-ar~1/bin/../lib/gcc/arm-none-eabi/9.3.1/../../../../arm-none-eabi/lib/thumb/v7-m/nofp\libg.a(lib_a-wsetup.o)
                0x080031e0                __swsetup_r
 .text.startup.register_fini
                0x080032b0       0x14 d:/progra~1/stm32c~1/gcc-ar~1/bin/../lib/gcc/arm-none-eabi/9.3.1/../../../../arm-none-eabi/lib/thumb/v7-m/nofp\libg.a(lib_a-__call_atexit.o)
 .text.atexit   0x080032c4        0xc d:/progra~1/stm32c~1/gcc-ar~1/bin/../lib/gcc/arm-none-eabi/9.3.1/../../../../arm-none-eabi/lib/thumb/v7-m/nofp\libg.a(lib_a-atexit.o)
                0x080032c4                atexit
 .text.__sflush_r
                0x080032d0      0x130 d:/progra~1/stm32c~1/gcc-ar~1/bin/../lib/gcc/arm-none-eabi/9.3.1/../../../../arm-none-eabi/lib/thumb/v7-m/nofp\libg.a(lib_a-fflush.o)
                0x080032d0                __sflush_r
 .text._fflush_r
                0x08003400       0x5c d:/progra~1/stm32c~1/gcc-ar~1/bin/../lib/gcc/arm-none-eabi/9.3.1/../../../../arm-none-eabi/lib/thumb/v7-m/nofp\libg.a(lib_a-fflush.o)
                0x08003400                _fflush_r
 .text.std      0x0800345c       0x50 d:/progra~1/stm32c~1/gcc-ar~1/bin/../lib/gcc/arm-none-eabi/9.3.1/../../../../arm-none-eabi/lib/thumb/v7-m/nofp\libg.a(lib_a-findfp.o)
 .text._cleanup_r
                0x080034ac        0xc d:/progra~1/stm32c~1/gcc-ar~1/bin/../lib/gcc/arm-none-eabi/9.3.1/../../../../arm-none-eabi/lib/thumb/v7-m/nofp\libg.a(lib_a-findfp.o)
                0x080034ac                _cleanup_r
 .text.__sinit  0x080034b8       0x5c d:/progra~1/stm32c~1/gcc-ar~1/bin/../lib/gcc/arm-none-eabi/9.3.1/../../../../arm-none-eabi/lib/thumb/v7-m/nofp\libg.a(lib_a-findfp.o)
                0x080034b8                __sinit
 .text.__sfp_lock_acquire
                0x08003514        0xc d:/progra~1/stm32c~1/gcc-ar~1/bin/../lib/gcc/arm-none-eabi/9.3.1/../../../../arm-none-eabi/lib/thumb/v7-m/nofp\libg.a(lib_a-findfp.o)
                0x08003514                __sfp_lock_acquire
 .text.__sfp_lock_release
                0x08003520        0xc d:/progra~1/stm32c~1/gcc-ar~1/bin/../lib/gcc/arm-none-eabi/9.3.1/../../../../arm-none-eabi/lib/thumb/v7-m/nofp\libg.a(lib_a-findfp.o)
                0x08003520                __sfp_lock_release
 .text.__libc_fini_array
                0x0800352c       0x2c d:/progra~1/stm32c~1/gcc-ar~1/bin/../lib/gcc/arm-none-eabi/9.3.1/../../../../arm-none-eabi/lib/thumb/v7-m/nofp\libg.a(lib_a-fini.o)
                0x0800352c                __libc_fini_array
 .text._malloc_trim_r
                0x08003558       0xa0 d:/progra~1/stm32c~1/gcc-ar~1/bin/../lib/gcc/arm-none-eabi/9.3.1/../../../../arm-none-eabi/lib/thumb/v7-m/nofp\libg.a(lib_a-freer.o)
                0x08003558                _malloc_trim_r
 .text._free_r  0x080035f8      0x20c d:/progra~1/stm32c~1/gcc-ar~1/bin/../lib/gcc/arm-none-eabi/9.3.1/../../../../arm-none-eabi/lib/thumb/v7-m/nofp\libg.a(lib_a-freer.o)
                0x080035f8                _free_r
 .text.__sfvwrite_r
                0x08003804      0x2ec d:/progra~1/stm32c~1/gcc-ar~1/bin/../lib/gcc/arm-none-eabi/9.3.1/../../../../arm-none-eabi/lib/thumb/v7-m/nofp\libg.a(lib_a-fvwrite.o)
                0x08003804                __sfvwrite_r
 .text._fwalk_reent
                0x08003af0       0x48 d:/progra~1/stm32c~1/gcc-ar~1/bin/../lib/gcc/arm-none-eabi/9.3.1/../../../../arm-none-eabi/lib/thumb/v7-m/nofp\libg.a(lib_a-fwalk.o)
                0x08003af0                _fwalk_reent
 .text.__retarget_lock_init_recursive
                0x08003b38        0x4 d:/progra~1/stm32c~1/gcc-ar~1/bin/../lib/gcc/arm-none-eabi/9.3.1/../../../../arm-none-eabi/lib/thumb/v7-m/nofp\libg.a(lib_a-lock.o)
                0x08003b38                __retarget_lock_init_recursive
 .text.__retarget_lock_close_recursive
                0x08003b3c        0x4 d:/progra~1/stm32c~1/gcc-ar~1/bin/../lib/gcc/arm-none-eabi/9.3.1/../../../../arm-none-eabi/lib/thumb/v7-m/nofp\libg.a(lib_a-lock.o)
                0x08003b3c                __retarget_lock_close_recursive
 .text.__retarget_lock_acquire_recursive
                0x08003b40        0x4 d:/progra~1/stm32c~1/gcc-ar~1/bin/../lib/gcc/arm-none-eabi/9.3.1/../../../../arm-none-eabi/lib/thumb/v7-m/nofp\libg.a(lib_a-lock.o)
                0x08003b40                __retarget_lock_acquire_recursive
 .text.__retarget_lock_release_recursive
                0x08003b44        0x4 d:/progra~1/stm32c~1/gcc-ar~1/bin/../lib/gcc/arm-none-eabi/9.3.1/../../../../arm-none-eabi/lib/thumb/v7-m/nofp\libg.a(lib_a-lock.o)
                0x08003b44                __retarget_lock_release_recursive
 .text.__swhatbuf_r
                0x08003b48       0x5c d:/progra~1/stm32c~1/gcc-ar~1/bin/../lib/gcc/arm-none-eabi/9.3.1/../../../../arm-none-eabi/lib/thumb/v7-m/nofp\libg.a(lib_a-makebuf.o)
                0x08003b48                __swhatbuf_r
 .text.__smakebuf_r
                0x08003ba4       0x94 d:/progra~1/stm32c~1/gcc-ar~1/bin/../lib/gcc/arm-none-eabi/9.3.1/../../../../arm-none-eabi/lib/thumb/v7-m/nofp\libg.a(lib_a-makebuf.o)
                0x08003ba4                __smakebuf_r
 .text.malloc   0x08003c38       0x10 d:/progra~1/stm32c~1/gcc-ar~1/bin/../lib/gcc/arm-none-eabi/9.3.1/../../../../arm-none-eabi/lib/thumb/v7-m/nofp\libg.a(lib_a-malloc.o)
                0x08003c38                malloc
 .text._malloc_r
                0x08003c48      0x55c d:/progra~1/stm32c~1/gcc-ar~1/bin/../lib/gcc/arm-none-eabi/9.3.1/../../../../arm-none-eabi/lib/thumb/v7-m/nofp\libg.a(lib_a-mallocr.o)
                0x08003c48                _malloc_r
 .text.memchr   0x080041a4       0x80 d:/progra~1/stm32c~1/gcc-ar~1/bin/../lib/gcc/arm-none-eabi/9.3.1/../../../../arm-none-eabi/lib/thumb/v7-m/nofp\libg.a(lib_a-memchr-stub.o)
                0x080041a4                memchr
 .text.memmove  0x08004224       0xd4 d:/progra~1/stm32c~1/gcc-ar~1/bin/../lib/gcc/arm-none-eabi/9.3.1/../../../../arm-none-eabi/lib/thumb/v7-m/nofp\libg.a(lib_a-memmove.o)
                0x08004224                memmove
 .text.__malloc_lock
                0x080042f8        0xc d:/progra~1/stm32c~1/gcc-ar~1/bin/../lib/gcc/arm-none-eabi/9.3.1/../../../../arm-none-eabi/lib/thumb/v7-m/nofp\libg.a(lib_a-mlock.o)
                0x080042f8                __malloc_lock
 .text.__malloc_unlock
                0x08004304        0xc d:/progra~1/stm32c~1/gcc-ar~1/bin/../lib/gcc/arm-none-eabi/9.3.1/../../../../arm-none-eabi/lib/thumb/v7-m/nofp\libg.a(lib_a-mlock.o)
                0x08004304                __malloc_unlock
 .text._realloc_r
                0x08004310      0x3e0 d:/progra~1/stm32c~1/gcc-ar~1/bin/../lib/gcc/arm-none-eabi/9.3.1/../../../../arm-none-eabi/lib/thumb/v7-m/nofp\libg.a(lib_a-reallocr.o)
                0x08004310                _realloc_r
 .text._sbrk_r  0x080046f0       0x24 d:/progra~1/stm32c~1/gcc-ar~1/bin/../lib/gcc/arm-none-eabi/9.3.1/../../../../arm-none-eabi/lib/thumb/v7-m/nofp\libg.a(lib_a-sbrkr.o)
                0x080046f0                _sbrk_r
 .text.__sread  0x08004714       0x24 d:/progra~1/stm32c~1/gcc-ar~1/bin/../lib/gcc/arm-none-eabi/9.3.1/../../../../arm-none-eabi/lib/thumb/v7-m/nofp\libg.a(lib_a-stdio.o)
                0x08004714                __sread
 .text.__swrite
                0x08004738       0x40 d:/progra~1/stm32c~1/gcc-ar~1/bin/../lib/gcc/arm-none-eabi/9.3.1/../../../../arm-none-eabi/lib/thumb/v7-m/nofp\libg.a(lib_a-stdio.o)
                0x08004738                __swrite
 .text.__sseek  0x08004778       0x20 d:/progra~1/stm32c~1/gcc-ar~1/bin/../lib/gcc/arm-none-eabi/9.3.1/../../../../arm-none-eabi/lib/thumb/v7-m/nofp\libg.a(lib_a-stdio.o)
                0x08004778                __sseek
 .text.__sclose
                0x08004798        0x8 d:/progra~1/stm32c~1/gcc-ar~1/bin/../lib/gcc/arm-none-eabi/9.3.1/../../../../arm-none-eabi/lib/thumb/v7-m/nofp\libg.a(lib_a-stdio.o)
                0x08004798                __sclose
 .text._write_r
                0x080047a0       0x2c d:/progra~1/stm32c~1/gcc-ar~1/bin/../lib/gcc/arm-none-eabi/9.3.1/../../../../arm-none-eabi/lib/thumb/v7-m/nofp\libg.a(lib_a-writer.o)
                0x080047a0                _write_r
 .text.__register_exitproc
                0x080047cc       0x8c d:/progra~1/stm32c~1/gcc-ar~1/bin/../lib/gcc/arm-none-eabi/9.3.1/../../../../arm-none-eabi/lib/thumb/v7-m/nofp\libg.a(lib_a-__atexit.o)
                0x080047cc                __register_exitproc
 .text._close_r
                0x08004858       0x24 d:/progra~1/stm32c~1/gcc-ar~1/bin/../lib/gcc/arm-none-eabi/9.3.1/../../../../arm-none-eabi/lib/thumb/v7-m/nofp\libg.a(lib_a-closer.o)
                0x08004858                _close_r
 .text._fclose_r
                0x0800487c       0xcc d:/progra~1/stm32c~1/gcc-ar~1/bin/../lib/gcc/arm-none-eabi/9.3.1/../../../../arm-none-eabi/lib/thumb/v7-m/nofp\libg.a(lib_a-fclose.o)
                0x0800487c                _fclose_r
 .text._fstat_r
                0x08004948       0x2c d:/progra~1/stm32c~1/gcc-ar~1/bin/../lib/gcc/arm-none-eabi/9.3.1/../../../../arm-none-eabi/lib/thumb/v7-m/nofp\libg.a(lib_a-fstatr.o)
                0x08004948                _fstat_r
 .text._isatty_r
                0x08004974       0x24 d:/progra~1/stm32c~1/gcc-ar~1/bin/../lib/gcc/arm-none-eabi/9.3.1/../../../../arm-none-eabi/lib/thumb/v7-m/nofp\libg.a(lib_a-isattyr.o)
                0x08004974                _isatty_r
 .text._lseek_r
                0x08004998       0x2c d:/progra~1/stm32c~1/gcc-ar~1/bin/../lib/gcc/arm-none-eabi/9.3.1/../../../../arm-none-eabi/lib/thumb/v7-m/nofp\libg.a(lib_a-lseekr.o)
                0x08004998                _lseek_r
 .text._read_r  0x080049c4       0x2c d:/progra~1/stm32c~1/gcc-ar~1/bin/../lib/gcc/arm-none-eabi/9.3.1/../../../../arm-none-eabi/lib/thumb/v7-m/nofp\libg.a(lib_a-readr.o)
                0x080049c4                _read_r
 *(.glue_7)
 .glue_7        0x080049f0        0x0 linker stubs
 *(.glue_7t)
 .glue_7t       0x080049f0        0x0 linker stubs
 *(.eh_frame)
 .eh_frame      0x080049f0        0x0 d:/progra~1/stm32c~1/gcc-ar~1/bin/../lib/gcc/arm-none-eabi/9.3.1/thumb/v7-m/nofp/crtbegin.o
 *(.init)
 .init          0x080049f0        0x4 d:/progra~1/stm32c~1/gcc-ar~1/bin/../lib/gcc/arm-none-eabi/9.3.1/thumb/v7-m/nofp/crti.o
                0x080049f0                _init
 .init          0x080049f4        0x8 d:/progra~1/stm32c~1/gcc-ar~1/bin/../lib/gcc/arm-none-eabi/9.3.1/thumb/v7-m/nofp/crtn.o
 *(.fini)
 .fini          0x080049fc        0x4 d:/progra~1/stm32c~1/gcc-ar~1/bin/../lib/gcc/arm-none-eabi/9.3.1/thumb/v7-m/nofp/crti.o
                0x080049fc                _fini
 .fini          0x08004a00        0x8 d:/progra~1/stm32c~1/gcc-ar~1/bin/../lib/gcc/arm-none-eabi/9.3.1/thumb/v7-m/nofp/crtn.o
                0x08004a08                . = ALIGN (0x4)
                0x08004a08                _etext = .

.vfp11_veneer   0x08004a08        0x0
 .vfp11_veneer  0x08004a08        0x0 linker stubs

.v4_bx          0x08004a08        0x0
 .v4_bx         0x08004a08        0x0 linker stubs

.iplt           0x08004a08        0x0
 .iplt          0x08004a08        0x0 d:/progra~1/stm32c~1/gcc-ar~1/bin/../lib/gcc/arm-none-eabi/9.3.1/thumb/v7-m/nofp/crtbegin.o

.rodata         0x08004a08       0x98
                0x08004a08                . = ALIGN (0x4)
 *(.rodata)
 *(.rodata*)
 .rodata.main.str1.4
                0x08004a08       0x4c CMakeFiles/TX_Remote_Control.elf.dir/Core/Src/main.c.obj
 .rodata.AHBPrescTable
                0x08004a54       0x10 CMakeFiles/TX_Remote_Control.elf.dir/Core/Src/system_stm32f1xx.c.obj
                0x08004a54                AHBPrescTable
 .rodata.APBPrescTable
                0x08004a64        0x8 CMakeFiles/TX_Remote_Control.elf.dir/Core/Src/system_stm32f1xx.c.obj
                0x08004a64                APBPrescTable
 .rodata.HAL_RCC_GetSysClockFreq.str1.4
                0x08004a6c       0x11 CMakeFiles/TX_Remote_Control.elf.dir/Drivers/STM32F1xx_HAL_Driver/Src/stm32f1xx_hal_rcc.c.obj
 .rodata.HAL_RCCEx_GetPeriphCLKFreq.str1.4
                0x08004a7d       0x11 CMakeFiles/TX_Remote_Control.elf.dir/Drivers/STM32F1xx_HAL_Driver/Src/stm32f1xx_hal_rcc_ex.c.obj
 *fill*         0x08004a7d        0x3 
 .rodata.NRF_Check.str1.4
                0x08004a80        0x6 CMakeFiles/TX_Remote_Control.elf.dir/Hardware/NRF24L01/bsp_nrf24l01.c.obj
 *fill*         0x08004a86        0x2 
 .rodata.RX_ADDRESS
                0x08004a88        0x5 CMakeFiles/TX_Remote_Control.elf.dir/Hardware/NRF24L01/bsp_nrf24l01.c.obj
                0x08004a88                RX_ADDRESS
 *fill*         0x08004a8d        0x3 
 .rodata.TX_ADDRESS
                0x08004a90        0x5 CMakeFiles/TX_Remote_Control.elf.dir/Hardware/NRF24L01/bsp_nrf24l01.c.obj
                0x08004a90                TX_ADDRESS
 *fill*         0x08004a95        0x3 
 .rodata._global_impure_ptr
                0x08004a98        0x4 d:/progra~1/stm32c~1/gcc-ar~1/bin/../lib/gcc/arm-none-eabi/9.3.1/../../../../arm-none-eabi/lib/thumb/v7-m/nofp\libg.a(lib_a-impure.o)
                0x08004a98                _global_impure_ptr
 .rodata._puts_r.str1.4
                0x08004a9c        0x2 d:/progra~1/stm32c~1/gcc-ar~1/bin/../lib/gcc/arm-none-eabi/9.3.1/../../../../arm-none-eabi/lib/thumb/v7-m/nofp\libg.a(lib_a-puts.o)
                0x08004aa0                . = ALIGN (0x4)
 *fill*         0x08004a9e        0x2 

.rel.dyn        0x08004aa0        0x0
 .rel.iplt      0x08004aa0        0x0 d:/progra~1/stm32c~1/gcc-ar~1/bin/../lib/gcc/arm-none-eabi/9.3.1/thumb/v7-m/nofp/crtbegin.o

.ARM.extab
 *(.ARM.extab* .gnu.linkonce.armextab.*)

.ARM            0x08004aa0        0x0
                0x08004aa0                __exidx_start = .
 *(.ARM.exidx*)
                0x08004aa0                __exidx_end = .

.preinit_array  0x08004aa0        0x0
                0x08004aa0                PROVIDE (__preinit_array_start = .)
 *(.preinit_array*)
                0x08004aa0                PROVIDE (__preinit_array_end = .)

.init_array     0x08004aa0        0x8
                0x08004aa0                PROVIDE (__init_array_start = .)
 *(SORT_BY_NAME(.init_array.*))
 .init_array.00000
                0x08004aa0        0x4 d:/progra~1/stm32c~1/gcc-ar~1/bin/../lib/gcc/arm-none-eabi/9.3.1/../../../../arm-none-eabi/lib/thumb/v7-m/nofp\libg.a(lib_a-__call_atexit.o)
 *(.init_array*)
 .init_array    0x08004aa4        0x4 d:/progra~1/stm32c~1/gcc-ar~1/bin/../lib/gcc/arm-none-eabi/9.3.1/thumb/v7-m/nofp/crtbegin.o
                0x08004aa8                PROVIDE (__init_array_end = .)

.fini_array     0x08004aa8        0x4
                0x08004aa8                PROVIDE (__fini_array_start = .)
 *(SORT_BY_NAME(.fini_array.*))
 *(.fini_array*)
 .fini_array    0x08004aa8        0x4 d:/progra~1/stm32c~1/gcc-ar~1/bin/../lib/gcc/arm-none-eabi/9.3.1/thumb/v7-m/nofp/crtbegin.o
                0x08004aac                PROVIDE (__fini_array_end = .)
                0x08004aac                _sidata = LOADADDR (.data)

.data           0x20000000      0x84c load address 0x08004aac
                0x20000000                . = ALIGN (0x4)
                0x20000000                _sdata = .
 *(.data)
 *(.data*)
 .data.SystemCoreClock
                0x20000000        0x4 CMakeFiles/TX_Remote_Control.elf.dir/Core/Src/system_stm32f1xx.c.obj
                0x20000000                SystemCoreClock
 .data.uwTickFreq
                0x20000004        0x1 CMakeFiles/TX_Remote_Control.elf.dir/Drivers/STM32F1xx_HAL_Driver/Src/stm32f1xx_hal.c.obj
                0x20000004                uwTickFreq
 *fill*         0x20000005        0x3 
 .data.uwTickPrio
                0x20000008        0x4 CMakeFiles/TX_Remote_Control.elf.dir/Drivers/STM32F1xx_HAL_Driver/Src/stm32f1xx_hal.c.obj
                0x20000008                uwTickPrio
 .data._impure_ptr
                0x2000000c        0x4 d:/progra~1/stm32c~1/gcc-ar~1/bin/../lib/gcc/arm-none-eabi/9.3.1/../../../../arm-none-eabi/lib/thumb/v7-m/nofp\libg.a(lib_a-impure.o)
                0x2000000c                _impure_ptr
 .data.impure_data
                0x20000010      0x428 d:/progra~1/stm32c~1/gcc-ar~1/bin/../lib/gcc/arm-none-eabi/9.3.1/../../../../arm-none-eabi/lib/thumb/v7-m/nofp\libg.a(lib_a-impure.o)
 .data.__atexit_recursive_mutex
                0x20000438        0x4 d:/progra~1/stm32c~1/gcc-ar~1/bin/../lib/gcc/arm-none-eabi/9.3.1/../../../../arm-none-eabi/lib/thumb/v7-m/nofp\libg.a(lib_a-__call_atexit.o)
                0x20000438                __atexit_recursive_mutex
 .data.__malloc_av_
                0x2000043c      0x408 d:/progra~1/stm32c~1/gcc-ar~1/bin/../lib/gcc/arm-none-eabi/9.3.1/../../../../arm-none-eabi/lib/thumb/v7-m/nofp\libg.a(lib_a-mallocr.o)
                0x2000043c                __malloc_av_
 .data.__malloc_sbrk_base
                0x20000844        0x4 d:/progra~1/stm32c~1/gcc-ar~1/bin/../lib/gcc/arm-none-eabi/9.3.1/../../../../arm-none-eabi/lib/thumb/v7-m/nofp\libg.a(lib_a-mallocr.o)
                0x20000844                __malloc_sbrk_base
 .data.__malloc_trim_threshold
                0x20000848        0x4 d:/progra~1/stm32c~1/gcc-ar~1/bin/../lib/gcc/arm-none-eabi/9.3.1/../../../../arm-none-eabi/lib/thumb/v7-m/nofp\libg.a(lib_a-mallocr.o)
                0x20000848                __malloc_trim_threshold
                0x2000084c                . = ALIGN (0x4)
                0x2000084c                _edata = .

.igot.plt       0x2000084c        0x0 load address 0x080052f8
 .igot.plt      0x2000084c        0x0 d:/progra~1/stm32c~1/gcc-ar~1/bin/../lib/gcc/arm-none-eabi/9.3.1/thumb/v7-m/nofp/crtbegin.o
                0x2000084c                . = ALIGN (0x4)

.bss            0x2000084c      0x2c4 load address 0x080052f8
                0x2000084c                _sbss = .
                0x2000084c                __bss_start__ = _sbss
 *(.bss)
 .bss           0x2000084c       0x1c d:/progra~1/stm32c~1/gcc-ar~1/bin/../lib/gcc/arm-none-eabi/9.3.1/thumb/v7-m/nofp/crtbegin.o
 *(.bss*)
 .bss.hadc1     0x20000868       0x30 CMakeFiles/TX_Remote_Control.elf.dir/Core/Src/adc.c.obj
                0x20000868                hadc1
 .bss.hdma_adc1
                0x20000898       0x44 CMakeFiles/TX_Remote_Control.elf.dir/Core/Src/adc.c.obj
                0x20000898                hdma_adc1
 .bss.adcBuf    0x200008dc        0x8 CMakeFiles/TX_Remote_Control.elf.dir/Core/Src/main.c.obj
                0x200008dc                adcBuf
 .bss.status    0x200008e4        0x1 CMakeFiles/TX_Remote_Control.elf.dir/Core/Src/main.c.obj
                0x200008e4                status
 *fill*         0x200008e5        0x3 
 .bss.txbuf     0x200008e8       0x20 CMakeFiles/TX_Remote_Control.elf.dir/Core/Src/main.c.obj
                0x200008e8                txbuf
 .bss.heap_end.6022
                0x20000908        0x4 CMakeFiles/TX_Remote_Control.elf.dir/Core/Src/syscalls.c.obj
 .bss.UART_RxBuffer
                0x2000090c      0x100 CMakeFiles/TX_Remote_Control.elf.dir/Core/Src/usart.c.obj
                0x2000090c                UART_RxBuffer
 .bss.UART_RxPtr
                0x20000a0c        0x1 CMakeFiles/TX_Remote_Control.elf.dir/Core/Src/usart.c.obj
                0x20000a0c                UART_RxPtr
 *fill*         0x20000a0d        0x3 
 .bss.huart1    0x20000a10       0x40 CMakeFiles/TX_Remote_Control.elf.dir/Core/Src/usart.c.obj
                0x20000a10                huart1
 .bss.receive_cmd
                0x20000a50        0x1 CMakeFiles/TX_Remote_Control.elf.dir/Core/Src/usart.c.obj
                0x20000a50                receive_cmd
 *fill*         0x20000a51        0x3 
 .bss.uwTick    0x20000a54        0x4 CMakeFiles/TX_Remote_Control.elf.dir/Drivers/STM32F1xx_HAL_Driver/Src/stm32f1xx_hal.c.obj
                0x20000a54                uwTick
 .bss.NRF_Handler
                0x20000a58       0x58 CMakeFiles/TX_Remote_Control.elf.dir/Hardware/NRF24L01/bsp_nrf24l01.c.obj
                0x20000a58                NRF_Handler
 .bss.gHuart    0x20000ab0        0x4 CMakeFiles/TX_Remote_Control.elf.dir/System/retarget/retarget.c.obj
                0x20000ab0                gHuart
 .bss.__malloc_current_mallinfo
                0x20000ab4       0x28 d:/progra~1/stm32c~1/gcc-ar~1/bin/../lib/gcc/arm-none-eabi/9.3.1/../../../../arm-none-eabi/lib/thumb/v7-m/nofp\libg.a(lib_a-mallocr.o)
                0x20000ab4                __malloc_current_mallinfo
 .bss.__malloc_max_sbrked_mem
                0x20000adc        0x4 d:/progra~1/stm32c~1/gcc-ar~1/bin/../lib/gcc/arm-none-eabi/9.3.1/../../../../arm-none-eabi/lib/thumb/v7-m/nofp\libg.a(lib_a-mallocr.o)
                0x20000adc                __malloc_max_sbrked_mem
 .bss.__malloc_max_total_mem
                0x20000ae0        0x4 d:/progra~1/stm32c~1/gcc-ar~1/bin/../lib/gcc/arm-none-eabi/9.3.1/../../../../arm-none-eabi/lib/thumb/v7-m/nofp\libg.a(lib_a-mallocr.o)
                0x20000ae0                __malloc_max_total_mem
 .bss.__malloc_top_pad
                0x20000ae4        0x4 d:/progra~1/stm32c~1/gcc-ar~1/bin/../lib/gcc/arm-none-eabi/9.3.1/../../../../arm-none-eabi/lib/thumb/v7-m/nofp\libg.a(lib_a-mallocr.o)
                0x20000ae4                __malloc_top_pad
 *(COMMON)
 COMMON         0x20000ae8       0x21 d:/progra~1/stm32c~1/gcc-ar~1/bin/../lib/gcc/arm-none-eabi/9.3.1/../../../../arm-none-eabi/lib/thumb/v7-m/nofp\libg.a(lib_a-lock.o)
                0x20000ae8                __lock___atexit_recursive_mutex
                0x20000aec                __lock___arc4random_mutex
                0x20000af0                __lock___env_recursive_mutex
                0x20000af4                __lock___sinit_recursive_mutex
                0x20000af8                __lock___malloc_recursive_mutex
                0x20000afc                __lock___at_quick_exit_mutex
                0x20000b00                __lock___dd_hash_mutex
                0x20000b04                __lock___tz_mutex
                0x20000b08                __lock___sfp_recursive_mutex
 *fill*         0x20000b09        0x3 
 COMMON         0x20000b0c        0x4 d:/progra~1/stm32c~1/gcc-ar~1/bin/../lib/gcc/arm-none-eabi/9.3.1/../../../../arm-none-eabi/lib/thumb/v7-m/nofp\libg.a(lib_a-reent.o)
                0x20000b0c                errno
                0x20000b10                . = ALIGN (0x4)
                0x20000b10                _ebss = .
                0x20000b10                __bss_end__ = _ebss

._user_heap_stack
                0x20000b10      0x600 load address 0x080052f8
                0x20000b10                . = ALIGN (0x8)
                0x20000b10                PROVIDE (end = .)
                [!provide]                PROVIDE (_end = .)
                0x20000d10                . = (. + _Min_Heap_Size)
 *fill*         0x20000b10      0x200 
                0x20001110                . = (. + _Min_Stack_Size)
 *fill*         0x20000d10      0x400 
                0x20001110                . = ALIGN (0x8)

/DISCARD/
 libc.a(*)
 libm.a(*)
 libgcc.a(*)

.ARM.attributes
                0x00000000       0x29
 *(.ARM.attributes)
 .ARM.attributes
                0x00000000       0x1d d:/progra~1/stm32c~1/gcc-ar~1/bin/../lib/gcc/arm-none-eabi/9.3.1/thumb/v7-m/nofp/crti.o
 .ARM.attributes
                0x0000001d       0x2d d:/progra~1/stm32c~1/gcc-ar~1/bin/../lib/gcc/arm-none-eabi/9.3.1/thumb/v7-m/nofp/crtbegin.o
 .ARM.attributes
                0x0000004a       0x2d CMakeFiles/TX_Remote_Control.elf.dir/Core/Src/adc.c.obj
 .ARM.attributes
                0x00000077       0x2d CMakeFiles/TX_Remote_Control.elf.dir/Core/Src/dma.c.obj
 .ARM.attributes
                0x000000a4       0x2d CMakeFiles/TX_Remote_Control.elf.dir/Core/Src/gpio.c.obj
 .ARM.attributes
                0x000000d1       0x2d CMakeFiles/TX_Remote_Control.elf.dir/Core/Src/main.c.obj
 .ARM.attributes
                0x000000fe       0x2d CMakeFiles/TX_Remote_Control.elf.dir/Core/Src/spi.c.obj
 .ARM.attributes
                0x0000012b       0x2d CMakeFiles/TX_Remote_Control.elf.dir/Core/Src/stm32f1xx_hal_msp.c.obj
 .ARM.attributes
                0x00000158       0x2d CMakeFiles/TX_Remote_Control.elf.dir/Core/Src/stm32f1xx_it.c.obj
 .ARM.attributes
                0x00000185       0x2d CMakeFiles/TX_Remote_Control.elf.dir/Core/Src/syscalls.c.obj
 .ARM.attributes
                0x000001b2       0x2d CMakeFiles/TX_Remote_Control.elf.dir/Core/Src/system_stm32f1xx.c.obj
 .ARM.attributes
                0x000001df       0x2d CMakeFiles/TX_Remote_Control.elf.dir/Core/Src/usart.c.obj
 .ARM.attributes
                0x0000020c       0x2d CMakeFiles/TX_Remote_Control.elf.dir/Drivers/STM32F1xx_HAL_Driver/Src/stm32f1xx_hal.c.obj
 .ARM.attributes
                0x00000239       0x2d CMakeFiles/TX_Remote_Control.elf.dir/Drivers/STM32F1xx_HAL_Driver/Src/stm32f1xx_hal_adc.c.obj
 .ARM.attributes
                0x00000266       0x2d CMakeFiles/TX_Remote_Control.elf.dir/Drivers/STM32F1xx_HAL_Driver/Src/stm32f1xx_hal_adc_ex.c.obj
 .ARM.attributes
                0x00000293       0x2d CMakeFiles/TX_Remote_Control.elf.dir/Drivers/STM32F1xx_HAL_Driver/Src/stm32f1xx_hal_cortex.c.obj
 .ARM.attributes
                0x000002c0       0x2d CMakeFiles/TX_Remote_Control.elf.dir/Drivers/STM32F1xx_HAL_Driver/Src/stm32f1xx_hal_dma.c.obj
 .ARM.attributes
                0x000002ed       0x2d CMakeFiles/TX_Remote_Control.elf.dir/Drivers/STM32F1xx_HAL_Driver/Src/stm32f1xx_hal_gpio.c.obj
 .ARM.attributes
                0x0000031a       0x2d CMakeFiles/TX_Remote_Control.elf.dir/Drivers/STM32F1xx_HAL_Driver/Src/stm32f1xx_hal_rcc.c.obj
 .ARM.attributes
                0x00000347       0x2d CMakeFiles/TX_Remote_Control.elf.dir/Drivers/STM32F1xx_HAL_Driver/Src/stm32f1xx_hal_rcc_ex.c.obj
 .ARM.attributes
                0x00000374       0x2d CMakeFiles/TX_Remote_Control.elf.dir/Drivers/STM32F1xx_HAL_Driver/Src/stm32f1xx_hal_spi.c.obj
 .ARM.attributes
                0x000003a1       0x2d CMakeFiles/TX_Remote_Control.elf.dir/Drivers/STM32F1xx_HAL_Driver/Src/stm32f1xx_hal_uart.c.obj
 .ARM.attributes
                0x000003ce       0x2d CMakeFiles/TX_Remote_Control.elf.dir/Hardware/NRF24L01/bsp_nrf24l01.c.obj
 .ARM.attributes
                0x000003fb       0x2d CMakeFiles/TX_Remote_Control.elf.dir/System/delay/delay.c.obj
 .ARM.attributes
                0x00000428       0x2d CMakeFiles/TX_Remote_Control.elf.dir/System/retarget/retarget.c.obj
 .ARM.attributes
                0x00000455       0x21 CMakeFiles/TX_Remote_Control.elf.dir/startup/startup_stm32f103xb.s.obj
 .ARM.attributes
                0x00000476       0x2d d:/progra~1/stm32c~1/gcc-ar~1/bin/../lib/gcc/arm-none-eabi/9.3.1/../../../../arm-none-eabi/lib/thumb/v7-m/nofp\libg.a(lib_a-errno.o)
 .ARM.attributes
                0x000004a3       0x2d d:/progra~1/stm32c~1/gcc-ar~1/bin/../lib/gcc/arm-none-eabi/9.3.1/../../../../arm-none-eabi/lib/thumb/v7-m/nofp\libg.a(lib_a-impure.o)
 .ARM.attributes
                0x000004d0       0x2d d:/progra~1/stm32c~1/gcc-ar~1/bin/../lib/gcc/arm-none-eabi/9.3.1/../../../../arm-none-eabi/lib/thumb/v7-m/nofp\libg.a(lib_a-init.o)
 .ARM.attributes
                0x000004fd       0x2d d:/progra~1/stm32c~1/gcc-ar~1/bin/../lib/gcc/arm-none-eabi/9.3.1/../../../../arm-none-eabi/lib/thumb/v7-m/nofp\libg.a(lib_a-memset.o)
 .ARM.attributes
                0x0000052a       0x2d d:/progra~1/stm32c~1/gcc-ar~1/bin/../lib/gcc/arm-none-eabi/9.3.1/../../../../arm-none-eabi/lib/thumb/v7-m/nofp\libg.a(lib_a-puts.o)
 .ARM.attributes
                0x00000557       0x2d d:/progra~1/stm32c~1/gcc-ar~1/bin/../lib/gcc/arm-none-eabi/9.3.1/../../../../arm-none-eabi/lib/thumb/v7-m/nofp\libg.a(lib_a-setvbuf.o)
 .ARM.attributes
                0x00000584       0x2d d:/progra~1/stm32c~1/gcc-ar~1/bin/../lib/gcc/arm-none-eabi/9.3.1/../../../../arm-none-eabi/lib/thumb/v7-m/nofp\libg.a(lib_a-strlen-stub.o)
 .ARM.attributes
                0x000005b1       0x2d d:/progra~1/stm32c~1/gcc-ar~1/bin/../lib/gcc/arm-none-eabi/9.3.1/../../../../arm-none-eabi/lib/thumb/v7-m/nofp\libg.a(lib_a-wsetup.o)
 .ARM.attributes
                0x000005de       0x2d d:/progra~1/stm32c~1/gcc-ar~1/bin/../lib/gcc/arm-none-eabi/9.3.1/../../../../arm-none-eabi/lib/thumb/v7-m/nofp\libg.a(lib_a-__call_atexit.o)
 .ARM.attributes
                0x0000060b       0x2d d:/progra~1/stm32c~1/gcc-ar~1/bin/../lib/gcc/arm-none-eabi/9.3.1/../../../../arm-none-eabi/lib/thumb/v7-m/nofp\libg.a(lib_a-atexit.o)
 .ARM.attributes
                0x00000638       0x2d d:/progra~1/stm32c~1/gcc-ar~1/bin/../lib/gcc/arm-none-eabi/9.3.1/../../../../arm-none-eabi/lib/thumb/v7-m/nofp\libg.a(lib_a-fflush.o)
 .ARM.attributes
                0x00000665       0x2d d:/progra~1/stm32c~1/gcc-ar~1/bin/../lib/gcc/arm-none-eabi/9.3.1/../../../../arm-none-eabi/lib/thumb/v7-m/nofp\libg.a(lib_a-findfp.o)
 .ARM.attributes
                0x00000692       0x2d d:/progra~1/stm32c~1/gcc-ar~1/bin/../lib/gcc/arm-none-eabi/9.3.1/../../../../arm-none-eabi/lib/thumb/v7-m/nofp\libg.a(lib_a-fini.o)
 .ARM.attributes
                0x000006bf       0x2d d:/progra~1/stm32c~1/gcc-ar~1/bin/../lib/gcc/arm-none-eabi/9.3.1/../../../../arm-none-eabi/lib/thumb/v7-m/nofp\libg.a(lib_a-freer.o)
 .ARM.attributes
                0x000006ec       0x2d d:/progra~1/stm32c~1/gcc-ar~1/bin/../lib/gcc/arm-none-eabi/9.3.1/../../../../arm-none-eabi/lib/thumb/v7-m/nofp\libg.a(lib_a-fvwrite.o)
 .ARM.attributes
                0x00000719       0x2d d:/progra~1/stm32c~1/gcc-ar~1/bin/../lib/gcc/arm-none-eabi/9.3.1/../../../../arm-none-eabi/lib/thumb/v7-m/nofp\libg.a(lib_a-fwalk.o)
 .ARM.attributes
                0x00000746       0x2d d:/progra~1/stm32c~1/gcc-ar~1/bin/../lib/gcc/arm-none-eabi/9.3.1/../../../../arm-none-eabi/lib/thumb/v7-m/nofp\libg.a(lib_a-lock.o)
 .ARM.attributes
                0x00000773       0x2d d:/progra~1/stm32c~1/gcc-ar~1/bin/../lib/gcc/arm-none-eabi/9.3.1/../../../../arm-none-eabi/lib/thumb/v7-m/nofp\libg.a(lib_a-makebuf.o)
 .ARM.attributes
                0x000007a0       0x2d d:/progra~1/stm32c~1/gcc-ar~1/bin/../lib/gcc/arm-none-eabi/9.3.1/../../../../arm-none-eabi/lib/thumb/v7-m/nofp\libg.a(lib_a-malloc.o)
 .ARM.attributes
                0x000007cd       0x2d d:/progra~1/stm32c~1/gcc-ar~1/bin/../lib/gcc/arm-none-eabi/9.3.1/../../../../arm-none-eabi/lib/thumb/v7-m/nofp\libg.a(lib_a-mallocr.o)
 .ARM.attributes
                0x000007fa       0x2d d:/progra~1/stm32c~1/gcc-ar~1/bin/../lib/gcc/arm-none-eabi/9.3.1/../../../../arm-none-eabi/lib/thumb/v7-m/nofp\libg.a(lib_a-memchr-stub.o)
 .ARM.attributes
                0x00000827       0x1b d:/progra~1/stm32c~1/gcc-ar~1/bin/../lib/gcc/arm-none-eabi/9.3.1/../../../../arm-none-eabi/lib/thumb/v7-m/nofp\libg.a(lib_a-memcpy.o)
 .ARM.attributes
                0x00000842       0x2d d:/progra~1/stm32c~1/gcc-ar~1/bin/../lib/gcc/arm-none-eabi/9.3.1/../../../../arm-none-eabi/lib/thumb/v7-m/nofp\libg.a(lib_a-memmove.o)
 .ARM.attributes
                0x0000086f       0x2d d:/progra~1/stm32c~1/gcc-ar~1/bin/../lib/gcc/arm-none-eabi/9.3.1/../../../../arm-none-eabi/lib/thumb/v7-m/nofp\libg.a(lib_a-mlock.o)
 .ARM.attributes
                0x0000089c       0x2d d:/progra~1/stm32c~1/gcc-ar~1/bin/../lib/gcc/arm-none-eabi/9.3.1/../../../../arm-none-eabi/lib/thumb/v7-m/nofp\libg.a(lib_a-reallocr.o)
 .ARM.attributes
                0x000008c9       0x2d d:/progra~1/stm32c~1/gcc-ar~1/bin/../lib/gcc/arm-none-eabi/9.3.1/../../../../arm-none-eabi/lib/thumb/v7-m/nofp\libg.a(lib_a-sbrkr.o)
 .ARM.attributes
                0x000008f6       0x2d d:/progra~1/stm32c~1/gcc-ar~1/bin/../lib/gcc/arm-none-eabi/9.3.1/../../../../arm-none-eabi/lib/thumb/v7-m/nofp\libg.a(lib_a-stdio.o)
 .ARM.attributes
                0x00000923       0x2d d:/progra~1/stm32c~1/gcc-ar~1/bin/../lib/gcc/arm-none-eabi/9.3.1/../../../../arm-none-eabi/lib/thumb/v7-m/nofp\libg.a(lib_a-writer.o)
 .ARM.attributes
                0x00000950       0x2d d:/progra~1/stm32c~1/gcc-ar~1/bin/../lib/gcc/arm-none-eabi/9.3.1/../../../../arm-none-eabi/lib/thumb/v7-m/nofp\libg.a(lib_a-__atexit.o)
 .ARM.attributes
                0x0000097d       0x2d d:/progra~1/stm32c~1/gcc-ar~1/bin/../lib/gcc/arm-none-eabi/9.3.1/../../../../arm-none-eabi/lib/thumb/v7-m/nofp\libg.a(lib_a-closer.o)
 .ARM.attributes
                0x000009aa       0x2d d:/progra~1/stm32c~1/gcc-ar~1/bin/../lib/gcc/arm-none-eabi/9.3.1/../../../../arm-none-eabi/lib/thumb/v7-m/nofp\libg.a(lib_a-fclose.o)
 .ARM.attributes
                0x000009d7       0x2d d:/progra~1/stm32c~1/gcc-ar~1/bin/../lib/gcc/arm-none-eabi/9.3.1/../../../../arm-none-eabi/lib/thumb/v7-m/nofp\libg.a(lib_a-fstatr.o)
 .ARM.attributes
                0x00000a04       0x2d d:/progra~1/stm32c~1/gcc-ar~1/bin/../lib/gcc/arm-none-eabi/9.3.1/../../../../arm-none-eabi/lib/thumb/v7-m/nofp\libg.a(lib_a-isattyr.o)
 .ARM.attributes
                0x00000a31       0x2d d:/progra~1/stm32c~1/gcc-ar~1/bin/../lib/gcc/arm-none-eabi/9.3.1/../../../../arm-none-eabi/lib/thumb/v7-m/nofp\libg.a(lib_a-lseekr.o)
 .ARM.attributes
                0x00000a5e       0x2d d:/progra~1/stm32c~1/gcc-ar~1/bin/../lib/gcc/arm-none-eabi/9.3.1/../../../../arm-none-eabi/lib/thumb/v7-m/nofp\libg.a(lib_a-readr.o)
 .ARM.attributes
                0x00000a8b       0x2d d:/progra~1/stm32c~1/gcc-ar~1/bin/../lib/gcc/arm-none-eabi/9.3.1/../../../../arm-none-eabi/lib/thumb/v7-m/nofp\libg.a(lib_a-reent.o)
 .ARM.attributes
                0x00000ab8       0x1d d:/progra~1/stm32c~1/gcc-ar~1/bin/../lib/gcc/arm-none-eabi/9.3.1/thumb/v7-m/nofp/crtn.o
OUTPUT(TX_Remote_Control.elf elf32-littlearm)
LOAD linker stubs
LOAD d:/progra~1/stm32c~1/gcc-ar~1/bin/../lib/gcc/arm-none-eabi/9.3.1/../../../../arm-none-eabi/lib/thumb/v7-m/nofp\libc.a
LOAD d:/progra~1/stm32c~1/gcc-ar~1/bin/../lib/gcc/arm-none-eabi/9.3.1/../../../../arm-none-eabi/lib/thumb/v7-m/nofp\libm.a
LOAD d:/progra~1/stm32c~1/gcc-ar~1/bin/../lib/gcc/arm-none-eabi/9.3.1/thumb/v7-m/nofp\libgcc.a

.debug_info     0x00000000    0x1a316
 .debug_info    0x00000000     0x1a2f CMakeFiles/TX_Remote_Control.elf.dir/Core/Src/adc.c.obj
 .debug_info    0x00001a2f     0x14d3 CMakeFiles/TX_Remote_Control.elf.dir/Core/Src/dma.c.obj
 .debug_info    0x00002f02     0x175b CMakeFiles/TX_Remote_Control.elf.dir/Core/Src/gpio.c.obj
 .debug_info    0x0000465d     0x1b20 CMakeFiles/TX_Remote_Control.elf.dir/Core/Src/main.c.obj
 .debug_info    0x0000617d     0x16f6 CMakeFiles/TX_Remote_Control.elf.dir/Core/Src/spi.c.obj
 .debug_info    0x00007873     0x15a9 CMakeFiles/TX_Remote_Control.elf.dir/Core/Src/stm32f1xx_hal_msp.c.obj
 .debug_info    0x00008e1c     0x15d8 CMakeFiles/TX_Remote_Control.elf.dir/Core/Src/stm32f1xx_it.c.obj
 .debug_info    0x0000a3f4     0x112b CMakeFiles/TX_Remote_Control.elf.dir/Core/Src/syscalls.c.obj
 .debug_info    0x0000b51f      0x2c9 CMakeFiles/TX_Remote_Control.elf.dir/Core/Src/system_stm32f1xx.c.obj
 .debug_info    0x0000b7e8     0x1a8f CMakeFiles/TX_Remote_Control.elf.dir/Core/Src/usart.c.obj
 .debug_info    0x0000d277      0x831 CMakeFiles/TX_Remote_Control.elf.dir/Drivers/STM32F1xx_HAL_Driver/Src/stm32f1xx_hal.c.obj
 .debug_info    0x0000daa8      0xfd8 CMakeFiles/TX_Remote_Control.elf.dir/Drivers/STM32F1xx_HAL_Driver/Src/stm32f1xx_hal_adc.c.obj
 .debug_info    0x0000ea80      0xca9 CMakeFiles/TX_Remote_Control.elf.dir/Drivers/STM32F1xx_HAL_Driver/Src/stm32f1xx_hal_adc_ex.c.obj
 .debug_info    0x0000f729      0xe46 CMakeFiles/TX_Remote_Control.elf.dir/Drivers/STM32F1xx_HAL_Driver/Src/stm32f1xx_hal_cortex.c.obj
 .debug_info    0x0001056f      0x932 CMakeFiles/TX_Remote_Control.elf.dir/Drivers/STM32F1xx_HAL_Driver/Src/stm32f1xx_hal_dma.c.obj
 .debug_info    0x00010ea1      0x75b CMakeFiles/TX_Remote_Control.elf.dir/Drivers/STM32F1xx_HAL_Driver/Src/stm32f1xx_hal_gpio.c.obj
 .debug_info    0x000115fc      0xaab CMakeFiles/TX_Remote_Control.elf.dir/Drivers/STM32F1xx_HAL_Driver/Src/stm32f1xx_hal_rcc.c.obj
 .debug_info    0x000120a7      0x4fd CMakeFiles/TX_Remote_Control.elf.dir/Drivers/STM32F1xx_HAL_Driver/Src/stm32f1xx_hal_rcc_ex.c.obj
 .debug_info    0x000125a4     0x1e27 CMakeFiles/TX_Remote_Control.elf.dir/Drivers/STM32F1xx_HAL_Driver/Src/stm32f1xx_hal_spi.c.obj
 .debug_info    0x000143cb     0x1919 CMakeFiles/TX_Remote_Control.elf.dir/Drivers/STM32F1xx_HAL_Driver/Src/stm32f1xx_hal_uart.c.obj
 .debug_info    0x00015ce4     0x2079 CMakeFiles/TX_Remote_Control.elf.dir/Hardware/NRF24L01/bsp_nrf24l01.c.obj
 .debug_info    0x00017d5d     0x14d0 CMakeFiles/TX_Remote_Control.elf.dir/System/delay/delay.c.obj
 .debug_info    0x0001922d     0x10c7 CMakeFiles/TX_Remote_Control.elf.dir/System/retarget/retarget.c.obj
 .debug_info    0x0001a2f4       0x22 CMakeFiles/TX_Remote_Control.elf.dir/startup/startup_stm32f103xb.s.obj

.debug_abbrev   0x00000000     0x3ab3
 .debug_abbrev  0x00000000      0x2c8 CMakeFiles/TX_Remote_Control.elf.dir/Core/Src/adc.c.obj
 .debug_abbrev  0x000002c8      0x230 CMakeFiles/TX_Remote_Control.elf.dir/Core/Src/dma.c.obj
 .debug_abbrev  0x000004f8      0x29d CMakeFiles/TX_Remote_Control.elf.dir/Core/Src/gpio.c.obj
 .debug_abbrev  0x00000795      0x300 CMakeFiles/TX_Remote_Control.elf.dir/Core/Src/main.c.obj
 .debug_abbrev  0x00000a95      0x2ac CMakeFiles/TX_Remote_Control.elf.dir/Core/Src/spi.c.obj
 .debug_abbrev  0x00000d41      0x272 CMakeFiles/TX_Remote_Control.elf.dir/Core/Src/stm32f1xx_hal_msp.c.obj
 .debug_abbrev  0x00000fb3      0x2a1 CMakeFiles/TX_Remote_Control.elf.dir/Core/Src/stm32f1xx_it.c.obj
 .debug_abbrev  0x00001254      0x31e CMakeFiles/TX_Remote_Control.elf.dir/Core/Src/syscalls.c.obj
 .debug_abbrev  0x00001572      0x151 CMakeFiles/TX_Remote_Control.elf.dir/Core/Src/system_stm32f1xx.c.obj
 .debug_abbrev  0x000016c3      0x326 CMakeFiles/TX_Remote_Control.elf.dir/Core/Src/usart.c.obj
 .debug_abbrev  0x000019e9      0x219 CMakeFiles/TX_Remote_Control.elf.dir/Drivers/STM32F1xx_HAL_Driver/Src/stm32f1xx_hal.c.obj
 .debug_abbrev  0x00001c02      0x228 CMakeFiles/TX_Remote_Control.elf.dir/Drivers/STM32F1xx_HAL_Driver/Src/stm32f1xx_hal_adc.c.obj
 .debug_abbrev  0x00001e2a      0x272 CMakeFiles/TX_Remote_Control.elf.dir/Drivers/STM32F1xx_HAL_Driver/Src/stm32f1xx_hal_adc_ex.c.obj
 .debug_abbrev  0x0000209c      0x367 CMakeFiles/TX_Remote_Control.elf.dir/Drivers/STM32F1xx_HAL_Driver/Src/stm32f1xx_hal_cortex.c.obj
 .debug_abbrev  0x00002403      0x262 CMakeFiles/TX_Remote_Control.elf.dir/Drivers/STM32F1xx_HAL_Driver/Src/stm32f1xx_hal_dma.c.obj
 .debug_abbrev  0x00002665      0x213 CMakeFiles/TX_Remote_Control.elf.dir/Drivers/STM32F1xx_HAL_Driver/Src/stm32f1xx_hal_gpio.c.obj
 .debug_abbrev  0x00002878      0x28d CMakeFiles/TX_Remote_Control.elf.dir/Drivers/STM32F1xx_HAL_Driver/Src/stm32f1xx_hal_rcc.c.obj
 .debug_abbrev  0x00002b05      0x1f8 CMakeFiles/TX_Remote_Control.elf.dir/Drivers/STM32F1xx_HAL_Driver/Src/stm32f1xx_hal_rcc_ex.c.obj
 .debug_abbrev  0x00002cfd      0x267 CMakeFiles/TX_Remote_Control.elf.dir/Drivers/STM32F1xx_HAL_Driver/Src/stm32f1xx_hal_spi.c.obj
 .debug_abbrev  0x00002f64      0x293 CMakeFiles/TX_Remote_Control.elf.dir/Drivers/STM32F1xx_HAL_Driver/Src/stm32f1xx_hal_uart.c.obj
 .debug_abbrev  0x000031f7      0x38c CMakeFiles/TX_Remote_Control.elf.dir/Hardware/NRF24L01/bsp_nrf24l01.c.obj
 .debug_abbrev  0x00003583      0x252 CMakeFiles/TX_Remote_Control.elf.dir/System/delay/delay.c.obj
 .debug_abbrev  0x000037d5      0x2cc CMakeFiles/TX_Remote_Control.elf.dir/System/retarget/retarget.c.obj
 .debug_abbrev  0x00003aa1       0x12 CMakeFiles/TX_Remote_Control.elf.dir/startup/startup_stm32f103xb.s.obj

.debug_loc      0x00000000     0x768e
 .debug_loc     0x00000000       0x71 CMakeFiles/TX_Remote_Control.elf.dir/Core/Src/adc.c.obj
 .debug_loc     0x00000071       0x6c CMakeFiles/TX_Remote_Control.elf.dir/Core/Src/gpio.c.obj
 .debug_loc     0x000000dd       0x23 CMakeFiles/TX_Remote_Control.elf.dir/Core/Src/main.c.obj
 .debug_loc     0x00000100       0x84 CMakeFiles/TX_Remote_Control.elf.dir/Core/Src/spi.c.obj
 .debug_loc     0x00000184       0x15 CMakeFiles/TX_Remote_Control.elf.dir/Core/Src/stm32f1xx_hal_msp.c.obj
 .debug_loc     0x00000199      0x436 CMakeFiles/TX_Remote_Control.elf.dir/Core/Src/syscalls.c.obj
 .debug_loc     0x000005cf       0xff CMakeFiles/TX_Remote_Control.elf.dir/Core/Src/system_stm32f1xx.c.obj
 .debug_loc     0x000006ce      0x169 CMakeFiles/TX_Remote_Control.elf.dir/Core/Src/usart.c.obj
 .debug_loc     0x00000837      0x141 CMakeFiles/TX_Remote_Control.elf.dir/Drivers/STM32F1xx_HAL_Driver/Src/stm32f1xx_hal.c.obj
 .debug_loc     0x00000978      0xad9 CMakeFiles/TX_Remote_Control.elf.dir/Drivers/STM32F1xx_HAL_Driver/Src/stm32f1xx_hal_adc.c.obj
 .debug_loc     0x00001451      0x8e3 CMakeFiles/TX_Remote_Control.elf.dir/Drivers/STM32F1xx_HAL_Driver/Src/stm32f1xx_hal_adc_ex.c.obj
 .debug_loc     0x00001d34      0x71f CMakeFiles/TX_Remote_Control.elf.dir/Drivers/STM32F1xx_HAL_Driver/Src/stm32f1xx_hal_cortex.c.obj
 .debug_loc     0x00002453      0x7d1 CMakeFiles/TX_Remote_Control.elf.dir/Drivers/STM32F1xx_HAL_Driver/Src/stm32f1xx_hal_dma.c.obj
 .debug_loc     0x00002c24      0x468 CMakeFiles/TX_Remote_Control.elf.dir/Drivers/STM32F1xx_HAL_Driver/Src/stm32f1xx_hal_gpio.c.obj
 .debug_loc     0x0000308c      0x610 CMakeFiles/TX_Remote_Control.elf.dir/Drivers/STM32F1xx_HAL_Driver/Src/stm32f1xx_hal_rcc.c.obj
 .debug_loc     0x0000369c      0x38e CMakeFiles/TX_Remote_Control.elf.dir/Drivers/STM32F1xx_HAL_Driver/Src/stm32f1xx_hal_rcc_ex.c.obj
 .debug_loc     0x00003a2a     0x1d3e CMakeFiles/TX_Remote_Control.elf.dir/Drivers/STM32F1xx_HAL_Driver/Src/stm32f1xx_hal_spi.c.obj
 .debug_loc     0x00005768     0x1951 CMakeFiles/TX_Remote_Control.elf.dir/Drivers/STM32F1xx_HAL_Driver/Src/stm32f1xx_hal_uart.c.obj
 .debug_loc     0x000070b9      0x2f8 CMakeFiles/TX_Remote_Control.elf.dir/Hardware/NRF24L01/bsp_nrf24l01.c.obj
 .debug_loc     0x000073b1       0xcb CMakeFiles/TX_Remote_Control.elf.dir/System/delay/delay.c.obj
 .debug_loc     0x0000747c      0x212 CMakeFiles/TX_Remote_Control.elf.dir/System/retarget/retarget.c.obj

.debug_aranges  0x00000000      0xba0
 .debug_aranges
                0x00000000       0x30 CMakeFiles/TX_Remote_Control.elf.dir/Core/Src/adc.c.obj
 .debug_aranges
                0x00000030       0x20 CMakeFiles/TX_Remote_Control.elf.dir/Core/Src/dma.c.obj
 .debug_aranges
                0x00000050       0x28 CMakeFiles/TX_Remote_Control.elf.dir/Core/Src/gpio.c.obj
 .debug_aranges
                0x00000078       0x30 CMakeFiles/TX_Remote_Control.elf.dir/Core/Src/main.c.obj
 .debug_aranges
                0x000000a8       0x30 CMakeFiles/TX_Remote_Control.elf.dir/Core/Src/spi.c.obj
 .debug_aranges
                0x000000d8       0x20 CMakeFiles/TX_Remote_Control.elf.dir/Core/Src/stm32f1xx_hal_msp.c.obj
 .debug_aranges
                0x000000f8       0x78 CMakeFiles/TX_Remote_Control.elf.dir/Core/Src/stm32f1xx_it.c.obj
 .debug_aranges
                0x00000170       0xb0 CMakeFiles/TX_Remote_Control.elf.dir/Core/Src/syscalls.c.obj
 .debug_aranges
                0x00000220       0x28 CMakeFiles/TX_Remote_Control.elf.dir/Core/Src/system_stm32f1xx.c.obj
 .debug_aranges
                0x00000248       0x58 CMakeFiles/TX_Remote_Control.elf.dir/Core/Src/usart.c.obj
 .debug_aranges
                0x000002a0       0xe0 CMakeFiles/TX_Remote_Control.elf.dir/Drivers/STM32F1xx_HAL_Driver/Src/stm32f1xx_hal.c.obj
 .debug_aranges
                0x00000380       0xf0 CMakeFiles/TX_Remote_Control.elf.dir/Drivers/STM32F1xx_HAL_Driver/Src/stm32f1xx_hal_adc.c.obj
 .debug_aranges
                0x00000470       0x80 CMakeFiles/TX_Remote_Control.elf.dir/Drivers/STM32F1xx_HAL_Driver/Src/stm32f1xx_hal_adc_ex.c.obj
 .debug_aranges
                0x000004f0       0x90 CMakeFiles/TX_Remote_Control.elf.dir/Drivers/STM32F1xx_HAL_Driver/Src/stm32f1xx_hal_cortex.c.obj
 .debug_aranges
                0x00000580       0x80 CMakeFiles/TX_Remote_Control.elf.dir/Drivers/STM32F1xx_HAL_Driver/Src/stm32f1xx_hal_dma.c.obj
 .debug_aranges
                0x00000600       0x58 CMakeFiles/TX_Remote_Control.elf.dir/Drivers/STM32F1xx_HAL_Driver/Src/stm32f1xx_hal_gpio.c.obj
 .debug_aranges
                0x00000658       0x90 CMakeFiles/TX_Remote_Control.elf.dir/Drivers/STM32F1xx_HAL_Driver/Src/stm32f1xx_hal_rcc.c.obj
 .debug_aranges
                0x000006e8       0x30 CMakeFiles/TX_Remote_Control.elf.dir/Drivers/STM32F1xx_HAL_Driver/Src/stm32f1xx_hal_rcc_ex.c.obj
 .debug_aranges
                0x00000718      0x1d0 CMakeFiles/TX_Remote_Control.elf.dir/Drivers/STM32F1xx_HAL_Driver/Src/stm32f1xx_hal_spi.c.obj
 .debug_aranges
                0x000008e8      0x1d0 CMakeFiles/TX_Remote_Control.elf.dir/Drivers/STM32F1xx_HAL_Driver/Src/stm32f1xx_hal_uart.c.obj
 .debug_aranges
                0x00000ab8       0x70 CMakeFiles/TX_Remote_Control.elf.dir/Hardware/NRF24L01/bsp_nrf24l01.c.obj
 .debug_aranges
                0x00000b28       0x20 CMakeFiles/TX_Remote_Control.elf.dir/System/delay/delay.c.obj
 .debug_aranges
                0x00000b48       0x30 CMakeFiles/TX_Remote_Control.elf.dir/System/retarget/retarget.c.obj
 .debug_aranges
                0x00000b78       0x28 CMakeFiles/TX_Remote_Control.elf.dir/startup/startup_stm32f103xb.s.obj

.debug_ranges   0x00000000      0xad8
 .debug_ranges  0x00000000       0x20 CMakeFiles/TX_Remote_Control.elf.dir/Core/Src/adc.c.obj
 .debug_ranges  0x00000020       0x10 CMakeFiles/TX_Remote_Control.elf.dir/Core/Src/dma.c.obj
 .debug_ranges  0x00000030       0x18 CMakeFiles/TX_Remote_Control.elf.dir/Core/Src/gpio.c.obj
 .debug_ranges  0x00000048       0x38 CMakeFiles/TX_Remote_Control.elf.dir/Core/Src/main.c.obj
 .debug_ranges  0x00000080       0x20 CMakeFiles/TX_Remote_Control.elf.dir/Core/Src/spi.c.obj
 .debug_ranges  0x000000a0       0x10 CMakeFiles/TX_Remote_Control.elf.dir/Core/Src/stm32f1xx_hal_msp.c.obj
 .debug_ranges  0x000000b0       0x68 CMakeFiles/TX_Remote_Control.elf.dir/Core/Src/stm32f1xx_it.c.obj
 .debug_ranges  0x00000118       0xa0 CMakeFiles/TX_Remote_Control.elf.dir/Core/Src/syscalls.c.obj
 .debug_ranges  0x000001b8       0x18 CMakeFiles/TX_Remote_Control.elf.dir/Core/Src/system_stm32f1xx.c.obj
 .debug_ranges  0x000001d0       0x48 CMakeFiles/TX_Remote_Control.elf.dir/Core/Src/usart.c.obj
 .debug_ranges  0x00000218       0xd0 CMakeFiles/TX_Remote_Control.elf.dir/Drivers/STM32F1xx_HAL_Driver/Src/stm32f1xx_hal.c.obj
 .debug_ranges  0x000002e8       0xe0 CMakeFiles/TX_Remote_Control.elf.dir/Drivers/STM32F1xx_HAL_Driver/Src/stm32f1xx_hal_adc.c.obj
 .debug_ranges  0x000003c8       0x70 CMakeFiles/TX_Remote_Control.elf.dir/Drivers/STM32F1xx_HAL_Driver/Src/stm32f1xx_hal_adc_ex.c.obj
 .debug_ranges  0x00000438       0xe0 CMakeFiles/TX_Remote_Control.elf.dir/Drivers/STM32F1xx_HAL_Driver/Src/stm32f1xx_hal_cortex.c.obj
 .debug_ranges  0x00000518       0x70 CMakeFiles/TX_Remote_Control.elf.dir/Drivers/STM32F1xx_HAL_Driver/Src/stm32f1xx_hal_dma.c.obj
 .debug_ranges  0x00000588       0x48 CMakeFiles/TX_Remote_Control.elf.dir/Drivers/STM32F1xx_HAL_Driver/Src/stm32f1xx_hal_gpio.c.obj
 .debug_ranges  0x000005d0       0xa0 CMakeFiles/TX_Remote_Control.elf.dir/Drivers/STM32F1xx_HAL_Driver/Src/stm32f1xx_hal_rcc.c.obj
 .debug_ranges  0x00000670       0x38 CMakeFiles/TX_Remote_Control.elf.dir/Drivers/STM32F1xx_HAL_Driver/Src/stm32f1xx_hal_rcc_ex.c.obj
 .debug_ranges  0x000006a8      0x1c0 CMakeFiles/TX_Remote_Control.elf.dir/Drivers/STM32F1xx_HAL_Driver/Src/stm32f1xx_hal_spi.c.obj
 .debug_ranges  0x00000868      0x1c0 CMakeFiles/TX_Remote_Control.elf.dir/Drivers/STM32F1xx_HAL_Driver/Src/stm32f1xx_hal_uart.c.obj
 .debug_ranges  0x00000a28       0x60 CMakeFiles/TX_Remote_Control.elf.dir/Hardware/NRF24L01/bsp_nrf24l01.c.obj
 .debug_ranges  0x00000a88       0x10 CMakeFiles/TX_Remote_Control.elf.dir/System/delay/delay.c.obj
 .debug_ranges  0x00000a98       0x20 CMakeFiles/TX_Remote_Control.elf.dir/System/retarget/retarget.c.obj
 .debug_ranges  0x00000ab8       0x20 CMakeFiles/TX_Remote_Control.elf.dir/startup/startup_stm32f103xb.s.obj

.debug_line     0x00000000     0xd94a
 .debug_line    0x00000000      0x660 CMakeFiles/TX_Remote_Control.elf.dir/Core/Src/adc.c.obj
 .debug_line    0x00000660      0x476 CMakeFiles/TX_Remote_Control.elf.dir/Core/Src/dma.c.obj
 .debug_line    0x00000ad6      0x55a CMakeFiles/TX_Remote_Control.elf.dir/Core/Src/gpio.c.obj
 .debug_line    0x00001030      0x811 CMakeFiles/TX_Remote_Control.elf.dir/Core/Src/main.c.obj
 .debug_line    0x00001841      0x59c CMakeFiles/TX_Remote_Control.elf.dir/Core/Src/spi.c.obj
 .debug_line    0x00001ddd      0x4ac CMakeFiles/TX_Remote_Control.elf.dir/Core/Src/stm32f1xx_hal_msp.c.obj
 .debug_line    0x00002289      0x649 CMakeFiles/TX_Remote_Control.elf.dir/Core/Src/stm32f1xx_it.c.obj
 .debug_line    0x000028d2      0x510 CMakeFiles/TX_Remote_Control.elf.dir/Core/Src/syscalls.c.obj
 .debug_line    0x00002de2      0x348 CMakeFiles/TX_Remote_Control.elf.dir/Core/Src/system_stm32f1xx.c.obj
 .debug_line    0x0000312a      0x67e CMakeFiles/TX_Remote_Control.elf.dir/Core/Src/usart.c.obj
 .debug_line    0x000037a8      0x5d8 CMakeFiles/TX_Remote_Control.elf.dir/Drivers/STM32F1xx_HAL_Driver/Src/stm32f1xx_hal.c.obj
 .debug_line    0x00003d80      0xf86 CMakeFiles/TX_Remote_Control.elf.dir/Drivers/STM32F1xx_HAL_Driver/Src/stm32f1xx_hal_adc.c.obj
 .debug_line    0x00004d06      0xc4f CMakeFiles/TX_Remote_Control.elf.dir/Drivers/STM32F1xx_HAL_Driver/Src/stm32f1xx_hal_adc_ex.c.obj
 .debug_line    0x00005955      0x72e CMakeFiles/TX_Remote_Control.elf.dir/Drivers/STM32F1xx_HAL_Driver/Src/stm32f1xx_hal_cortex.c.obj
 .debug_line    0x00006083      0xb4d CMakeFiles/TX_Remote_Control.elf.dir/Drivers/STM32F1xx_HAL_Driver/Src/stm32f1xx_hal_dma.c.obj
 .debug_line    0x00006bd0      0x6da CMakeFiles/TX_Remote_Control.elf.dir/Drivers/STM32F1xx_HAL_Driver/Src/stm32f1xx_hal_gpio.c.obj
 .debug_line    0x000072aa      0xcf5 CMakeFiles/TX_Remote_Control.elf.dir/Drivers/STM32F1xx_HAL_Driver/Src/stm32f1xx_hal_rcc.c.obj
 .debug_line    0x00007f9f      0x582 CMakeFiles/TX_Remote_Control.elf.dir/Drivers/STM32F1xx_HAL_Driver/Src/stm32f1xx_hal_rcc_ex.c.obj
 .debug_line    0x00008521     0x2513 CMakeFiles/TX_Remote_Control.elf.dir/Drivers/STM32F1xx_HAL_Driver/Src/stm32f1xx_hal_spi.c.obj
 .debug_line    0x0000aa34     0x1c9a CMakeFiles/TX_Remote_Control.elf.dir/Drivers/STM32F1xx_HAL_Driver/Src/stm32f1xx_hal_uart.c.obj
 .debug_line    0x0000c6ce      0x859 CMakeFiles/TX_Remote_Control.elf.dir/Hardware/NRF24L01/bsp_nrf24l01.c.obj
 .debug_line    0x0000cf27      0x53f CMakeFiles/TX_Remote_Control.elf.dir/System/delay/delay.c.obj
 .debug_line    0x0000d466      0x42e CMakeFiles/TX_Remote_Control.elf.dir/System/retarget/retarget.c.obj
 .debug_line    0x0000d894       0xb6 CMakeFiles/TX_Remote_Control.elf.dir/startup/startup_stm32f103xb.s.obj

.debug_str      0x00000000     0x3aa8
 .debug_str     0x00000000     0x10e2 CMakeFiles/TX_Remote_Control.elf.dir/Core/Src/adc.c.obj
                               0x122c (size before relaxing)
 .debug_str     0x000010e2       0x57 CMakeFiles/TX_Remote_Control.elf.dir/Core/Src/dma.c.obj
                                0xdd7 (size before relaxing)
 .debug_str     0x00001139       0xb0 CMakeFiles/TX_Remote_Control.elf.dir/Core/Src/gpio.c.obj
                                0xe86 (size before relaxing)
 .debug_str     0x000011e9      0x2e5 CMakeFiles/TX_Remote_Control.elf.dir/Core/Src/main.c.obj
                               0x10a4 (size before relaxing)
 .debug_str     0x000014ce       0x91 CMakeFiles/TX_Remote_Control.elf.dir/Core/Src/spi.c.obj
                                0xea6 (size before relaxing)
 .debug_str     0x0000155f       0xb0 CMakeFiles/TX_Remote_Control.elf.dir/Core/Src/stm32f1xx_hal_msp.c.obj
                                0xe30 (size before relaxing)
 .debug_str     0x0000160f      0x176 CMakeFiles/TX_Remote_Control.elf.dir/Core/Src/stm32f1xx_it.c.obj
                                0xec5 (size before relaxing)
 .debug_str     0x00001785      0x27f CMakeFiles/TX_Remote_Control.elf.dir/Core/Src/syscalls.c.obj
                                0x88d (size before relaxing)
 .debug_str     0x00001a04       0x8b CMakeFiles/TX_Remote_Control.elf.dir/Core/Src/system_stm32f1xx.c.obj
                                0x363 (size before relaxing)
 .debug_str     0x00001a8f       0xdd CMakeFiles/TX_Remote_Control.elf.dir/Core/Src/usart.c.obj
                               0x122b (size before relaxing)
 .debug_str     0x00001b6c      0x29a CMakeFiles/TX_Remote_Control.elf.dir/Drivers/STM32F1xx_HAL_Driver/Src/stm32f1xx_hal.c.obj
                                0x8e0 (size before relaxing)
 .debug_str     0x00001e06      0x351 CMakeFiles/TX_Remote_Control.elf.dir/Drivers/STM32F1xx_HAL_Driver/Src/stm32f1xx_hal_adc.c.obj
                                0x9fe (size before relaxing)
 .debug_str     0x00002157      0x2ae CMakeFiles/TX_Remote_Control.elf.dir/Drivers/STM32F1xx_HAL_Driver/Src/stm32f1xx_hal_adc_ex.c.obj
                                0x9b1 (size before relaxing)
 .debug_str     0x00002405      0x3cd CMakeFiles/TX_Remote_Control.elf.dir/Drivers/STM32F1xx_HAL_Driver/Src/stm32f1xx_hal_cortex.c.obj
                                0x9fc (size before relaxing)
 .debug_str     0x000027d2      0x22a CMakeFiles/TX_Remote_Control.elf.dir/Drivers/STM32F1xx_HAL_Driver/Src/stm32f1xx_hal_dma.c.obj
                                0x74a (size before relaxing)
 .debug_str     0x000029fc      0x12e CMakeFiles/TX_Remote_Control.elf.dir/Drivers/STM32F1xx_HAL_Driver/Src/stm32f1xx_hal_gpio.c.obj
                                0x54d (size before relaxing)
 .debug_str     0x00002b2a      0x21e CMakeFiles/TX_Remote_Control.elf.dir/Drivers/STM32F1xx_HAL_Driver/Src/stm32f1xx_hal_rcc.c.obj
                                0x72f (size before relaxing)
 .debug_str     0x00002d48       0xbd CMakeFiles/TX_Remote_Control.elf.dir/Drivers/STM32F1xx_HAL_Driver/Src/stm32f1xx_hal_rcc_ex.c.obj
                                0x50e (size before relaxing)
 .debug_str     0x00002e05      0x55b CMakeFiles/TX_Remote_Control.elf.dir/Drivers/STM32F1xx_HAL_Driver/Src/stm32f1xx_hal_spi.c.obj
                                0xc8b (size before relaxing)
 .debug_str     0x00003360      0x50a CMakeFiles/TX_Remote_Control.elf.dir/Drivers/STM32F1xx_HAL_Driver/Src/stm32f1xx_hal_uart.c.obj
                                0xcdd (size before relaxing)
 .debug_str     0x0000386a      0x112 CMakeFiles/TX_Remote_Control.elf.dir/Hardware/NRF24L01/bsp_nrf24l01.c.obj
                                0xf86 (size before relaxing)
 .debug_str     0x0000397c       0x56 CMakeFiles/TX_Remote_Control.elf.dir/System/delay/delay.c.obj
                                0xdc6 (size before relaxing)
 .debug_str     0x000039d2       0x6e CMakeFiles/TX_Remote_Control.elf.dir/System/retarget/retarget.c.obj
                                0xb26 (size before relaxing)
 .debug_str     0x00003a40       0x68 CMakeFiles/TX_Remote_Control.elf.dir/startup/startup_stm32f103xb.s.obj
                                 0xb6 (size before relaxing)

.comment        0x00000000       0x4c
 .comment       0x00000000       0x4c CMakeFiles/TX_Remote_Control.elf.dir/Core/Src/adc.c.obj
                                 0x4d (size before relaxing)
 .comment       0x0000004c       0x4d CMakeFiles/TX_Remote_Control.elf.dir/Core/Src/dma.c.obj
 .comment       0x0000004c       0x4d CMakeFiles/TX_Remote_Control.elf.dir/Core/Src/gpio.c.obj
 .comment       0x0000004c       0x4d CMakeFiles/TX_Remote_Control.elf.dir/Core/Src/main.c.obj
 .comment       0x0000004c       0x4d CMakeFiles/TX_Remote_Control.elf.dir/Core/Src/spi.c.obj
 .comment       0x0000004c       0x4d CMakeFiles/TX_Remote_Control.elf.dir/Core/Src/stm32f1xx_hal_msp.c.obj
 .comment       0x0000004c       0x4d CMakeFiles/TX_Remote_Control.elf.dir/Core/Src/stm32f1xx_it.c.obj
 .comment       0x0000004c       0x4d CMakeFiles/TX_Remote_Control.elf.dir/Core/Src/syscalls.c.obj
 .comment       0x0000004c       0x4d CMakeFiles/TX_Remote_Control.elf.dir/Core/Src/system_stm32f1xx.c.obj
 .comment       0x0000004c       0x4d CMakeFiles/TX_Remote_Control.elf.dir/Core/Src/usart.c.obj
 .comment       0x0000004c       0x4d CMakeFiles/TX_Remote_Control.elf.dir/Drivers/STM32F1xx_HAL_Driver/Src/stm32f1xx_hal.c.obj
 .comment       0x0000004c       0x4d CMakeFiles/TX_Remote_Control.elf.dir/Drivers/STM32F1xx_HAL_Driver/Src/stm32f1xx_hal_adc.c.obj
 .comment       0x0000004c       0x4d CMakeFiles/TX_Remote_Control.elf.dir/Drivers/STM32F1xx_HAL_Driver/Src/stm32f1xx_hal_adc_ex.c.obj
 .comment       0x0000004c       0x4d CMakeFiles/TX_Remote_Control.elf.dir/Drivers/STM32F1xx_HAL_Driver/Src/stm32f1xx_hal_cortex.c.obj
 .comment       0x0000004c       0x4d CMakeFiles/TX_Remote_Control.elf.dir/Drivers/STM32F1xx_HAL_Driver/Src/stm32f1xx_hal_dma.c.obj
 .comment       0x0000004c       0x4d CMakeFiles/TX_Remote_Control.elf.dir/Drivers/STM32F1xx_HAL_Driver/Src/stm32f1xx_hal_gpio.c.obj
 .comment       0x0000004c       0x4d CMakeFiles/TX_Remote_Control.elf.dir/Drivers/STM32F1xx_HAL_Driver/Src/stm32f1xx_hal_rcc.c.obj
 .comment       0x0000004c       0x4d CMakeFiles/TX_Remote_Control.elf.dir/Drivers/STM32F1xx_HAL_Driver/Src/stm32f1xx_hal_rcc_ex.c.obj
 .comment       0x0000004c       0x4d CMakeFiles/TX_Remote_Control.elf.dir/Drivers/STM32F1xx_HAL_Driver/Src/stm32f1xx_hal_spi.c.obj
 .comment       0x0000004c       0x4d CMakeFiles/TX_Remote_Control.elf.dir/Drivers/STM32F1xx_HAL_Driver/Src/stm32f1xx_hal_uart.c.obj
 .comment       0x0000004c       0x4d CMakeFiles/TX_Remote_Control.elf.dir/Hardware/NRF24L01/bsp_nrf24l01.c.obj
 .comment       0x0000004c       0x4d CMakeFiles/TX_Remote_Control.elf.dir/System/delay/delay.c.obj
 .comment       0x0000004c       0x4d CMakeFiles/TX_Remote_Control.elf.dir/System/retarget/retarget.c.obj

.debug_frame    0x00000000     0x2784
 .debug_frame   0x00000000       0x6c CMakeFiles/TX_Remote_Control.elf.dir/Core/Src/adc.c.obj
 .debug_frame   0x0000006c       0x28 CMakeFiles/TX_Remote_Control.elf.dir/Core/Src/dma.c.obj
 .debug_frame   0x00000094       0x54 CMakeFiles/TX_Remote_Control.elf.dir/Core/Src/gpio.c.obj
 .debug_frame   0x000000e8       0x58 CMakeFiles/TX_Remote_Control.elf.dir/Core/Src/main.c.obj
 .debug_frame   0x00000140       0x60 CMakeFiles/TX_Remote_Control.elf.dir/Core/Src/spi.c.obj
 .debug_frame   0x000001a0       0x2c CMakeFiles/TX_Remote_Control.elf.dir/Core/Src/stm32f1xx_hal_msp.c.obj
 .debug_frame   0x000001cc       0xf8 CMakeFiles/TX_Remote_Control.elf.dir/Core/Src/stm32f1xx_it.c.obj
 .debug_frame   0x000002c4      0x1a8 CMakeFiles/TX_Remote_Control.elf.dir/Core/Src/syscalls.c.obj
 .debug_frame   0x0000046c       0x30 CMakeFiles/TX_Remote_Control.elf.dir/Core/Src/system_stm32f1xx.c.obj
 .debug_frame   0x0000049c       0xe4 CMakeFiles/TX_Remote_Control.elf.dir/Core/Src/usart.c.obj
 .debug_frame   0x00000580      0x1cc CMakeFiles/TX_Remote_Control.elf.dir/Drivers/STM32F1xx_HAL_Driver/Src/stm32f1xx_hal.c.obj
 .debug_frame   0x0000074c      0x2c4 CMakeFiles/TX_Remote_Control.elf.dir/Drivers/STM32F1xx_HAL_Driver/Src/stm32f1xx_hal_adc.c.obj
 .debug_frame   0x00000a10      0x190 CMakeFiles/TX_Remote_Control.elf.dir/Drivers/STM32F1xx_HAL_Driver/Src/stm32f1xx_hal_adc_ex.c.obj
 .debug_frame   0x00000ba0      0x12c CMakeFiles/TX_Remote_Control.elf.dir/Drivers/STM32F1xx_HAL_Driver/Src/stm32f1xx_hal_cortex.c.obj
 .debug_frame   0x00000ccc      0x148 CMakeFiles/TX_Remote_Control.elf.dir/Drivers/STM32F1xx_HAL_Driver/Src/stm32f1xx_hal_dma.c.obj
 .debug_frame   0x00000e14       0xe8 CMakeFiles/TX_Remote_Control.elf.dir/Drivers/STM32F1xx_HAL_Driver/Src/stm32f1xx_hal_gpio.c.obj
 .debug_frame   0x00000efc      0x190 CMakeFiles/TX_Remote_Control.elf.dir/Drivers/STM32F1xx_HAL_Driver/Src/stm32f1xx_hal_rcc.c.obj
 .debug_frame   0x0000108c       0x64 CMakeFiles/TX_Remote_Control.elf.dir/Drivers/STM32F1xx_HAL_Driver/Src/stm32f1xx_hal_rcc_ex.c.obj
 .debug_frame   0x000010f0      0x5a0 CMakeFiles/TX_Remote_Control.elf.dir/Drivers/STM32F1xx_HAL_Driver/Src/stm32f1xx_hal_spi.c.obj
 .debug_frame   0x00001690      0x4e8 CMakeFiles/TX_Remote_Control.elf.dir/Drivers/STM32F1xx_HAL_Driver/Src/stm32f1xx_hal_uart.c.obj
 .debug_frame   0x00001b78      0x154 CMakeFiles/TX_Remote_Control.elf.dir/Hardware/NRF24L01/bsp_nrf24l01.c.obj
 .debug_frame   0x00001ccc       0x28 CMakeFiles/TX_Remote_Control.elf.dir/System/delay/delay.c.obj
 .debug_frame   0x00001cf4       0x58 CMakeFiles/TX_Remote_Control.elf.dir/System/retarget/retarget.c.obj
 .debug_frame   0x00001d4c       0x20 d:/progra~1/stm32c~1/gcc-ar~1/bin/../lib/gcc/arm-none-eabi/9.3.1/../../../../arm-none-eabi/lib/thumb/v7-m/nofp\libg.a(lib_a-errno.o)
 .debug_frame   0x00001d6c       0x2c d:/progra~1/stm32c~1/gcc-ar~1/bin/../lib/gcc/arm-none-eabi/9.3.1/../../../../arm-none-eabi/lib/thumb/v7-m/nofp\libg.a(lib_a-init.o)
 .debug_frame   0x00001d98       0x38 d:/progra~1/stm32c~1/gcc-ar~1/bin/../lib/gcc/arm-none-eabi/9.3.1/../../../../arm-none-eabi/lib/thumb/v7-m/nofp\libg.a(lib_a-memset.o)
 .debug_frame   0x00001dd0       0x4c d:/progra~1/stm32c~1/gcc-ar~1/bin/../lib/gcc/arm-none-eabi/9.3.1/../../../../arm-none-eabi/lib/thumb/v7-m/nofp\libg.a(lib_a-puts.o)
 .debug_frame   0x00001e1c       0x48 d:/progra~1/stm32c~1/gcc-ar~1/bin/../lib/gcc/arm-none-eabi/9.3.1/../../../../arm-none-eabi/lib/thumb/v7-m/nofp\libg.a(lib_a-setvbuf.o)
 .debug_frame   0x00001e64       0x20 d:/progra~1/stm32c~1/gcc-ar~1/bin/../lib/gcc/arm-none-eabi/9.3.1/../../../../arm-none-eabi/lib/thumb/v7-m/nofp\libg.a(lib_a-strlen-stub.o)
 .debug_frame   0x00001e84       0x2c d:/progra~1/stm32c~1/gcc-ar~1/bin/../lib/gcc/arm-none-eabi/9.3.1/../../../../arm-none-eabi/lib/thumb/v7-m/nofp\libg.a(lib_a-wsetup.o)
 .debug_frame   0x00001eb0       0x5c d:/progra~1/stm32c~1/gcc-ar~1/bin/../lib/gcc/arm-none-eabi/9.3.1/../../../../arm-none-eabi/lib/thumb/v7-m/nofp\libg.a(lib_a-__call_atexit.o)
 .debug_frame   0x00001f0c       0x20 d:/progra~1/stm32c~1/gcc-ar~1/bin/../lib/gcc/arm-none-eabi/9.3.1/../../../../arm-none-eabi/lib/thumb/v7-m/nofp\libg.a(lib_a-atexit.o)
 .debug_frame   0x00001f2c       0x5c d:/progra~1/stm32c~1/gcc-ar~1/bin/../lib/gcc/arm-none-eabi/9.3.1/../../../../arm-none-eabi/lib/thumb/v7-m/nofp\libg.a(lib_a-fflush.o)
 .debug_frame   0x00001f88      0x154 d:/progra~1/stm32c~1/gcc-ar~1/bin/../lib/gcc/arm-none-eabi/9.3.1/../../../../arm-none-eabi/lib/thumb/v7-m/nofp\libg.a(lib_a-findfp.o)
 .debug_frame   0x000020dc       0x34 d:/progra~1/stm32c~1/gcc-ar~1/bin/../lib/gcc/arm-none-eabi/9.3.1/../../../../arm-none-eabi/lib/thumb/v7-m/nofp\libg.a(lib_a-fini.o)
 .debug_frame   0x00002110       0x8c d:/progra~1/stm32c~1/gcc-ar~1/bin/../lib/gcc/arm-none-eabi/9.3.1/../../../../arm-none-eabi/lib/thumb/v7-m/nofp\libg.a(lib_a-freer.o)
 .debug_frame   0x0000219c       0x64 d:/progra~1/stm32c~1/gcc-ar~1/bin/../lib/gcc/arm-none-eabi/9.3.1/../../../../arm-none-eabi/lib/thumb/v7-m/nofp\libg.a(lib_a-fvwrite.o)
 .debug_frame   0x00002200       0x54 d:/progra~1/stm32c~1/gcc-ar~1/bin/../lib/gcc/arm-none-eabi/9.3.1/../../../../arm-none-eabi/lib/thumb/v7-m/nofp\libg.a(lib_a-fwalk.o)
 .debug_frame   0x00002254       0xb0 d:/progra~1/stm32c~1/gcc-ar~1/bin/../lib/gcc/arm-none-eabi/9.3.1/../../../../arm-none-eabi/lib/thumb/v7-m/nofp\libg.a(lib_a-lock.o)
 .debug_frame   0x00002304       0x6c d:/progra~1/stm32c~1/gcc-ar~1/bin/../lib/gcc/arm-none-eabi/9.3.1/../../../../arm-none-eabi/lib/thumb/v7-m/nofp\libg.a(lib_a-makebuf.o)
 .debug_frame   0x00002370       0x30 d:/progra~1/stm32c~1/gcc-ar~1/bin/../lib/gcc/arm-none-eabi/9.3.1/../../../../arm-none-eabi/lib/thumb/v7-m/nofp\libg.a(lib_a-malloc.o)
 .debug_frame   0x000023a0       0x4c d:/progra~1/stm32c~1/gcc-ar~1/bin/../lib/gcc/arm-none-eabi/9.3.1/../../../../arm-none-eabi/lib/thumb/v7-m/nofp\libg.a(lib_a-mallocr.o)
 .debug_frame   0x000023ec       0x44 d:/progra~1/stm32c~1/gcc-ar~1/bin/../lib/gcc/arm-none-eabi/9.3.1/../../../../arm-none-eabi/lib/thumb/v7-m/nofp\libg.a(lib_a-memchr-stub.o)
 .debug_frame   0x00002430       0x40 d:/progra~1/stm32c~1/gcc-ar~1/bin/../lib/gcc/arm-none-eabi/9.3.1/../../../../arm-none-eabi/lib/thumb/v7-m/nofp\libg.a(lib_a-memmove.o)
 .debug_frame   0x00002470       0x30 d:/progra~1/stm32c~1/gcc-ar~1/bin/../lib/gcc/arm-none-eabi/9.3.1/../../../../arm-none-eabi/lib/thumb/v7-m/nofp\libg.a(lib_a-mlock.o)
 .debug_frame   0x000024a0       0x48 d:/progra~1/stm32c~1/gcc-ar~1/bin/../lib/gcc/arm-none-eabi/9.3.1/../../../../arm-none-eabi/lib/thumb/v7-m/nofp\libg.a(lib_a-reallocr.o)
 .debug_frame   0x000024e8       0x2c d:/progra~1/stm32c~1/gcc-ar~1/bin/../lib/gcc/arm-none-eabi/9.3.1/../../../../arm-none-eabi/lib/thumb/v7-m/nofp\libg.a(lib_a-sbrkr.o)
 .debug_frame   0x00002514       0x8c d:/progra~1/stm32c~1/gcc-ar~1/bin/../lib/gcc/arm-none-eabi/9.3.1/../../../../arm-none-eabi/lib/thumb/v7-m/nofp\libg.a(lib_a-stdio.o)
 .debug_frame   0x000025a0       0x30 d:/progra~1/stm32c~1/gcc-ar~1/bin/../lib/gcc/arm-none-eabi/9.3.1/../../../../arm-none-eabi/lib/thumb/v7-m/nofp\libg.a(lib_a-writer.o)
 .debug_frame   0x000025d0       0x34 d:/progra~1/stm32c~1/gcc-ar~1/bin/../lib/gcc/arm-none-eabi/9.3.1/../../../../arm-none-eabi/lib/thumb/v7-m/nofp\libg.a(lib_a-__atexit.o)
 .debug_frame   0x00002604       0x2c d:/progra~1/stm32c~1/gcc-ar~1/bin/../lib/gcc/arm-none-eabi/9.3.1/../../../../arm-none-eabi/lib/thumb/v7-m/nofp\libg.a(lib_a-closer.o)
 .debug_frame   0x00002630       0x3c d:/progra~1/stm32c~1/gcc-ar~1/bin/../lib/gcc/arm-none-eabi/9.3.1/../../../../arm-none-eabi/lib/thumb/v7-m/nofp\libg.a(lib_a-fclose.o)