Archive member included to satisfy reference by file (symbol)

d:/progra~1/stm32c~1/gcc-ar~1/bin/../lib/gcc/arm-none-eabi/9.3.1/../../../../arm-none-eabi/lib/thumb/v7-m/nofp\libg.a(lib_a-errno.o)
                              CMakeFiles/serial_port_handling.elf.dir/Core/Src/syscalls.c.obj (__errno)
d:/progra~1/stm32c~1/gcc-ar~1/bin/../lib/gcc/arm-none-eabi/9.3.1/../../../../arm-none-eabi/lib/thumb/v7-m/nofp\libg.a(lib_a-exit.o)
                              d:/progra~1/stm32c~1/gcc-ar~1/bin/../lib/gcc/arm-none-eabi/9.3.1/../../../../arm-none-eabi/lib/thumb/v7-m/nofp/crt0.o (exit)
d:/progra~1/stm32c~1/gcc-ar~1/bin/../lib/gcc/arm-none-eabi/9.3.1/../../../../arm-none-eabi/lib/thumb/v7-m/nofp\libg.a(lib_a-impure.o)
                              d:/progra~1/stm32c~1/gcc-ar~1/bin/../lib/gcc/arm-none-eabi/9.3.1/../../../../arm-none-eabi/lib/thumb/v7-m/nofp\libg.a(lib_a-exit.o) (_global_impure_ptr)
d:/progra~1/stm32c~1/gcc-ar~1/bin/../lib/gcc/arm-none-eabi/9.3.1/../../../../arm-none-eabi/lib/thumb/v7-m/nofp\libg.a(lib_a-init.o)
                              d:/progra~1/stm32c~1/gcc-ar~1/bin/../lib/gcc/arm-none-eabi/9.3.1/../../../../arm-none-eabi/lib/thumb/v7-m/nofp/crt0.o (__libc_init_array)
d:/progra~1/stm32c~1/gcc-ar~1/bin/../lib/gcc/arm-none-eabi/9.3.1/../../../../arm-none-eabi/lib/thumb/v7-m/nofp\libg.a(lib_a-memset.o)
                              d:/progra~1/stm32c~1/gcc-ar~1/bin/../lib/gcc/arm-none-eabi/9.3.1/../../../../arm-none-eabi/lib/thumb/v7-m/nofp/crt0.o (memset)
d:/progra~1/stm32c~1/gcc-ar~1/bin/../lib/gcc/arm-none-eabi/9.3.1/../../../../arm-none-eabi/lib/thumb/v7-m/nofp\libg.a(lib_a-puts.o)
                              CMakeFiles/serial_port_handling.elf.dir/Core/Src/main.c.obj (puts)
d:/progra~1/stm32c~1/gcc-ar~1/bin/../lib/gcc/arm-none-eabi/9.3.1/../../../../arm-none-eabi/lib/thumb/v7-m/nofp\libg.a(lib_a-setvbuf.o)
                              CMakeFiles/serial_port_handling.elf.dir/System/retarget/retarget.c.obj (setvbuf)
d:/progra~1/stm32c~1/gcc-ar~1/bin/../lib/gcc/arm-none-eabi/9.3.1/../../../../arm-none-eabi/lib/thumb/v7-m/nofp\libg.a(lib_a-strcmp.o)
                              CMakeFiles/serial_port_handling.elf.dir/Core/Src/usart.c.obj (strcmp)
d:/progra~1/stm32c~1/gcc-ar~1/bin/../lib/gcc/arm-none-eabi/9.3.1/../../../../arm-none-eabi/lib/thumb/v7-m/nofp\libg.a(lib_a-strlen-stub.o)
                              d:/progra~1/stm32c~1/gcc-ar~1/bin/../lib/gcc/arm-none-eabi/9.3.1/../../../../arm-none-eabi/lib/thumb/v7-m/nofp\libg.a(lib_a-puts.o) (strlen)
d:/progra~1/stm32c~1/gcc-ar~1/bin/../lib/gcc/arm-none-eabi/9.3.1/../../../../arm-none-eabi/lib/thumb/v7-m/nofp\libg.a(lib_a-__call_atexit.o)
                              d:/progra~1/stm32c~1/gcc-ar~1/bin/../lib/gcc/arm-none-eabi/9.3.1/../../../../arm-none-eabi/lib/thumb/v7-m/nofp\libg.a(lib_a-exit.o) (__call_exitprocs)
d:/progra~1/stm32c~1/gcc-ar~1/bin/../lib/gcc/arm-none-eabi/9.3.1/../../../../arm-none-eabi/lib/thumb/v7-m/nofp\libg.a(lib_a-atexit.o)
                              d:/progra~1/stm32c~1/gcc-ar~1/bin/../lib/gcc/arm-none-eabi/9.3.1/../../../../arm-none-eabi/lib/thumb/v7-m/nofp\libg.a(lib_a-__call_atexit.o) (atexit)
d:/progra~1/stm32c~1/gcc-ar~1/bin/../lib/gcc/arm-none-eabi/9.3.1/../../../../arm-none-eabi/lib/thumb/v7-m/nofp\libg.a(lib_a-fflush.o)
                              d:/progra~1/stm32c~1/gcc-ar~1/bin/../lib/gcc/arm-none-eabi/9.3.1/../../../../arm-none-eabi/lib/thumb/v7-m/nofp\libg.a(lib_a-setvbuf.o) (_fflush_r)
d:/progra~1/stm32c~1/gcc-ar~1/bin/../lib/gcc/arm-none-eabi/9.3.1/../../../../arm-none-eabi/lib/thumb/v7-m/nofp\libg.a(lib_a-findfp.o)
                              d:/progra~1/stm32c~1/gcc-ar~1/bin/../lib/gcc/arm-none-eabi/9.3.1/../../../../arm-none-eabi/lib/thumb/v7-m/nofp\libg.a(lib_a-puts.o) (__sinit)
d:/progra~1/stm32c~1/gcc-ar~1/bin/../lib/gcc/arm-none-eabi/9.3.1/../../../../arm-none-eabi/lib/thumb/v7-m/nofp\libg.a(lib_a-fini.o)
                              d:/progra~1/stm32c~1/gcc-ar~1/bin/../lib/gcc/arm-none-eabi/9.3.1/../../../../arm-none-eabi/lib/thumb/v7-m/nofp\libg.a(lib_a-__call_atexit.o) (__libc_fini_array)
d:/progra~1/stm32c~1/gcc-ar~1/bin/../lib/gcc/arm-none-eabi/9.3.1/../../../../arm-none-eabi/lib/thumb/v7-m/nofp\libg.a(lib_a-freer.o)
                              d:/progra~1/stm32c~1/gcc-ar~1/bin/../lib/gcc/arm-none-eabi/9.3.1/../../../../arm-none-eabi/lib/thumb/v7-m/nofp\libg.a(lib_a-setvbuf.o) (_free_r)
d:/progra~1/stm32c~1/gcc-ar~1/bin/../lib/gcc/arm-none-eabi/9.3.1/../../../../arm-none-eabi/lib/thumb/v7-m/nofp\libg.a(lib_a-fvwrite.o)
                              d:/progra~1/stm32c~1/gcc-ar~1/bin/../lib/gcc/arm-none-eabi/9.3.1/../../../../arm-none-eabi/lib/thumb/v7-m/nofp\libg.a(lib_a-puts.o) (__sfvwrite_r)
d:/progra~1/stm32c~1/gcc-ar~1/bin/../lib/gcc/arm-none-eabi/9.3.1/../../../../arm-none-eabi/lib/thumb/v7-m/nofp\libg.a(lib_a-fwalk.o)
[...]
Memory Configuration

Name             Origin             Length             Attributes
RAM              0x20000000         0x00005000         xrw
FLASH            0x08000000         0x00010000         xr
*default*        0x00000000         0xffffffff

Linker script and memory map

LOAD d:/progra~1/stm32c~1/gcc-ar~1/bin/../lib/gcc/arm-none-eabi/9.3.1/thumb/v7-m/nofp/crti.o
LOAD d:/progra~1/stm32c~1/gcc-ar~1/bin/../lib/gcc/arm-none-eabi/9.3.1/thumb/v7-m/nofp/crtbegin.o
LOAD d:/progra~1/stm32c~1/gcc-ar~1/bin/../lib/gcc/arm-none-eabi/9.3.1/../../../../arm-none-eabi/lib/thumb/v7-m/nofp/crt0.o
LOAD CMakeFiles/serial_port_handling.elf.dir/Core/Src/gpio.c.obj
LOAD CMakeFiles/serial_port_handling.elf.dir/Core/Src/main.c.obj
LOAD CMakeFiles/serial_port_handling.elf.dir/Core/Src/stm32f1xx_hal_msp.c.obj
LOAD CMakeFiles/serial_port_handling.elf.dir/Core/Src/stm32f1xx_it.c.obj
LOAD CMakeFiles/serial_port_handling.elf.dir/Core/Src/syscalls.c.obj
LOAD CMakeFiles/serial_port_handling.elf.dir/Core/Src/system_stm32f1xx.c.obj
LOAD CMakeFiles/serial_port_handling.elf.dir/Core/Src/usart.c.obj
LOAD CMakeFiles/serial_port_handling.elf.dir/Drivers/STM32F1xx_HAL_Driver/Src/stm32f1xx_hal.c.obj
LOAD CMakeFiles/serial_port_handling.elf.dir/Drivers/STM32F1xx_HAL_Driver/Src/stm32f1xx_hal_cortex.c.obj
LOAD CMakeFiles/serial_port_handling.elf.dir/Drivers/STM32F1xx_HAL_Driver/Src/stm32f1xx_hal_dma.c.obj
LOAD CMakeFiles/serial_port_handling.elf.dir/Drivers/STM32F1xx_HAL_Driver/Src/stm32f1xx_hal_exti.c.obj
LOAD CMakeFiles/serial_port_handling.elf.dir/Drivers/STM32F1xx_HAL_Driver/Src/stm32f1xx_hal_flash.c.obj
LOAD CMakeFiles/serial_port_handling.elf.dir/Drivers/STM32F1xx_HAL_Driver/Src/stm32f1xx_hal_flash_ex.c.obj
LOAD CMakeFiles/serial_port_handling.elf.dir/Drivers/STM32F1xx_HAL_Driver/Src/stm32f1xx_hal_gpio.c.obj
LOAD CMakeFiles/serial_port_handling.elf.dir/Drivers/STM32F1xx_HAL_Driver/Src/stm32f1xx_hal_gpio_ex.c.obj
LOAD CMakeFiles/serial_port_handling.elf.dir/Drivers/STM32F1xx_HAL_Driver/Src/stm32f1xx_hal_pwr.c.obj
LOAD CMakeFiles/serial_port_handling.elf.dir/Drivers/STM32F1xx_HAL_Driver/Src/stm32f1xx_hal_rcc.c.obj
LOAD CMakeFiles/serial_port_handling.elf.dir/Drivers/STM32F1xx_HAL_Driver/Src/stm32f1xx_hal_rcc_ex.c.obj
LOAD CMakeFiles/serial_port_handling.elf.dir/Drivers/STM32F1xx_HAL_Driver/Src/stm32f1xx_hal_tim.c.obj
LOAD CMakeFiles/serial_port_handling.elf.dir/Drivers/STM32F1xx_HAL_Driver/Src/stm32f1xx_hal_tim_ex.c.obj
LOAD CMakeFiles/serial_port_handling.elf.dir/Drivers/STM32F1xx_HAL_Driver/Src/stm32f1xx_hal_uart.c.obj
LOAD CMakeFiles/serial_port_handling.elf.dir/System/delay/delay.c.obj
LOAD CMakeFiles/serial_port_handling.elf.dir/System/retarget/retarget.c.obj
LOAD CMakeFiles/serial_port_handling.elf.dir/startup/startup_stm32f103xb.s.obj
START GROUP
LOAD d:/progra~1/stm32c~1/gcc-ar~1/bin/../lib/gcc/arm-none-eabi/9.3.1/thumb/v7-m/nofp\libgcc.a
LOAD d:/progra~1/stm32c~1/gcc-ar~1/bin/../lib/gcc/arm-none-eabi/9.3.1/../../../../arm-none-eabi/lib/thumb/v7-m/nofp\libg.a
LOAD d:/progra~1/stm32c~1/gcc-ar~1/bin/../lib/gcc/arm-none-eabi/9.3.1/../../../../arm-none-eabi/lib/thumb/v7-m/nofp\libc.a
END GROUP
LOAD d:/progra~1/stm32c~1/gcc-ar~1/bin/../lib/gcc/arm-none-eabi/9.3.1/thumb/v7-m/nofp/crtend.o
LOAD d:/progra~1/stm32c~1/gcc-ar~1/bin/../lib/gcc/arm-none-eabi/9.3.1/thumb/v7-m/nofp/crtn.o
                0x20005000                _estack = 0x20005000
                0x00000200                _Min_Heap_Size = 0x200
                0x00000400                _Min_Stack_Size = 0x400

.isr_vector     0x08000000      0x10c
                0x08000000                . = ALIGN (0x4)
 *(.isr_vector)
 .isr_vector    0x08000000      0x10c CMakeFiles/serial_port_handling.elf.dir/startup/startup_stm32f103xb.s.obj
                0x08000000                g_pfnVectors
                0x0800010c                . = ALIGN (0x4)

.text           0x0800010c     0x3408
                0x0800010c                . = ALIGN (0x4)
 *(.text)
 .text          0x0800010c       0x40 d:/progra~1/stm32c~1/gcc-ar~1/bin/../lib/gcc/arm-none-eabi/9.3.1/thumb/v7-m/nofp/crtbegin.o
 .text          0x0800014c      0x1bc d:/progra~1/stm32c~1/gcc-ar~1/bin/../lib/gcc/arm-none-eabi/9.3.1/../../../../arm-none-eabi/lib/thumb/v7-m/nofp\libg.a(lib_a-strcmp.o)
                0x0800014c                strcmp
 .text          0x08000308       0xec d:/progra~1/stm32c~1/gcc-ar~1/bin/../lib/gcc/arm-none-eabi/9.3.1/../../../../arm-none-eabi/lib/thumb/v7-m/nofp\libg.a(lib_a-memcpy.o)
                0x08000308                memcpy
 *(.text*)
 .text.MX_GPIO_Init
                0x080003f4       0x30 CMakeFiles/serial_port_handling.elf.dir/Core/Src/gpio.c.obj
                0x080003f4                MX_GPIO_Init
 .text.Error_Handler
                0x08000424        0x4 CMakeFiles/serial_port_handling.elf.dir/Core/Src/main.c.obj
                0x08000424                Error_Handler
 .text.SystemClock_Config
                0x08000428       0x62 CMakeFiles/serial_port_handling.elf.dir/Core/Src/main.c.obj
                0x08000428                SystemClock_Config
 *fill*         0x0800048a        0x2 
 .text.main     0x0800048c       0x3c CMakeFiles/serial_port_handling.elf.dir/Core/Src/main.c.obj
                0x0800048c                main
 .text.HAL_MspInit
                0x080004c8       0x4c CMakeFiles/serial_port_handling.elf.dir/Core/Src/stm32f1xx_hal_msp.c.obj
                0x080004c8                HAL_MspInit
 .text.NMI_Handler
                0x08000514        0x2 CMakeFiles/serial_port_handling.elf.dir/Core/Src/stm32f1xx_it.c.obj
                0x08000514                NMI_Handler
 .text.HardFault_Handler
                0x08000516        0x2 CMakeFiles/serial_port_handling.elf.dir/Core/Src/stm32f1xx_it.c.obj
                0x08000516                HardFault_Handler
 .text.MemManage_Handler
                0x08000518        0x2 CMakeFiles/serial_port_handling.elf.dir/Core/Src/stm32f1xx_it.c.obj
                0x08000518                MemManage_Handler
 .text.BusFault_Handler
                0x0800051a        0x2 CMakeFiles/serial_port_handling.elf.dir/Core/Src/stm32f1xx_it.c.obj
                0x0800051a                BusFault_Handler
 .text.UsageFault_Handler
                0x0800051c        0x2 CMakeFiles/serial_port_handling.elf.dir/Core/Src/stm32f1xx_it.c.obj
                0x0800051c                UsageFault_Handler
 .text.SVC_Handler
                0x0800051e        0x2 CMakeFiles/serial_port_handling.elf.dir/Core/Src/stm32f1xx_it.c.obj
                0x0800051e                SVC_Handler
 .text.DebugMon_Handler
                0x08000520        0x2 CMakeFiles/serial_port_handling.elf.dir/Core/Src/stm32f1xx_it.c.obj
                0x08000520                DebugMon_Handler
 .text.PendSV_Handler
                0x08000522        0x2 CMakeFiles/serial_port_handling.elf.dir/Core/Src/stm32f1xx_it.c.obj
                0x08000522                PendSV_Handler
 .text.SysTick_Handler
                0x08000524        0x8 CMakeFiles/serial_port_handling.elf.dir/Core/Src/stm32f1xx_it.c.obj
                0x08000524                SysTick_Handler
 .text.USART1_IRQHandler
                0x0800052c       0xb4 CMakeFiles/serial_port_handling.elf.dir/Core/Src/stm32f1xx_it.c.obj
                0x0800052c                USART1_IRQHandler
 .text._sbrk    0x080005e0       0x3c CMakeFiles/serial_port_handling.elf.dir/Core/Src/syscalls.c.obj
                0x080005e0                _sbrk
 .text._close   0x0800061c        0x6 CMakeFiles/serial_port_handling.elf.dir/Core/Src/syscalls.c.obj
                0x0800061c                _close
 .text._fstat   0x08000622        0xa CMakeFiles/serial_port_handling.elf.dir/Core/Src/syscalls.c.obj
                0x08000622                _fstat
 .text._isatty  0x0800062c        0x4 CMakeFiles/serial_port_handling.elf.dir/Core/Src/syscalls.c.obj
                0x0800062c                _isatty
 .text._lseek   0x08000630        0x4 CMakeFiles/serial_port_handling.elf.dir/Core/Src/syscalls.c.obj
                0x08000630                _lseek
 .text.SystemInit
                0x08000634        0x2 CMakeFiles/serial_port_handling.elf.dir/Core/Src/system_stm32f1xx.c.obj
                0x08000634                SystemInit
 *fill*         0x08000636        0x2 
 .text.MX_USART1_UART_Init
                0x08000638       0x34 CMakeFiles/serial_port_handling.elf.dir/Core/Src/usart.c.obj
                0x08000638                MX_USART1_UART_Init
 .text.HAL_UART_MspInit
                0x0800066c       0x88 CMakeFiles/serial_port_handling.elf.dir/Core/Src/usart.c.obj
                0x0800066c                HAL_UART_MspInit
 .text.uart_FlushRxBuffer
                0x080006f4       0x14 CMakeFiles/serial_port_handling.elf.dir/Core/Src/usart.c.obj
                0x080006f4                uart_FlushRxBuffer
 .text.Usart_SendByte
                0x08000708       0x24 CMakeFiles/serial_port_handling.elf.dir/Core/Src/usart.c.obj
                0x08000708                Usart_SendByte
 .text.deal_USART1_data
                0x0800072c       0x94 CMakeFiles/serial_port_handling.elf.dir/Core/Src/usart.c.obj
                0x0800072c                deal_USART1_data
 .text.Serial_debugging
                0x080007c0       0x6c CMakeFiles/serial_port_handling.elf.dir/Core/Src/usart.c.obj
                0x080007c0                Serial_debugging
 .text.HAL_InitTick
                0x0800082c       0x4c CMakeFiles/serial_port_handling.elf.dir/Drivers/STM32F1xx_HAL_Driver/Src/stm32f1xx_hal.c.obj
                0x0800082c                HAL_InitTick
 .text.HAL_Init
                0x08000878       0x24 CMakeFiles/serial_port_handling.elf.dir/Drivers/STM32F1xx_HAL_Driver/Src/stm32f1xx_hal.c.obj
                0x08000878                HAL_Init
 .text.HAL_IncTick
                0x0800089c       0x18 CMakeFiles/serial_port_handling.elf.dir/Drivers/STM32F1xx_HAL_Driver/Src/stm32f1xx_hal.c.obj
                0x0800089c                HAL_IncTick
 .text.HAL_GetTick
                0x080008b4        0xc CMakeFiles/serial_port_handling.elf.dir/Drivers/STM32F1xx_HAL_Driver/Src/stm32f1xx_hal.c.obj
                0x080008b4                HAL_GetTick
 .text.HAL_NVIC_SetPriorityGrouping
                0x080008c0       0x24 CMakeFiles/serial_port_handling.elf.dir/Drivers/STM32F1xx_HAL_Driver/Src/stm32f1xx_hal_cortex.c.obj
                0x080008c0                HAL_NVIC_SetPriorityGrouping
 .text.HAL_NVIC_SetPriority
                0x080008e4       0x68 CMakeFiles/serial_port_handling.elf.dir/Drivers/STM32F1xx_HAL_Driver/Src/stm32f1xx_hal_cortex.c.obj
                0x080008e4                HAL_NVIC_SetPriority
 .text.HAL_NVIC_EnableIRQ
                0x0800094c       0x1c CMakeFiles/serial_port_handling.elf.dir/Drivers/STM32F1xx_HAL_Driver/Src/stm32f1xx_hal_cortex.c.obj
                0x0800094c                HAL_NVIC_EnableIRQ
 .text.HAL_SYSTICK_Config
                0x08000968       0x2c CMakeFiles/serial_port_handling.elf.dir/Drivers/STM32F1xx_HAL_Driver/Src/stm32f1xx_hal_cortex.c.obj
                0x08000968                HAL_SYSTICK_Config
 .text.HAL_DMA_Abort_IT
                0x08000994       0x98 CMakeFiles/serial_port_handling.elf.dir/Drivers/STM32F1xx_HAL_Driver/Src/stm32f1xx_hal_dma.c.obj
                0x08000994                HAL_DMA_Abort_IT
 .text.HAL_GPIO_Init
                0x08000a2c      0x220 CMakeFiles/serial_port_handling.elf.dir/Drivers/STM32F1xx_HAL_Driver/Src/stm32f1xx_hal_gpio.c.obj
                0x08000a2c                HAL_GPIO_Init
 .text.RCC_Delay
                0x08000c4c       0x2c CMakeFiles/serial_port_handling.elf.dir/Drivers/STM32F1xx_HAL_Driver/Src/stm32f1xx_hal_rcc.c.obj
 .text.HAL_RCC_OscConfig
                0x08000c78      0x410 CMakeFiles/serial_port_handling.elf.dir/Drivers/STM32F1xx_HAL_Driver/Src/stm32f1xx_hal_rcc.c.obj
                0x08000c78                HAL_RCC_OscConfig
 .text.HAL_RCC_GetSysClockFreq
                0x08001088       0x6c CMakeFiles/serial_port_handling.elf.dir/Drivers/STM32F1xx_HAL_Driver/Src/stm32f1xx_hal_rcc.c.obj
                0x08001088                HAL_RCC_GetSysClockFreq
 .text.HAL_RCC_ClockConfig
                0x080010f4      0x16c CMakeFiles/serial_port_handling.elf.dir/Drivers/STM32F1xx_HAL_Driver/Src/stm32f1xx_hal_rcc.c.obj
                0x080010f4                HAL_RCC_ClockConfig
 .text.HAL_RCC_GetHCLKFreq
                0x08001260        0xc CMakeFiles/serial_port_handling.elf.dir/Drivers/STM32F1xx_HAL_Driver/Src/stm32f1xx_hal_rcc.c.obj
                0x08001260                HAL_RCC_GetHCLKFreq
 .text.HAL_RCC_GetPCLK1Freq
                0x0800126c       0x20 CMakeFiles/serial_port_handling.elf.dir/Drivers/STM32F1xx_HAL_Driver/Src/stm32f1xx_hal_rcc.c.obj
                0x0800126c                HAL_RCC_GetPCLK1Freq
 .text.HAL_RCC_GetPCLK2Freq
                0x0800128c       0x20 CMakeFiles/serial_port_handling.elf.dir/Drivers/STM32F1xx_HAL_Driver/Src/stm32f1xx_hal_rcc.c.obj
                0x0800128c                HAL_RCC_GetPCLK2Freq
 .text.UART_EndRxTransfer
                0x080012ac       0x1c CMakeFiles/serial_port_handling.elf.dir/Drivers/STM32F1xx_HAL_Driver/Src/stm32f1xx_hal_uart.c.obj
 .text.UART_Transmit_IT
                0x080012c8       0x60 CMakeFiles/serial_port_handling.elf.dir/Drivers/STM32F1xx_HAL_Driver/Src/stm32f1xx_hal_uart.c.obj
 .text.UART_SetConfig
                0x08001328       0x90 CMakeFiles/serial_port_handling.elf.dir/Drivers/STM32F1xx_HAL_Driver/Src/stm32f1xx_hal_uart.c.obj
 .text.UART_WaitOnFlagUntilTimeout
                0x080013b8       0x68 CMakeFiles/serial_port_handling.elf.dir/Drivers/STM32F1xx_HAL_Driver/Src/stm32f1xx_hal_uart.c.obj
 .text.HAL_UART_Init
                0x08001420       0x5e CMakeFiles/serial_port_handling.elf.dir/Drivers/STM32F1xx_HAL_Driver/Src/stm32f1xx_hal_uart.c.obj
                0x08001420                HAL_UART_Init
 .text.HAL_UART_Transmit
                0x0800147e       0xd8 CMakeFiles/serial_port_handling.elf.dir/Drivers/STM32F1xx_HAL_Driver/Src/stm32f1xx_hal_uart.c.obj
                0x0800147e                HAL_UART_Transmit
 .text.HAL_UART_Receive
                0x08001556       0xe2 CMakeFiles/serial_port_handling.elf.dir/Drivers/STM32F1xx_HAL_Driver/Src/stm32f1xx_hal_uart.c.obj
                0x08001556                HAL_UART_Receive
 .text.HAL_UART_Receive_IT
                0x08001638       0x5c CMakeFiles/serial_port_handling.elf.dir/Drivers/STM32F1xx_HAL_Driver/Src/stm32f1xx_hal_uart.c.obj
                0x08001638                HAL_UART_Receive_IT
 .text.HAL_UART_TxCpltCallback
                0x08001694        0x2 CMakeFiles/serial_port_handling.elf.dir/Drivers/STM32F1xx_HAL_Driver/Src/stm32f1xx_hal_uart.c.obj
                0x08001694                HAL_UART_TxCpltCallback
 .text.UART_EndTransmit_IT
                0x08001696       0x1a CMakeFiles/serial_port_handling.elf.dir/Drivers/STM32F1xx_HAL_Driver/Src/stm32f1xx_hal_uart.c.obj
 .text.HAL_UART_RxCpltCallback
                0x080016b0        0x2 CMakeFiles/serial_port_handling.elf.dir/Drivers/STM32F1xx_HAL_Driver/Src/stm32f1xx_hal_uart.c.obj
                0x080016b0                HAL_UART_RxCpltCallback
 .text.UART_Receive_IT
                0x080016b2       0x94 CMakeFiles/serial_port_handling.elf.dir/Drivers/STM32F1xx_HAL_Driver/Src/stm32f1xx_hal_uart.c.obj
 .text.HAL_UART_ErrorCallback
                0x08001746        0x2 CMakeFiles/serial_port_handling.elf.dir/Drivers/STM32F1xx_HAL_Driver/Src/stm32f1xx_hal_uart.c.obj
                0x08001746                HAL_UART_ErrorCallback
 .text.HAL_UART_IRQHandler
                0x08001748      0x128 CMakeFiles/serial_port_handling.elf.dir/Drivers/STM32F1xx_HAL_Driver/Src/stm32f1xx_hal_uart.c.obj
                0x08001748                HAL_UART_IRQHandler
 .text.UART_DMAAbortOnError
                0x08001870       0x10 CMakeFiles/serial_port_handling.elf.dir/Drivers/STM32F1xx_HAL_Driver/Src/stm32f1xx_hal_uart.c.obj
 .text.RetargetInit
                0x08001880       0x20 CMakeFiles/serial_port_handling.elf.dir/System/retarget/retarget.c.obj
                0x08001880                RetargetInit
 .text._write   0x080018a0       0x34 CMakeFiles/serial_port_handling.elf.dir/System/retarget/retarget.c.obj
                0x080018a0                _write
 .text._read    0x080018d4       0x30 CMakeFiles/serial_port_handling.elf.dir/System/retarget/retarget.c.obj
                0x080018d4                _read
 .text.Reset_Handler
                0x08001904       0x48 CMakeFiles/serial_port_handling.elf.dir/startup/startup_stm32f103xb.s.obj
                0x08001904                Reset_Handler
 .text.Default_Handler
                0x0800194c        0x2 CMakeFiles/serial_port_handling.elf.dir/startup/startup_stm32f103xb.s.obj
                0x0800194c                RTC_Alarm_IRQHandler
                0x0800194c                EXTI2_IRQHandler
                0x0800194c                TIM1_CC_IRQHandler
                0x0800194c                PVD_IRQHandler
                0x0800194c                EXTI3_IRQHandler
                0x0800194c                EXTI0_IRQHandler
                0x0800194c                I2C2_EV_IRQHandler
                0x0800194c                ADC1_2_IRQHandler
                0x0800194c                SPI1_IRQHandler
                0x0800194c                TAMPER_IRQHandler
                0x0800194c                DMA1_Channel4_IRQHandler
                0x0800194c                USART3_IRQHandler
                0x0800194c                RTC_IRQHandler
                0x0800194c                DMA1_Channel7_IRQHandler
                0x0800194c                CAN1_RX1_IRQHandler
                0x0800194c                TIM4_IRQHandler
                0x0800194c                I2C1_EV_IRQHandler
                0x0800194c                DMA1_Channel6_IRQHandler
                0x0800194c                TIM3_IRQHandler
                0x0800194c                RCC_IRQHandler
                0x0800194c                TIM1_TRG_COM_IRQHandler
                0x0800194c                DMA1_Channel1_IRQHandler
                0x0800194c                Default_Handler
                0x0800194c                EXTI15_10_IRQHandler
                0x0800194c                EXTI9_5_IRQHandler
                0x0800194c                SPI2_IRQHandler
                0x0800194c                DMA1_Channel5_IRQHandler
                0x0800194c                EXTI4_IRQHandler
                0x0800194c                USB_LP_CAN1_RX0_IRQHandler
                0x0800194c                USB_HP_CAN1_TX_IRQHandler
                0x0800194c                DMA1_Channel3_IRQHandler
                0x0800194c                TIM1_UP_IRQHandler
                0x0800194c                WWDG_IRQHandler
                0x0800194c                TIM2_IRQHandler
                0x0800194c                TIM1_BRK_IRQHandler
                0x0800194c                EXTI1_IRQHandler
                0x0800194c                USART2_IRQHandler
                0x0800194c                I2C2_ER_IRQHandler
                0x0800194c                DMA1_Channel2_IRQHandler
                0x0800194c                CAN1_SCE_IRQHandler
                0x0800194c                FLASH_IRQHandler
                0x0800194c                I2C1_ER_IRQHandler
                0x0800194c                USBWakeUp_IRQHandler
 *fill*         0x0800194e        0x2 
 .text.__errno  0x08001950        0xc d:/progra~1/stm32c~1/gcc-ar~1/bin/../lib/gcc/arm-none-eabi/9.3.1/../../../../arm-none-eabi/lib/thumb/v7-m/nofp\libg.a(lib_a-errno.o)
                0x08001950                __errno
 .text.__libc_init_array
                0x0800195c       0x48 d:/progra~1/stm32c~1/gcc-ar~1/bin/../lib/gcc/arm-none-eabi/9.3.1/../../../../arm-none-eabi/lib/thumb/v7-m/nofp\libg.a(lib_a-init.o)
                0x0800195c                __libc_init_array
 .text.memset   0x080019a4       0xa0 d:/progra~1/stm32c~1/gcc-ar~1/bin/../lib/gcc/arm-none-eabi/9.3.1/../../../../arm-none-eabi/lib/thumb/v7-m/nofp\libg.a(lib_a-memset.o)
                0x080019a4                memset
 .text._puts_r  0x08001a44       0x9c d:/progra~1/stm32c~1/gcc-ar~1/bin/../lib/gcc/arm-none-eabi/9.3.1/../../../../arm-none-eabi/lib/thumb/v7-m/nofp\libg.a(lib_a-puts.o)
                0x08001a44                _puts_r
 .text.puts     0x08001ae0       0x10 d:/progra~1/stm32c~1/gcc-ar~1/bin/../lib/gcc/arm-none-eabi/9.3.1/../../../../arm-none-eabi/lib/thumb/v7-m/nofp\libg.a(lib_a-puts.o)
                0x08001ae0                puts
 .text.setvbuf  0x08001af0      0x1a0 d:/progra~1/stm32c~1/gcc-ar~1/bin/../lib/gcc/arm-none-eabi/9.3.1/../../../../arm-none-eabi/lib/thumb/v7-m/nofp\libg.a(lib_a-setvbuf.o)
                0x08001af0                setvbuf
 .text.strlen   0x08001c90       0x5c d:/progra~1/stm32c~1/gcc-ar~1/bin/../lib/gcc/arm-none-eabi/9.3.1/../../../../arm-none-eabi/lib/thumb/v7-m/nofp\libg.a(lib_a-strlen-stub.o)
                0x08001c90                strlen
 .text.startup.register_fini
                0x08001cec       0x14 d:/progra~1/stm32c~1/gcc-ar~1/bin/../lib/gcc/arm-none-eabi/9.3.1/../../../../arm-none-eabi/lib/thumb/v7-m/nofp\libg.a(lib_a-__call_atexit.o)
 .text.atexit   0x08001d00        0xc d:/progra~1/stm32c~1/gcc-ar~1/bin/../lib/gcc/arm-none-eabi/9.3.1/../../../../arm-none-eabi/lib/thumb/v7-m/nofp\libg.a(lib_a-atexit.o)
                0x08001d00                atexit
 .text.__sflush_r
                0x08001d0c      0x130 d:/progra~1/stm32c~1/gcc-ar~1/bin/../lib/gcc/arm-none-eabi/9.3.1/../../../../arm-none-eabi/lib/thumb/v7-m/nofp\libg.a(lib_a-fflush.o)
                0x08001d0c                __sflush_r
 .text._fflush_r
                0x08001e3c       0x5c d:/progra~1/stm32c~1/gcc-ar~1/bin/../lib/gcc/arm-none-eabi/9.3.1/../../../../arm-none-eabi/lib/thumb/v7-m/nofp\libg.a(lib_a-fflush.o)
                0x08001e3c                _fflush_r
 .text.std      0x08001e98       0x50 d:/progra~1/stm32c~1/gcc-ar~1/bin/../lib/gcc/arm-none-eabi/9.3.1/../../../../arm-none-eabi/lib/thumb/v7-m/nofp\libg.a(lib_a-findfp.o)
 .text._cleanup_r
                0x08001ee8        0xc d:/progra~1/stm32c~1/gcc-ar~1/bin/../lib/gcc/arm-none-eabi/9.3.1/../../../../arm-none-eabi/lib/thumb/v7-m/nofp\libg.a(lib_a-findfp.o)
                0x08001ee8                _cleanup_r
 .text.__sinit  0x08001ef4       0x5c d:/progra~1/stm32c~1/gcc-ar~1/bin/../lib/gcc/arm-none-eabi/9.3.1/../../../../arm-none-eabi/lib/thumb/v7-m/nofp\libg.a(lib_a-findfp.o)
                0x08001ef4                __sinit
 .text.__sfp_lock_acquire
                0x08001f50        0xc d:/progra~1/stm32c~1/gcc-ar~1/bin/../lib/gcc/arm-none-eabi/9.3.1/../../../../arm-none-eabi/lib/thumb/v7-m/nofp\libg.a(lib_a-findfp.o)
                0x08001f50                __sfp_lock_acquire
 .text.__sfp_lock_release
                0x08001f5c        0xc d:/progra~1/stm32c~1/gcc-ar~1/bin/../lib/gcc/arm-none-eabi/9.3.1/../../../../arm-none-eabi/lib/thumb/v7-m/nofp\libg.a(lib_a-findfp.o)
                0x08001f5c                __sfp_lock_release
 .text.__libc_fini_array
                0x08001f68       0x2c d:/progra~1/stm32c~1/gcc-ar~1/bin/../lib/gcc/arm-none-eabi/9.3.1/../../../../arm-none-eabi/lib/thumb/v7-m/nofp\libg.a(lib_a-fini.o)
                0x08001f68                __libc_fini_array
 .text._malloc_trim_r
                0x08001f94       0xa0 d:/progra~1/stm32c~1/gcc-ar~1/bin/../lib/gcc/arm-none-eabi/9.3.1/../../../../arm-none-eabi/lib/thumb/v7-m/nofp\libg.a(lib_a-freer.o)
                0x08001f94                _malloc_trim_r
 .text._free_r  0x08002034      0x20c d:/progra~1/stm32c~1/gcc-ar~1/bin/../lib/gcc/arm-none-eabi/9.3.1/../../../../arm-none-eabi/lib/thumb/v7-m/nofp\libg.a(lib_a-freer.o)
                0x08002034                _free_r
 .text.__sfvwrite_r
                0x08002240      0x2ec d:/progra~1/stm32c~1/gcc-ar~1/bin/../lib/gcc/arm-none-eabi/9.3.1/../../../../arm-none-eabi/lib/thumb/v7-m/nofp\libg.a(lib_a-fvwrite.o)
                0x08002240                __sfvwrite_r
 .text._fwalk_reent
                0x0800252c       0x48 d:/progra~1/stm32c~1/gcc-ar~1/bin/../lib/gcc/arm-none-eabi/9.3.1/../../../../arm-none-eabi/lib/thumb/v7-m/nofp\libg.a(lib_a-fwalk.o)
                0x0800252c                _fwalk_reent
 .text.__retarget_lock_init_recursive
                0x08002574        0x4 d:/progra~1/stm32c~1/gcc-ar~1/bin/../lib/gcc/arm-none-eabi/9.3.1/../../../../arm-none-eabi/lib/thumb/v7-m/nofp\libg.a(lib_a-lock.o)
                0x08002574                __retarget_lock_init_recursive
 .text.__retarget_lock_close_recursive
                0x08002578        0x4 d:/progra~1/stm32c~1/gcc-ar~1/bin/../lib/gcc/arm-none-eabi/9.3.1/../../../../arm-none-eabi/lib/thumb/v7-m/nofp\libg.a(lib_a-lock.o)
                0x08002578                __retarget_lock_close_recursive
 .text.__retarget_lock_acquire_recursive
                0x0800257c        0x4 d:/progra~1/stm32c~1/gcc-ar~1/bin/../lib/gcc/arm-none-eabi/9.3.1/../../../../arm-none-eabi/lib/thumb/v7-m/nofp\libg.a(lib_a-lock.o)
                0x0800257c                __retarget_lock_acquire_recursive
 .text.__retarget_lock_release_recursive
                0x08002580        0x4 d:/progra~1/stm32c~1/gcc-ar~1/bin/../lib/gcc/arm-none-eabi/9.3.1/../../../../arm-none-eabi/lib/thumb/v7-m/nofp\libg.a(lib_a-lock.o)
                0x08002580                __retarget_lock_release_recursive
 .text.__swhatbuf_r
                0x08002584       0x5c d:/progra~1/stm32c~1/gcc-ar~1/bin/../lib/gcc/arm-none-eabi/9.3.1/../../../../arm-none-eabi/lib/thumb/v7-m/nofp\libg.a(lib_a-makebuf.o)
                0x08002584                __swhatbuf_r
 .text.__smakebuf_r
                0x080025e0       0x94 d:/progra~1/stm32c~1/gcc-ar~1/bin/../lib/gcc/arm-none-eabi/9.3.1/../../../../arm-none-eabi/lib/thumb/v7-m/nofp\libg.a(lib_a-makebuf.o)
                0x080025e0                __smakebuf_r
 .text.malloc   0x08002674       0x10 d:/progra~1/stm32c~1/gcc-ar~1/bin/../lib/gcc/arm-none-eabi/9.3.1/../../../../arm-none-eabi/lib/thumb/v7-m/nofp\libg.a(lib_a-malloc.o)
                0x08002674                malloc
 .text._malloc_r
                0x08002684      0x55c d:/progra~1/stm32c~1/gcc-ar~1/bin/../lib/gcc/arm-none-eabi/9.3.1/../../../../arm-none-eabi/lib/thumb/v7-m/nofp\libg.a(lib_a-mallocr.o)
                0x08002684                _malloc_r
 .text.memchr   0x08002be0       0x80 d:/progra~1/stm32c~1/gcc-ar~1/bin/../lib/gcc/arm-none-eabi/9.3.1/../../../../arm-none-eabi/lib/thumb/v7-m/nofp\libg.a(lib_a-memchr-stub.o)
                0x08002be0                memchr
 .text.memmove  0x08002c60       0xd4 d:/progra~1/stm32c~1/gcc-ar~1/bin/../lib/gcc/arm-none-eabi/9.3.1/../../../../arm-none-eabi/lib/thumb/v7-m/nofp\libg.a(lib_a-memmove.o)
                0x08002c60                memmove
 .text.__malloc_lock
                0x08002d34        0xc d:/progra~1/stm32c~1/gcc-ar~1/bin/../lib/gcc/arm-none-eabi/9.3.1/../../../../arm-none-eabi/lib/thumb/v7-m/nofp\libg.a(lib_a-mlock.o)
                0x08002d34                __malloc_lock
 .text.__malloc_unlock
                0x08002d40        0xc d:/progra~1/stm32c~1/gcc-ar~1/bin/../lib/gcc/arm-none-eabi/9.3.1/../../../../arm-none-eabi/lib/thumb/v7-m/nofp\libg.a(lib_a-mlock.o)
                0x08002d40                __malloc_unlock
 .text._realloc_r
                0x08002d4c      0x3e0 d:/progra~1/stm32c~1/gcc-ar~1/bin/../lib/gcc/arm-none-eabi/9.3.1/../../../../arm-none-eabi/lib/thumb/v7-m/nofp\libg.a(lib_a-reallocr.o)
                0x08002d4c                _realloc_r
 .text._sbrk_r  0x0800312c       0x24 d:/progra~1/stm32c~1/gcc-ar~1/bin/../lib/gcc/arm-none-eabi/9.3.1/../../../../arm-none-eabi/lib/thumb/v7-m/nofp\libg.a(lib_a-sbrkr.o)
                0x0800312c                _sbrk_r
 .text.__sread  0x08003150       0x24 d:/progra~1/stm32c~1/gcc-ar~1/bin/../lib/gcc/arm-none-eabi/9.3.1/../../../../arm-none-eabi/lib/thumb/v7-m/nofp\libg.a(lib_a-stdio.o)
                0x08003150                __sread
 .text.__swrite
                0x08003174       0x40 d:/progra~1/stm32c~1/gcc-ar~1/bin/../lib/gcc/arm-none-eabi/9.3.1/../../../../arm-none-eabi/lib/thumb/v7-m/nofp\libg.a(lib_a-stdio.o)
                0x08003174                __swrite
 .text.__sseek  0x080031b4       0x20 d:/progra~1/stm32c~1/gcc-ar~1/bin/../lib/gcc/arm-none-eabi/9.3.1/../../../../arm-none-eabi/lib/thumb/v7-m/nofp\libg.a(lib_a-stdio.o)
                0x080031b4                __sseek
 .text.__sclose
                0x080031d4        0x8 d:/progra~1/stm32c~1/gcc-ar~1/bin/../lib/gcc/arm-none-eabi/9.3.1/../../../../arm-none-eabi/lib/thumb/v7-m/nofp\libg.a(lib_a-stdio.o)
                0x080031d4                __sclose
 .text._write_r
                0x080031dc       0x2c d:/progra~1/stm32c~1/gcc-ar~1/bin/../lib/gcc/arm-none-eabi/9.3.1/../../../../arm-none-eabi/lib/thumb/v7-m/nofp\libg.a(lib_a-writer.o)
                0x080031dc                _write_r
 .text.__swsetup_r
                0x08003208       0xd0 d:/progra~1/stm32c~1/gcc-ar~1/bin/../lib/gcc/arm-none-eabi/9.3.1/../../../../arm-none-eabi/lib/thumb/v7-m/nofp\libg.a(lib_a-wsetup.o)
                0x08003208                __swsetup_r
 .text.__register_exitproc
                0x080032d8       0x8c d:/progra~1/stm32c~1/gcc-ar~1/bin/../lib/gcc/arm-none-eabi/9.3.1/../../../../arm-none-eabi/lib/thumb/v7-m/nofp\libg.a(lib_a-__atexit.o)
                0x080032d8                __register_exitproc
 .text._close_r
                0x08003364       0x24 d:/progra~1/stm32c~1/gcc-ar~1/bin/../lib/gcc/arm-none-eabi/9.3.1/../../../../arm-none-eabi/lib/thumb/v7-m/nofp\libg.a(lib_a-closer.o)
                0x08003364                _close_r
 .text._fclose_r
                0x08003388       0xcc d:/progra~1/stm32c~1/gcc-ar~1/bin/../lib/gcc/arm-none-eabi/9.3.1/../../../../arm-none-eabi/lib/thumb/v7-m/nofp\libg.a(lib_a-fclose.o)
                0x08003388                _fclose_r
 .text._fstat_r
                0x08003454       0x2c d:/progra~1/stm32c~1/gcc-ar~1/bin/../lib/gcc/arm-none-eabi/9.3.1/../../../../arm-none-eabi/lib/thumb/v7-m/nofp\libg.a(lib_a-fstatr.o)
                0x08003454                _fstat_r
 .text._isatty_r
                0x08003480       0x24 d:/progra~1/stm32c~1/gcc-ar~1/bin/../lib/gcc/arm-none-eabi/9.3.1/../../../../arm-none-eabi/lib/thumb/v7-m/nofp\libg.a(lib_a-isattyr.o)
                0x08003480                _isatty_r
 .text._lseek_r
                0x080034a4       0x2c d:/progra~1/stm32c~1/gcc-ar~1/bin/../lib/gcc/arm-none-eabi/9.3.1/../../../../arm-none-eabi/lib/thumb/v7-m/nofp\libg.a(lib_a-lseekr.o)
                0x080034a4                _lseek_r
 .text._read_r  0x080034d0       0x2c d:/progra~1/stm32c~1/gcc-ar~1/bin/../lib/gcc/arm-none-eabi/9.3.1/../../../../arm-none-eabi/lib/thumb/v7-m/nofp\libg.a(lib_a-readr.o)
                0x080034d0                _read_r
 *(.glue_7)
 .glue_7        0x080034fc        0x0 linker stubs
 *(.glue_7t)
 .glue_7t       0x080034fc        0x0 linker stubs
 *(.eh_frame)
 .eh_frame      0x080034fc        0x0 d:/progra~1/stm32c~1/gcc-ar~1/bin/../lib/gcc/arm-none-eabi/9.3.1/thumb/v7-m/nofp/crtbegin.o
 *(.init)
 .init          0x080034fc        0x4 d:/progra~1/stm32c~1/gcc-ar~1/bin/../lib/gcc/arm-none-eabi/9.3.1/thumb/v7-m/nofp/crti.o
                0x080034fc                _init
 .init          0x08003500        0x8 d:/progra~1/stm32c~1/gcc-ar~1/bin/../lib/gcc/arm-none-eabi/9.3.1/thumb/v7-m/nofp/crtn.o
 *(.fini)
 .fini          0x08003508        0x4 d:/progra~1/stm32c~1/gcc-ar~1/bin/../lib/gcc/arm-none-eabi/9.3.1/thumb/v7-m/nofp/crti.o
                0x08003508                _fini
 .fini          0x0800350c        0x8 d:/progra~1/stm32c~1/gcc-ar~1/bin/../lib/gcc/arm-none-eabi/9.3.1/thumb/v7-m/nofp/crtn.o
                0x08003514                . = ALIGN (0x4)
                0x08003514                _etext = .

.vfp11_veneer   0x08003514        0x0
 .vfp11_veneer  0x08003514        0x0 linker stubs

.v4_bx          0x08003514        0x0
 .v4_bx         0x08003514        0x0 linker stubs

.iplt           0x08003514        0x0
 .iplt          0x08003514        0x0 d:/progra~1/stm32c~1/gcc-ar~1/bin/../lib/gcc/arm-none-eabi/9.3.1/thumb/v7-m/nofp/crtbegin.o

.rodata         0x08003514       0x54
                0x08003514                . = ALIGN (0x4)
 *(.rodata)
 *(.rodata*)
 .rodata.main.str1.4
                0x08003514        0xc CMakeFiles/serial_port_handling.elf.dir/Core/Src/main.c.obj
 .rodata.AHBPrescTable
                0x08003520       0x10 CMakeFiles/serial_port_handling.elf.dir/Core/Src/system_stm32f1xx.c.obj
                0x08003520                AHBPrescTable
 .rodata.APBPrescTable
                0x08003530        0x8 CMakeFiles/serial_port_handling.elf.dir/Core/Src/system_stm32f1xx.c.obj
                0x08003530                APBPrescTable
 .rodata.deal_USART1_data.str1.4
                0x08003538       0x14 CMakeFiles/serial_port_handling.elf.dir/Core/Src/usart.c.obj
 .rodata.HAL_RCC_GetSysClockFreq.str1.4
                0x0800354c       0x11 CMakeFiles/serial_port_handling.elf.dir/Drivers/STM32F1xx_HAL_Driver/Src/stm32f1xx_hal_rcc.c.obj
 *fill*         0x0800355d        0x3 
 .rodata._global_impure_ptr
                0x08003560        0x4 d:/progra~1/stm32c~1/gcc-ar~1/bin/../lib/gcc/arm-none-eabi/9.3.1/../../../../arm-none-eabi/lib/thumb/v7-m/nofp\libg.a(lib_a-impure.o)
                0x08003560                _global_impure_ptr
 .rodata._puts_r.str1.4
                0x08003564        0x2 d:/progra~1/stm32c~1/gcc-ar~1/bin/../lib/gcc/arm-none-eabi/9.3.1/../../../../arm-none-eabi/lib/thumb/v7-m/nofp\libg.a(lib_a-puts.o)
                0x08003568                . = ALIGN (0x4)
 *fill*         0x08003566        0x2 

.rel.dyn        0x08003568        0x0
 .rel.iplt      0x08003568        0x0 d:/progra~1/stm32c~1/gcc-ar~1/bin/../lib/gcc/arm-none-eabi/9.3.1/thumb/v7-m/nofp/crtbegin.o

.ARM.extab
 *(.ARM.extab* .gnu.linkonce.armextab.*)

.ARM            0x08003568        0x0
                0x08003568                __exidx_start = .
 *(.ARM.exidx*)
                0x08003568                __exidx_end = .

.preinit_array  0x08003568        0x0
                0x08003568                PROVIDE (__preinit_array_start = .)
 *(.preinit_array*)
                0x08003568                PROVIDE (__preinit_array_end = .)

.init_array     0x08003568        0x8
                0x08003568                PROVIDE (__init_array_start = .)
 *(SORT_BY_NAME(.init_array.*))
 .init_array.00000
                0x08003568        0x4 d:/progra~1/stm32c~1/gcc-ar~1/bin/../lib/gcc/arm-none-eabi/9.3.1/../../../../arm-none-eabi/lib/thumb/v7-m/nofp\libg.a(lib_a-__call_atexit.o)
 *(.init_array*)
 .init_array    0x0800356c        0x4 d:/progra~1/stm32c~1/gcc-ar~1/bin/../lib/gcc/arm-none-eabi/9.3.1/thumb/v7-m/nofp/crtbegin.o
                0x08003570                PROVIDE (__init_array_end = .)

.fini_array     0x08003570        0x4
                0x08003570                PROVIDE (__fini_array_start = .)
 *(SORT_BY_NAME(.fini_array.*))
 *(.fini_array*)
 .fini_array    0x08003570        0x4 d:/progra~1/stm32c~1/gcc-ar~1/bin/../lib/gcc/arm-none-eabi/9.3.1/thumb/v7-m/nofp/crtbegin.o
                0x08003574                PROVIDE (__fini_array_end = .)
                0x08003574                _sidata = LOADADDR (.data)

.data           0x20000000      0x84c load address 0x08003574
                0x20000000                . = ALIGN (0x4)
                0x20000000                _sdata = .
 *(.data)
 *(.data*)
 .data.SystemCoreClock
                0x20000000        0x4 CMakeFiles/serial_port_handling.elf.dir/Core/Src/system_stm32f1xx.c.obj
                0x20000000                SystemCoreClock
 .data.uwTickFreq
                0x20000004        0x1 CMakeFiles/serial_port_handling.elf.dir/Drivers/STM32F1xx_HAL_Driver/Src/stm32f1xx_hal.c.obj
                0x20000004                uwTickFreq
 *fill*         0x20000005        0x3 
 .data.uwTickPrio
                0x20000008        0x4 CMakeFiles/serial_port_handling.elf.dir/Drivers/STM32F1xx_HAL_Driver/Src/stm32f1xx_hal.c.obj
                0x20000008                uwTickPrio
 .data._impure_ptr
                0x2000000c        0x4 d:/progra~1/stm32c~1/gcc-ar~1/bin/../lib/gcc/arm-none-eabi/9.3.1/../../../../arm-none-eabi/lib/thumb/v7-m/nofp\libg.a(lib_a-impure.o)
                0x2000000c                _impure_ptr
 .data.impure_data
                0x20000010      0x428 d:/progra~1/stm32c~1/gcc-ar~1/bin/../lib/gcc/arm-none-eabi/9.3.1/../../../../arm-none-eabi/lib/thumb/v7-m/nofp\libg.a(lib_a-impure.o)
 .data.__atexit_recursive_mutex
                0x20000438        0x4 d:/progra~1/stm32c~1/gcc-ar~1/bin/../lib/gcc/arm-none-eabi/9.3.1/../../../../arm-none-eabi/lib/thumb/v7-m/nofp\libg.a(lib_a-__call_atexit.o)
                0x20000438                __atexit_recursive_mutex
 .data.__malloc_av_
                0x2000043c      0x408 d:/progra~1/stm32c~1/gcc-ar~1/bin/../lib/gcc/arm-none-eabi/9.3.1/../../../../arm-none-eabi/lib/thumb/v7-m/nofp\libg.a(lib_a-mallocr.o)
                0x2000043c                __malloc_av_
 .data.__malloc_sbrk_base
                0x20000844        0x4 d:/progra~1/stm32c~1/gcc-ar~1/bin/../lib/gcc/arm-none-eabi/9.3.1/../../../../arm-none-eabi/lib/thumb/v7-m/nofp\libg.a(lib_a-mallocr.o)
                0x20000844                __malloc_sbrk_base
 .data.__malloc_trim_threshold
                0x20000848        0x4 d:/progra~1/stm32c~1/gcc-ar~1/bin/../lib/gcc/arm-none-eabi/9.3.1/../../../../arm-none-eabi/lib/thumb/v7-m/nofp\libg.a(lib_a-mallocr.o)
                0x20000848                __malloc_trim_threshold
                0x2000084c                . = ALIGN (0x4)
                0x2000084c                _edata = .

.igot.plt       0x2000084c        0x0 load address 0x08003dc0
 .igot.plt      0x2000084c        0x0 d:/progra~1/stm32c~1/gcc-ar~1/bin/../lib/gcc/arm-none-eabi/9.3.1/thumb/v7-m/nofp/crtbegin.o
                0x2000084c                . = ALIGN (0x4)

.bss            0x2000084c      0x1d0 load address 0x08003dc0
                0x2000084c                _sbss = .
                0x2000084c                __bss_start__ = _sbss
 *(.bss)
 .bss           0x2000084c       0x1c d:/progra~1/stm32c~1/gcc-ar~1/bin/../lib/gcc/arm-none-eabi/9.3.1/thumb/v7-m/nofp/crtbegin.o
 *(.bss*)
 .bss.heap_end.6022
                0x20000868        0x4 CMakeFiles/serial_port_handling.elf.dir/Core/Src/syscalls.c.obj
 .bss.UART_RxBuffer
                0x2000086c      0x100 CMakeFiles/serial_port_handling.elf.dir/Core/Src/usart.c.obj
                0x2000086c                UART_RxBuffer
 .bss.UART_RxPtr
                0x2000096c        0x1 CMakeFiles/serial_port_handling.elf.dir/Core/Src/usart.c.obj
                0x2000096c                UART_RxPtr
 *fill*         0x2000096d        0x3 
 .bss.debug_message
                0x20000970        0x4 CMakeFiles/serial_port_handling.elf.dir/Core/Src/usart.c.obj
                0x20000970                debug_message
 .bss.huart1    0x20000974       0x40 CMakeFiles/serial_port_handling.elf.dir/Core/Src/usart.c.obj
                0x20000974                huart1
 .bss.receive_cmd
                0x200009b4        0x1 CMakeFiles/serial_port_handling.elf.dir/Core/Src/usart.c.obj
                0x200009b4                receive_cmd
 *fill*         0x200009b5        0x3 
 .bss.uwTick    0x200009b8        0x4 CMakeFiles/serial_port_handling.elf.dir/Drivers/STM32F1xx_HAL_Driver/Src/stm32f1xx_hal.c.obj
                0x200009b8                uwTick
 .bss.gHuart    0x200009bc        0x4 CMakeFiles/serial_port_handling.elf.dir/System/retarget/retarget.c.obj
                0x200009bc                gHuart
 .bss.__malloc_current_mallinfo
                0x200009c0       0x28 d:/progra~1/stm32c~1/gcc-ar~1/bin/../lib/gcc/arm-none-eabi/9.3.1/../../../../arm-none-eabi/lib/thumb/v7-m/nofp\libg.a(lib_a-mallocr.o)
                0x200009c0                __malloc_current_mallinfo
 .bss.__malloc_max_sbrked_mem
                0x200009e8        0x4 d:/progra~1/stm32c~1/gcc-ar~1/bin/../lib/gcc/arm-none-eabi/9.3.1/../../../../arm-none-eabi/lib/thumb/v7-m/nofp\libg.a(lib_a-mallocr.o)
                0x200009e8                __malloc_max_sbrked_mem
 .bss.__malloc_max_total_mem
                0x200009ec        0x4 d:/progra~1/stm32c~1/gcc-ar~1/bin/../lib/gcc/arm-none-eabi/9.3.1/../../../../arm-none-eabi/lib/thumb/v7-m/nofp\libg.a(lib_a-mallocr.o)
                0x200009ec                __malloc_max_total_mem
 .bss.__malloc_top_pad
                0x200009f0        0x4 d:/progra~1/stm32c~1/gcc-ar~1/bin/../lib/gcc/arm-none-eabi/9.3.1/../../../../arm-none-eabi/lib/thumb/v7-m/nofp\libg.a(lib_a-mallocr.o)
                0x200009f0                __malloc_top_pad
 *(COMMON)
 COMMON         0x200009f4       0x21 d:/progra~1/stm32c~1/gcc-ar~1/bin/../lib/gcc/arm-none-eabi/9.3.1/../../../../arm-none-eabi/lib/thumb/v7-m/nofp\libg.a(lib_a-lock.o)
                0x200009f4                __lock___atexit_recursive_mutex
                0x200009f8                __lock___arc4random_mutex
                0x200009fc                __lock___env_recursive_mutex
                0x20000a00                __lock___sinit_recursive_mutex
                0x20000a04                __lock___malloc_recursive_mutex
                0x20000a08                __lock___at_quick_exit_mutex
                0x20000a0c                __lock___dd_hash_mutex
                0x20000a10                __lock___tz_mutex
                0x20000a14                __lock___sfp_recursive_mutex
 *fill*         0x20000a15        0x3 
 COMMON         0x20000a18        0x4 d:/progra~1/stm32c~1/gcc-ar~1/bin/../lib/gcc/arm-none-eabi/9.3.1/../../../../arm-none-eabi/lib/thumb/v7-m/nofp\libg.a(lib_a-reent.o)
                0x20000a18                errno
                0x20000a1c                . = ALIGN (0x4)
                0x20000a1c                _ebss = .
                0x20000a1c                __bss_end__ = _ebss

._user_heap_stack
                0x20000a1c      0x604 load address 0x08003dc0
                0x20000a20                . = ALIGN (0x8)
 *fill*         0x20000a1c        0x4 
                0x20000a20                PROVIDE (end = .)
                [!provide]                PROVIDE (_end = .)
                0x20000c20                . = (. + _Min_Heap_Size)
 *fill*         0x20000a20      0x200 
                0x20001020                . = (. + _Min_Stack_Size)
 *fill*         0x20000c20      0x400 
                0x20001020                . = ALIGN (0x8)

/DISCARD/
 libc.a(*)
 libm.a(*)
 libgcc.a(*)

.ARM.attributes
                0x00000000       0x29
 *(.ARM.attributes)
 .ARM.attributes
                0x00000000       0x1d d:/progra~1/stm32c~1/gcc-ar~1/bin/../lib/gcc/arm-none-eabi/9.3.1/thumb/v7-m/nofp/crti.o
 .ARM.attributes
                0x0000001d       0x2d d:/progra~1/stm32c~1/gcc-ar~1/bin/../lib/gcc/arm-none-eabi/9.3.1/thumb/v7-m/nofp/crtbegin.o
 .ARM.attributes
                0x0000004a       0x2d CMakeFiles/serial_port_handling.elf.dir/Core/Src/gpio.c.obj
 .ARM.attributes
                0x00000077       0x2d CMakeFiles/serial_port_handling.elf.dir/Core/Src/main.c.obj
 .ARM.attributes
                0x000000a4       0x2d CMakeFiles/serial_port_handling.elf.dir/Core/Src/stm32f1xx_hal_msp.c.obj
 .ARM.attributes
                0x000000d1       0x2d CMakeFiles/serial_port_handling.elf.dir/Core/Src/stm32f1xx_it.c.obj
 .ARM.attributes
                0x000000fe       0x2d CMakeFiles/serial_port_handling.elf.dir/Core/Src/syscalls.c.obj
 .ARM.attributes
                0x0000012b       0x2d CMakeFiles/serial_port_handling.elf.dir/Core/Src/system_stm32f1xx.c.obj
 .ARM.attributes
                0x00000158       0x2d CMakeFiles/serial_port_handling.elf.dir/Core/Src/usart.c.obj
 .ARM.attributes
                0x00000185       0x2d CMakeFiles/serial_port_handling.elf.dir/Drivers/STM32F1xx_HAL_Driver/Src/stm32f1xx_hal.c.obj
 .ARM.attributes
                0x000001b2       0x2d CMakeFiles/serial_port_handling.elf.dir/Drivers/STM32F1xx_HAL_Driver/Src/stm32f1xx_hal_cortex.c.obj
 .ARM.attributes
                0x000001df       0x2d CMakeFiles/serial_port_handling.elf.dir/Drivers/STM32F1xx_HAL_Driver/Src/stm32f1xx_hal_dma.c.obj
 .ARM.attributes
                0x0000020c       0x2d CMakeFiles/serial_port_handling.elf.dir/Drivers/STM32F1xx_HAL_Driver/Src/stm32f1xx_hal_gpio.c.obj
 .ARM.attributes
                0x00000239       0x2d CMakeFiles/serial_port_handling.elf.dir/Drivers/STM32F1xx_HAL_Driver/Src/stm32f1xx_hal_rcc.c.obj
 .ARM.attributes
                0x00000266       0x2d CMakeFiles/serial_port_handling.elf.dir/Drivers/STM32F1xx_HAL_Driver/Src/stm32f1xx_hal_uart.c.obj
 .ARM.attributes
                0x00000293       0x2d CMakeFiles/serial_port_handling.elf.dir/System/retarget/retarget.c.obj
 .ARM.attributes
                0x000002c0       0x21 CMakeFiles/serial_port_handling.elf.dir/startup/startup_stm32f103xb.s.obj
 .ARM.attributes
                0x000002e1       0x2d d:/progra~1/stm32c~1/gcc-ar~1/bin/../lib/gcc/arm-none-eabi/9.3.1/../../../../arm-none-eabi/lib/thumb/v7-m/nofp\libg.a(lib_a-errno.o)
 .ARM.attributes
                0x0000030e       0x2d d:/progra~1/stm32c~1/gcc-ar~1/bin/../lib/gcc/arm-none-eabi/9.3.1/../../../../arm-none-eabi/lib/thumb/v7-m/nofp\libg.a(lib_a-impure.o)
 .ARM.attributes
                0x0000033b       0x2d d:/progra~1/stm32c~1/gcc-ar~1/bin/../lib/gcc/arm-none-eabi/9.3.1/../../../../arm-none-eabi/lib/thumb/v7-m/nofp\libg.a(lib_a-init.o)
 .ARM.attributes
                0x00000368       0x2d d:/progra~1/stm32c~1/gcc-ar~1/bin/../lib/gcc/arm-none-eabi/9.3.1/../../../../arm-none-eabi/lib/thumb/v7-m/nofp\libg.a(lib_a-memset.o)
 .ARM.attributes
                0x00000395       0x2d d:/progra~1/stm32c~1/gcc-ar~1/bin/../lib/gcc/arm-none-eabi/9.3.1/../../../../arm-none-eabi/lib/thumb/v7-m/nofp\libg.a(lib_a-puts.o)
 .ARM.attributes
                0x000003c2       0x2d d:/progra~1/stm32c~1/gcc-ar~1/bin/../lib/gcc/arm-none-eabi/9.3.1/../../../../arm-none-eabi/lib/thumb/v7-m/nofp\libg.a(lib_a-setvbuf.o)
 .ARM.attributes
                0x000003ef       0x1b d:/progra~1/stm32c~1/gcc-ar~1/bin/../lib/gcc/arm-none-eabi/9.3.1/../../../../arm-none-eabi/lib/thumb/v7-m/nofp\libg.a(lib_a-strcmp.o)
 .ARM.attributes
                0x0000040a       0x2d d:/progra~1/stm32c~1/gcc-ar~1/bin/../lib/gcc/arm-none-eabi/9.3.1/../../../../arm-none-eabi/lib/thumb/v7-m/nofp\libg.a(lib_a-strlen-stub.o)
 .ARM.attributes
                0x00000437       0x2d d:/progra~1/stm32c~1/gcc-ar~1/bin/../lib/gcc/arm-none-eabi/9.3.1/../../../../arm-none-eabi/lib/thumb/v7-m/nofp\libg.a(lib_a-__call_atexit.o)
 .ARM.attributes
                0x00000464       0x2d d:/progra~1/stm32c~1/gcc-ar~1/bin/../lib/gcc/arm-none-eabi/9.3.1/../../../../arm-none-eabi/lib/thumb/v7-m/nofp\libg.a(lib_a-atexit.o)
 .ARM.attributes
                0x00000491       0x2d d:/progra~1/stm32c~1/gcc-ar~1/bin/../lib/gcc/arm-none-eabi/9.3.1/../../../../arm-none-eabi/lib/thumb/v7-m/nofp\libg.a(lib_a-fflush.o)
 .ARM.attributes
                0x000004be       0x2d d:/progra~1/stm32c~1/gcc-ar~1/bin/../lib/gcc/arm-none-eabi/9.3.1/../../../../arm-none-eabi/lib/thumb/v7-m/nofp\libg.a(lib_a-findfp.o)
 .ARM.attributes
                0x000004eb       0x2d d:/progra~1/stm32c~1/gcc-ar~1/bin/../lib/gcc/arm-none-eabi/9.3.1/../../../../arm-none-eabi/lib/thumb/v7-m/nofp\libg.a(lib_a-fini.o)
 .ARM.attributes
                0x00000518       0x2d d:/progra~1/stm32c~1/gcc-ar~1/bin/../lib/gcc/arm-none-eabi/9.3.1/../../../../arm-none-eabi/lib/thumb/v7-m/nofp\libg.a(lib_a-freer.o)
 .ARM.attributes
                0x00000545       0x2d d:/progra~1/stm32c~1/gcc-ar~1/bin/../lib/gcc/arm-none-eabi/9.3.1/../../../../arm-none-eabi/lib/thumb/v7-m/nofp\libg.a(lib_a-fvwrite.o)
 .ARM.attributes
                0x00000572       0x2d d:/progra~1/stm32c~1/gcc-ar~1/bin/../lib/gcc/arm-none-eabi/9.3.1/../../../../arm-none-eabi/lib/thumb/v7-m/nofp\libg.a(lib_a-fwalk.o)
 .ARM.attributes
                0x0000059f       0x2d d:/progra~1/stm32c~1/gcc-ar~1/bin/../lib/gcc/arm-none-eabi/9.3.1/../../../../arm-none-eabi/lib/thumb/v7-m/nofp\libg.a(lib_a-lock.o)
 .ARM.attributes
                0x000005cc       0x2d d:/progra~1/stm32c~1/gcc-ar~1/bin/../lib/gcc/arm-none-eabi/9.3.1/../../../../arm-none-eabi/lib/thumb/v7-m/nofp\libg.a(lib_a-makebuf.o)
 .ARM.attributes
                0x000005f9       0x2d d:/progra~1/stm32c~1/gcc-ar~1/bin/../lib/gcc/arm-none-eabi/9.3.1/../../../../arm-none-eabi/lib/thumb/v7-m/nofp\libg.a(lib_a-malloc.o)
 .ARM.attributes
                0x00000626       0x2d d:/progra~1/stm32c~1/gcc-ar~1/bin/../lib/gcc/arm-none-eabi/9.3.1/../../../../arm-none-eabi/lib/thumb/v7-m/nofp\libg.a(lib_a-mallocr.o)
 .ARM.attributes
                0x00000653       0x2d d:/progra~1/stm32c~1/gcc-ar~1/bin/../lib/gcc/arm-none-eabi/9.3.1/../../../../arm-none-eabi/lib/thumb/v7-m/nofp\libg.a(lib_a-memchr-stub.o)
 .ARM.attributes
                0x00000680       0x1b d:/progra~1/stm32c~1/gcc-ar~1/bin/../lib/gcc/arm-none-eabi/9.3.1/../../../../arm-none-eabi/lib/thumb/v7-m/nofp\libg.a(lib_a-memcpy.o)
 .ARM.attributes
                0x0000069b       0x2d d:/progra~1/stm32c~1/gcc-ar~1/bin/../lib/gcc/arm-none-eabi/9.3.1/../../../../arm-none-eabi/lib/thumb/v7-m/nofp\libg.a(lib_a-memmove.o)
 .ARM.attributes
                0x000006c8       0x2d d:/progra~1/stm32c~1/gcc-ar~1/bin/../lib/gcc/arm-none-eabi/9.3.1/../../../../arm-none-eabi/lib/thumb/v7-m/nofp\libg.a(lib_a-mlock.o)
 .ARM.attributes
                0x000006f5       0x2d d:/progra~1/stm32c~1/gcc-ar~1/bin/../lib/gcc/arm-none-eabi/9.3.1/../../../../arm-none-eabi/lib/thumb/v7-m/nofp\libg.a(lib_a-reallocr.o)
 .ARM.attributes
                0x00000722       0x2d d:/progra~1/stm32c~1/gcc-ar~1/bin/../lib/gcc/arm-none-eabi/9.3.1/../../../../arm-none-eabi/lib/thumb/v7-m/nofp\libg.a(lib_a-sbrkr.o)
 .ARM.attributes
                0x0000074f       0x2d d:/progra~1/stm32c~1/gcc-ar~1/bin/../lib/gcc/arm-none-eabi/9.3.1/../../../../arm-none-eabi/lib/thumb/v7-m/nofp\libg.a(lib_a-stdio.o)
 .ARM.attributes
                0x0000077c       0x2d d:/progra~1/stm32c~1/gcc-ar~1/bin/../lib/gcc/arm-none-eabi/9.3.1/../../../../arm-none-eabi/lib/thumb/v7-m/nofp\libg.a(lib_a-writer.o)
 .ARM.attributes
                0x000007a9       0x2d d:/progra~1/stm32c~1/gcc-ar~1/bin/../lib/gcc/arm-none-eabi/9.3.1/../../../../arm-none-eabi/lib/thumb/v7-m/nofp\libg.a(lib_a-wsetup.o)
 .ARM.attributes
                0x000007d6       0x2d d:/progra~1/stm32c~1/gcc-ar~1/bin/../lib/gcc/arm-none-eabi/9.3.1/../../../../arm-none-eabi/lib/thumb/v7-m/nofp\libg.a(lib_a-__atexit.o)
 .ARM.attributes
                0x00000803       0x2d d:/progra~1/stm32c~1/gcc-ar~1/bin/../lib/gcc/arm-none-eabi/9.3.1/../../../../arm-none-eabi/lib/thumb/v7-m/nofp\libg.a(lib_a-closer.o)
 .ARM.attributes
                0x00000830       0x2d d:/progra~1/stm32c~1/gcc-ar~1/bin/../lib/gcc/arm-none-eabi/9.3.1/../../../../arm-none-eabi/lib/thumb/v7-m/nofp\libg.a(lib_a-fclose.o)
 .ARM.attributes
                0x0000085d       0x2d d:/progra~1/stm32c~1/gcc-ar~1/bin/../lib/gcc/arm-none-eabi/9.3.1/../../../../arm-none-eabi/lib/thumb/v7-m/nofp\libg.a(lib_a-fstatr.o)
 .ARM.attributes
                0x0000088a       0x2d d:/progra~1/stm32c~1/gcc-ar~1/bin/../lib/gcc/arm-none-eabi/9.3.1/../../../../arm-none-eabi/lib/thumb/v7-m/nofp\libg.a(lib_a-isattyr.o)
 .ARM.attributes
                0x000008b7       0x2d d:/progra~1/stm32c~1/gcc-ar~1/bin/../lib/gcc/arm-none-eabi/9.3.1/../../../../arm-none-eabi/lib/thumb/v7-m/nofp\libg.a(lib_a-lseekr.o)
 .ARM.attributes
                0x000008e4       0x2d d:/progra~1/stm32c~1/gcc-ar~1/bin/../lib/gcc/arm-none-eabi/9.3.1/../../../../arm-none-eabi/lib/thumb/v7-m/nofp\libg.a(lib_a-readr.o)
 .ARM.attributes
                0x00000911       0x2d d:/progra~1/stm32c~1/gcc-ar~1/bin/../lib/gcc/arm-none-eabi/9.3.1/../../../../arm-none-eabi/lib/thumb/v7-m/nofp\libg.a(lib_a-reent.o)
 .ARM.attributes
                0x0000093e       0x1d d:/progra~1/stm32c~1/gcc-ar~1/bin/../lib/gcc/arm-none-eabi/9.3.1/thumb/v7-m/nofp/crtn.o
OUTPUT(serial_port_handling.elf elf32-littlearm)
LOAD linker stubs
LOAD d:/progra~1/stm32c~1/gcc-ar~1/bin/../lib/gcc/arm-none-eabi/9.3.1/../../../../arm-none-eabi/lib/thumb/v7-m/nofp\libc.a
LOAD d:/progra~1/stm32c~1/gcc-ar~1/bin/../lib/gcc/arm-none-eabi/9.3.1/../../../../arm-none-eabi/lib/thumb/v7-m/nofp\libm.a
LOAD d:/progra~1/stm32c~1/gcc-ar~1/bin/../lib/gcc/arm-none-eabi/9.3.1/thumb/v7-m/nofp\libgcc.a

.debug_info     0x00000000     0xc98a
 .debug_info    0x00000000      0xfea CMakeFiles/serial_port_handling.elf.dir/Core/Src/gpio.c.obj
 .debug_info    0x00000fea     0x11df CMakeFiles/serial_port_handling.elf.dir/Core/Src/main.c.obj
 .debug_info    0x000021c9     0x10a3 CMakeFiles/serial_port_handling.elf.dir/Core/Src/stm32f1xx_hal_msp.c.obj
 .debug_info    0x0000326c     0x106c CMakeFiles/serial_port_handling.elf.dir/Core/Src/stm32f1xx_it.c.obj
 .debug_info    0x000042d8     0x112b CMakeFiles/serial_port_handling.elf.dir/Core/Src/syscalls.c.obj
 .debug_info    0x00005403      0x2c9 CMakeFiles/serial_port_handling.elf.dir/Core/Src/system_stm32f1xx.c.obj
 .debug_info    0x000056cc     0x170d CMakeFiles/serial_port_handling.elf.dir/Core/Src/usart.c.obj
 .debug_info    0x00006dd9      0x831 CMakeFiles/serial_port_handling.elf.dir/Drivers/STM32F1xx_HAL_Driver/Src/stm32f1xx_hal.c.obj
 .debug_info    0x0000760a      0xe46 CMakeFiles/serial_port_handling.elf.dir/Drivers/STM32F1xx_HAL_Driver/Src/stm32f1xx_hal_cortex.c.obj
 .debug_info    0x00008450      0x932 CMakeFiles/serial_port_handling.elf.dir/Drivers/STM32F1xx_HAL_Driver/Src/stm32f1xx_hal_dma.c.obj
 .debug_info    0x00008d82      0x75b CMakeFiles/serial_port_handling.elf.dir/Drivers/STM32F1xx_HAL_Driver/Src/stm32f1xx_hal_gpio.c.obj
 .debug_info    0x000094dd      0xaab CMakeFiles/serial_port_handling.elf.dir/Drivers/STM32F1xx_HAL_Driver/Src/stm32f1xx_hal_rcc.c.obj
 .debug_info    0x00009f88     0x1919 CMakeFiles/serial_port_handling.elf.dir/Drivers/STM32F1xx_HAL_Driver/Src/stm32f1xx_hal_uart.c.obj
 .debug_info    0x0000b8a1     0x10c7 CMakeFiles/serial_port_handling.elf.dir/System/retarget/retarget.c.obj
 .debug_info    0x0000c968       0x22 CMakeFiles/serial_port_handling.elf.dir/startup/startup_stm32f103xb.s.obj

.debug_abbrev   0x00000000     0x237f
 .debug_abbrev  0x00000000      0x228 CMakeFiles/serial_port_handling.elf.dir/Core/Src/gpio.c.obj
 .debug_abbrev  0x00000228      0x2b6 CMakeFiles/serial_port_handling.elf.dir/Core/Src/main.c.obj
 .debug_abbrev  0x000004de      0x25f CMakeFiles/serial_port_handling.elf.dir/Core/Src/stm32f1xx_hal_msp.c.obj
 .debug_abbrev  0x0000073d      0x28e CMakeFiles/serial_port_handling.elf.dir/Core/Src/stm32f1xx_it.c.obj
 .debug_abbrev  0x000009cb      0x31e CMakeFiles/serial_port_handling.elf.dir/Core/Src/syscalls.c.obj
 .debug_abbrev  0x00000ce9      0x151 CMakeFiles/serial_port_handling.elf.dir/Core/Src/system_stm32f1xx.c.obj
 .debug_abbrev  0x00000e3a      0x352 CMakeFiles/serial_port_handling.elf.dir/Core/Src/usart.c.obj
 .debug_abbrev  0x0000118c      0x219 CMakeFiles/serial_port_handling.elf.dir/Drivers/STM32F1xx_HAL_Driver/Src/stm32f1xx_hal.c.obj
 .debug_abbrev  0x000013a5      0x367 CMakeFiles/serial_port_handling.elf.dir/Drivers/STM32F1xx_HAL_Driver/Src/stm32f1xx_hal_cortex.c.obj
 .debug_abbrev  0x0000170c      0x262 CMakeFiles/serial_port_handling.elf.dir/Drivers/STM32F1xx_HAL_Driver/Src/stm32f1xx_hal_dma.c.obj
 .debug_abbrev  0x0000196e      0x213 CMakeFiles/serial_port_handling.elf.dir/Drivers/STM32F1xx_HAL_Driver/Src/stm32f1xx_hal_gpio.c.obj
 .debug_abbrev  0x00001b81      0x28d CMakeFiles/serial_port_handling.elf.dir/Drivers/STM32F1xx_HAL_Driver/Src/stm32f1xx_hal_rcc.c.obj
 .debug_abbrev  0x00001e0e      0x293 CMakeFiles/serial_port_handling.elf.dir/Drivers/STM32F1xx_HAL_Driver/Src/stm32f1xx_hal_uart.c.obj
 .debug_abbrev  0x000020a1      0x2cc CMakeFiles/serial_port_handling.elf.dir/System/retarget/retarget.c.obj
 .debug_abbrev  0x0000236d       0x12 CMakeFiles/serial_port_handling.elf.dir/startup/startup_stm32f103xb.s.obj

.debug_aranges  0x00000000      0x718
 .debug_aranges
                0x00000000       0x20 CMakeFiles/serial_port_handling.elf.dir/Core/Src/gpio.c.obj
 .debug_aranges
                0x00000020       0x30 CMakeFiles/serial_port_handling.elf.dir/Core/Src/main.c.obj
 .debug_aranges
                0x00000050       0x20 CMakeFiles/serial_port_handling.elf.dir/Core/Src/stm32f1xx_hal_msp.c.obj
 .debug_aranges
                0x00000070       0x68 CMakeFiles/serial_port_handling.elf.dir/Core/Src/stm32f1xx_it.c.obj
 .debug_aranges
                0x000000d8       0xb0 CMakeFiles/serial_port_handling.elf.dir/Core/Src/syscalls.c.obj
 .debug_aranges
                0x00000188       0x28 CMakeFiles/serial_port_handling.elf.dir/Core/Src/system_stm32f1xx.c.obj
 .debug_aranges
                0x000001b0       0x68 CMakeFiles/serial_port_handling.elf.dir/Core/Src/usart.c.obj
 .debug_aranges
                0x00000218       0xe0 CMakeFiles/serial_port_handling.elf.dir/Drivers/STM32F1xx_HAL_Driver/Src/stm32f1xx_hal.c.obj
 .debug_aranges
                0x000002f8       0x90 CMakeFiles/serial_port_handling.elf.dir/Drivers/STM32F1xx_HAL_Driver/Src/stm32f1xx_hal_cortex.c.obj
 .debug_aranges
                0x00000388       0x80 CMakeFiles/serial_port_handling.elf.dir/Drivers/STM32F1xx_HAL_Driver/Src/stm32f1xx_hal_dma.c.obj
 .debug_aranges
                0x00000408       0x58 CMakeFiles/serial_port_handling.elf.dir/Drivers/STM32F1xx_HAL_Driver/Src/stm32f1xx_hal_gpio.c.obj
 .debug_aranges
                0x00000460       0x90 CMakeFiles/serial_port_handling.elf.dir/Drivers/STM32F1xx_HAL_Driver/Src/stm32f1xx_hal_rcc.c.obj
 .debug_aranges
                0x000004f0      0x1d0 CMakeFiles/serial_port_handling.elf.dir/Drivers/STM32F1xx_HAL_Driver/Src/stm32f1xx_hal_uart.c.obj
 .debug_aranges
                0x000006c0       0x30 CMakeFiles/serial_port_handling.elf.dir/System/retarget/retarget.c.obj
 .debug_aranges
                0x000006f0       0x28 CMakeFiles/serial_port_handling.elf.dir/startup/startup_stm32f103xb.s.obj

.debug_ranges   0x00000000      0x6b0
 .debug_ranges  0x00000000       0x10 CMakeFiles/serial_port_handling.elf.dir/Core/Src/gpio.c.obj
 .debug_ranges  0x00000010       0x20 CMakeFiles/serial_port_handling.elf.dir/Core/Src/main.c.obj
 .debug_ranges  0x00000030       0x10 CMakeFiles/serial_port_handling.elf.dir/Core/Src/stm32f1xx_hal_msp.c.obj
 .debug_ranges  0x00000040       0x58 CMakeFiles/serial_port_handling.elf.dir/Core/Src/stm32f1xx_it.c.obj
 .debug_ranges  0x00000098       0xa0 CMakeFiles/serial_port_handling.elf.dir/Core/Src/syscalls.c.obj
 .debug_ranges  0x00000138       0x18 CMakeFiles/serial_port_handling.elf.dir/Core/Src/system_stm32f1xx.c.obj
 .debug_ranges  0x00000150       0x58 CMakeFiles/serial_port_handling.elf.dir/Core/Src/usart.c.obj
 .debug_ranges  0x000001a8       0xd0 CMakeFiles/serial_port_handling.elf.dir/Drivers/STM32F1xx_HAL_Driver/Src/stm32f1xx_hal.c.obj
 .debug_ranges  0x00000278       0xe0 CMakeFiles/serial_port_handling.elf.dir/Drivers/STM32F1xx_HAL_Driver/Src/stm32f1xx_hal_cortex.c.obj
 .debug_ranges  0x00000358       0x70 CMakeFiles/serial_port_handling.elf.dir/Drivers/STM32F1xx_HAL_Driver/Src/stm32f1xx_hal_dma.c.obj
 .debug_ranges  0x000003c8       0x48 CMakeFiles/serial_port_handling.elf.dir/Drivers/STM32F1xx_HAL_Driver/Src/stm32f1xx_hal_gpio.c.obj
 .debug_ranges  0x00000410       0xa0 CMakeFiles/serial_port_handling.elf.dir/Drivers/STM32F1xx_HAL_Driver/Src/stm32f1xx_hal_rcc.c.obj
 .debug_ranges  0x000004b0      0x1c0 CMakeFiles/serial_port_handling.elf.dir/Drivers/STM32F1xx_HAL_Driver/Src/stm32f1xx_hal_uart.c.obj
 .debug_ranges  0x00000670       0x20 CMakeFiles/serial_port_handling.elf.dir/System/retarget/retarget.c.obj
 .debug_ranges  0x00000690       0x20 CMakeFiles/serial_port_handling.elf.dir/startup/startup_stm32f103xb.s.obj

.debug_line     0x00000000     0x7010
 .debug_line    0x00000000      0x3d3 CMakeFiles/serial_port_handling.elf.dir/Core/Src/gpio.c.obj
 .debug_line    0x000003d3      0x56c CMakeFiles/serial_port_handling.elf.dir/Core/Src/main.c.obj
 .debug_line    0x0000093f      0x402 CMakeFiles/serial_port_handling.elf.dir/Core/Src/stm32f1xx_hal_msp.c.obj
 .debug_line    0x00000d41      0x582 CMakeFiles/serial_port_handling.elf.dir/Core/Src/stm32f1xx_it.c.obj
 .debug_line    0x000012c3      0x513 CMakeFiles/serial_port_handling.elf.dir/Core/Src/syscalls.c.obj
 .debug_line    0x000017d6      0x354 CMakeFiles/serial_port_handling.elf.dir/Core/Src/system_stm32f1xx.c.obj
 .debug_line    0x00001b2a      0x6ef CMakeFiles/serial_port_handling.elf.dir/Core/Src/usart.c.obj
 .debug_line    0x00002219      0x5e4 CMakeFiles/serial_port_handling.elf.dir/Drivers/STM32F1xx_HAL_Driver/Src/stm32f1xx_hal.c.obj
 .debug_line    0x000027fd      0x73a CMakeFiles/serial_port_handling.elf.dir/Drivers/STM32F1xx_HAL_Driver/Src/stm32f1xx_hal_cortex.c.obj
 .debug_line    0x00002f37      0xb59 CMakeFiles/serial_port_handling.elf.dir/Drivers/STM32F1xx_HAL_Driver/Src/stm32f1xx_hal_dma.c.obj
 .debug_line    0x00003a90      0x6e6 CMakeFiles/serial_port_handling.elf.dir/Drivers/STM32F1xx_HAL_Driver/Src/stm32f1xx_hal_gpio.c.obj
 .debug_line    0x00004176      0xd01 CMakeFiles/serial_port_handling.elf.dir/Drivers/STM32F1xx_HAL_Driver/Src/stm32f1xx_hal_rcc.c.obj
 .debug_line    0x00004e77     0x1ca6 CMakeFiles/serial_port_handling.elf.dir/Drivers/STM32F1xx_HAL_Driver/Src/stm32f1xx_hal_uart.c.obj
 .debug_line    0x00006b1d      0x43a CMakeFiles/serial_port_handling.elf.dir/System/retarget/retarget.c.obj
 .debug_line    0x00006f57       0xb9 CMakeFiles/serial_port_handling.elf.dir/startup/startup_stm32f103xb.s.obj

.debug_str      0x00000000     0x2874
 .debug_str     0x00000000      0xa36 CMakeFiles/serial_port_handling.elf.dir/Core/Src/gpio.c.obj
                                0xb0a (size before relaxing)
 .debug_str     0x00000a36      0x23d CMakeFiles/serial_port_handling.elf.dir/Core/Src/main.c.obj
                                0xcb7 (size before relaxing)
 .debug_str     0x00000c73       0xb3 CMakeFiles/serial_port_handling.elf.dir/Core/Src/stm32f1xx_hal_msp.c.obj
                                0xb61 (size before relaxing)
 .debug_str     0x00000d26      0x128 CMakeFiles/serial_port_handling.elf.dir/Core/Src/stm32f1xx_it.c.obj
                                0xb9b (size before relaxing)
 .debug_str     0x00000e4e      0x282 CMakeFiles/serial_port_handling.elf.dir/Core/Src/syscalls.c.obj
                                0x893 (size before relaxing)
 .debug_str     0x000010d0       0x8e CMakeFiles/serial_port_handling.elf.dir/Core/Src/system_stm32f1xx.c.obj
                                0x369 (size before relaxing)
 .debug_str     0x0000115e      0x472 CMakeFiles/serial_port_handling.elf.dir/Core/Src/usart.c.obj
                                0xfa1 (size before relaxing)
 .debug_str     0x000015d0      0x2a7 CMakeFiles/serial_port_handling.elf.dir/Drivers/STM32F1xx_HAL_Driver/Src/stm32f1xx_hal.c.obj
                                0x8e6 (size before relaxing)
 .debug_str     0x00001877      0x3d0 CMakeFiles/serial_port_handling.elf.dir/Drivers/STM32F1xx_HAL_Driver/Src/stm32f1xx_hal_cortex.c.obj
                                0xa02 (size before relaxing)
 .debug_str     0x00001c47      0x280 CMakeFiles/serial_port_handling.elf.dir/Drivers/STM32F1xx_HAL_Driver/Src/stm32f1xx_hal_dma.c.obj
                                0x750 (size before relaxing)
 .debug_str     0x00001ec7      0x17f CMakeFiles/serial_port_handling.elf.dir/Drivers/STM32F1xx_HAL_Driver/Src/stm32f1xx_hal_gpio.c.obj
                                0x553 (size before relaxing)
 .debug_str     0x00002046      0x230 CMakeFiles/serial_port_handling.elf.dir/Drivers/STM32F1xx_HAL_Driver/Src/stm32f1xx_hal_rcc.c.obj
                                0x735 (size before relaxing)
 .debug_str     0x00002276      0x522 CMakeFiles/serial_port_handling.elf.dir/Drivers/STM32F1xx_HAL_Driver/Src/stm32f1xx_hal_uart.c.obj
                                0xce3 (size before relaxing)
 .debug_str     0x00002798       0x71 CMakeFiles/serial_port_handling.elf.dir/System/retarget/retarget.c.obj
                                0xb2c (size before relaxing)
 .debug_str     0x00002809       0x6b CMakeFiles/serial_port_handling.elf.dir/startup/startup_stm32f103xb.s.obj
                                 0xbc (size before relaxing)

.comment        0x00000000       0x4c
 .comment       0x00000000       0x4c CMakeFiles/serial_port_handling.elf.dir/Core/Src/gpio.c.obj
                                 0x4d (size before relaxing)
 .comment       0x0000004c       0x4d CMakeFiles/serial_port_handling.elf.dir/Core/Src/main.c.obj
 .comment       0x0000004c       0x4d CMakeFiles/serial_port_handling.elf.dir/Core/Src/stm32f1xx_hal_msp.c.obj
 .comment       0x0000004c       0x4d CMakeFiles/serial_port_handling.elf.dir/Core/Src/stm32f1xx_it.c.obj
 .comment       0x0000004c       0x4d CMakeFiles/serial_port_handling.elf.dir/Core/Src/syscalls.c.obj
 .comment       0x0000004c       0x4d CMakeFiles/serial_port_handling.elf.dir/Core/Src/system_stm32f1xx.c.obj
 .comment       0x0000004c       0x4d CMakeFiles/serial_port_handling.elf.dir/Core/Src/usart.c.obj
 .comment       0x0000004c       0x4d CMakeFiles/serial_port_handling.elf.dir/Drivers/STM32F1xx_HAL_Driver/Src/stm32f1xx_hal.c.obj
 .comment       0x0000004c       0x4d CMakeFiles/serial_port_handling.elf.dir/Drivers/STM32F1xx_HAL_Driver/Src/stm32f1xx_hal_cortex.c.obj
 .comment       0x0000004c       0x4d CMakeFiles/serial_port_handling.elf.dir/Drivers/STM32F1xx_HAL_Driver/Src/stm32f1xx_hal_dma.c.obj
 .comment       0x0000004c       0x4d CMakeFiles/serial_port_handling.elf.dir/Drivers/STM32F1xx_HAL_Driver/Src/stm32f1xx_hal_gpio.c.obj
 .comment       0x0000004c       0x4d CMakeFiles/serial_port_handling.elf.dir/Drivers/STM32F1xx_HAL_Driver/Src/stm32f1xx_hal_rcc.c.obj
 .comment       0x0000004c       0x4d CMakeFiles/serial_port_handling.elf.dir/Drivers/STM32F1xx_HAL_Driver/Src/stm32f1xx_hal_uart.c.obj
 .comment       0x0000004c       0x4d CMakeFiles/serial_port_handling.elf.dir/System/retarget/retarget.c.obj

.debug_frame    0x00000000     0x1ac4
 .debug_frame   0x00000000       0x28 CMakeFiles/serial_port_handling.elf.dir/Core/Src/gpio.c.obj
 .debug_frame   0x00000028       0x58 CMakeFiles/serial_port_handling.elf.dir/Core/Src/main.c.obj
 .debug_frame   0x00000080       0x2c CMakeFiles/serial_port_handling.elf.dir/Core/Src/stm32f1xx_hal_msp.c.obj
 .debug_frame   0x000000ac       0xc8 CMakeFiles/serial_port_handling.elf.dir/Core/Src/stm32f1xx_it.c.obj
 .debug_frame   0x00000174      0x1a8 CMakeFiles/serial_port_handling.elf.dir/Core/Src/syscalls.c.obj
 .debug_frame   0x0000031c       0x30 CMakeFiles/serial_port_handling.elf.dir/Core/Src/system_stm32f1xx.c.obj
 .debug_frame   0x0000034c      0x114 CMakeFiles/serial_port_handling.elf.dir/Core/Src/usart.c.obj
 .debug_frame   0x00000460      0x1cc CMakeFiles/serial_port_handling.elf.dir/Drivers/STM32F1xx_HAL_Driver/Src/stm32f1xx_hal.c.obj
 .debug_frame   0x0000062c      0x12c CMakeFiles/serial_port_handling.elf.dir/Drivers/STM32F1xx_HAL_Driver/Src/stm32f1xx_hal_cortex.c.obj
 .debug_frame   0x00000758      0x148 CMakeFiles/serial_port_handling.elf.dir/Drivers/STM32F1xx_HAL_Driver/Src/stm32f1xx_hal_dma.c.obj
 .debug_frame   0x000008a0       0xe8 CMakeFiles/serial_port_handling.elf.dir/Drivers/STM32F1xx_HAL_Driver/Src/stm32f1xx_hal_gpio.c.obj
 .debug_frame   0x00000988      0x190 CMakeFiles/serial_port_handling.elf.dir/Drivers/STM32F1xx_HAL_Driver/Src/stm32f1xx_hal_rcc.c.obj
 .debug_frame   0x00000b18      0x4e8 CMakeFiles/serial_port_handling.elf.dir/Drivers/STM32F1xx_HAL_Driver/Src/stm32f1xx_hal_uart.c.obj
 .debug_frame   0x00001000       0x58 CMakeFiles/serial_port_handling.elf.dir/System/retarget/retarget.c.obj
 .debug_frame   0x00001058       0x20 d:/progra~1/stm32c~1/gcc-ar~1/bin/../lib/gcc/arm-none-eabi/9.3.1/../../../../arm-none-eabi/lib/thumb/v7-m/nofp\libg.a(lib_a-errno.o)
 .debug_frame   0x00001078       0x2c d:/progra~1/stm32c~1/gcc-ar~1/bin/../lib/gcc/arm-none-eabi/9.3.1/../../../../arm-none-eabi/lib/thumb/v7-m/nofp\libg.a(lib_a-init.o)
 .debug_frame   0x000010a4       0x38 d:/progra~1/stm32c~1/gcc-ar~1/bin/../lib/gcc/arm-none-eabi/9.3.1/../../../../arm-none-eabi/lib/thumb/v7-m/nofp\libg.a(lib_a-memset.o)
 .debug_frame   0x000010dc       0x4c d:/progra~1/stm32c~1/gcc-ar~1/bin/../lib/gcc/arm-none-eabi/9.3.1/../../../../arm-none-eabi/lib/thumb/v7-m/nofp\libg.a(lib_a-puts.o)
 .debug_frame   0x00001128       0x48 d:/progra~1/stm32c~1/gcc-ar~1/bin/../lib/gcc/arm-none-eabi/9.3.1/../../../../arm-none-eabi/lib/thumb/v7-m/nofp\libg.a(lib_a-setvbuf.o)
 .debug_frame   0x00001170       0x34 d:/progra~1/stm32c~1/gcc-ar~1/bin/../lib/gcc/arm-none-eabi/9.3.1/../../../../arm-none-eabi/lib/thumb/v7-m/nofp\libg.a(lib_a-strcmp.o)
 .debug_frame   0x000011a4       0x20 d:/progra~1/stm32c~1/gcc-ar~1/bin/../lib/gcc/arm-none-eabi/9.3.1/../../../../arm-none-eabi/lib/thumb/v7-m/nofp\libg.a(lib_a-strlen-stub.o)
 .debug_frame   0x000011c4       0x5c d:/progra~1/stm32c~1/gcc-ar~1/bin/../lib/gcc/arm-none-eabi/9.3.1/../../../../arm-none-eabi/lib/thumb/v7-m/nofp\libg.a(lib_a-__call_atexit.o)
 .debug_frame   0x00001220       0x20 d:/progra~1/stm32c~1/gcc-ar~1/bin/../lib/gcc/arm-none-eabi/9.3.1/../../../../arm-none-eabi/lib/thumb/v7-m/nofp\libg.a(lib_a-atexit.o)
 .debug_frame   0x00001240       0x5c d:/progra~1/stm32c~1/gcc-ar~1/bin/../lib/gcc/arm-none-eabi/9.3.1/../../../../arm-none-eabi/lib/thumb/v7-m/nofp\libg.a(lib_a-fflush.o)
 .debug_frame   0x0000129c      0x154 d:/progra~1/stm32c~1/gcc-ar~1/bin/../lib/gcc/arm-none-eabi/9.3.1/../../../../arm-none-eabi/lib/thumb/v7-m/nofp\libg.a(lib_a-findfp.o)
 .debug_frame   0x000013f0       0x34 d:/progra~1/stm32c~1/gcc-ar~1/bin/../lib/gcc/arm-none-eabi/9.3.1/../../../../arm-none-eabi/lib/thumb/v7-m/nofp\libg.a(lib_a-fini.o)
 .debug_frame   0x00001424       0x8c d:/progra~1/stm32c~1/gcc-ar~1/bin/../lib/gcc/arm-none-eabi/9.3.1/../../../../arm-none-eabi/lib/thumb/v7-m/nofp\libg.a(lib_a-freer.o)
 .debug_frame   0x000014b0       0x64 d:/progra~1/stm32c~1/gcc-ar~1/bin/../lib/gcc/arm-none-eabi/9.3.1/../../../../arm-none-eabi/lib/thumb/v7-m/nofp\libg.a(lib_a-fvwrite.o)
 .debug_frame   0x00001514       0x54 d:/progra~1/stm32c~1/gcc-ar~1/bin/../lib/gcc/arm-none-eabi/9.3.1/../../../../arm-none-eabi/lib/thumb/v7-m/nofp\libg.a(lib_a-fwalk.o)
 .debug_frame   0x00001568       0xb0 d:/progra~1/stm32c~1/gcc-ar~1/bin/../lib/gcc/arm-none-eabi/9.3.1/../../../../arm-none-eabi/lib/thumb/v7-m/nofp\libg.a(lib_a-lock.o)
 .debug_frame   0x00001618       0x6c d:/progra~1/stm32c~1/gcc-ar~1/bin/../lib/gcc/arm-none-eabi/9.3.1/../../../../arm-none-eabi/lib/thumb/v7-m/nofp\libg.a(lib_a-makebuf.o)
 .debug_frame   0x00001684       0x30 d:/progra~1/stm32c~1/gcc-ar~1/bin/../lib/gcc/arm-none-eabi/9.3.1/../../../../arm-none-eabi/lib/thumb/v7-m/nofp\libg.a(lib_a-malloc.o)
 .debug_frame   0x000016b4       0x4c d:/progra~1/stm32c~1/gcc-ar~1/bin/../lib/gcc/arm-none-eabi/9.3.1/../../../../arm-none-eabi/lib/thumb/v7-m/nofp\libg.a(lib_a-mallocr.o)
 .debug_frame   0x00001700       0x44 d:/progra~1/stm32c~1/gcc-ar~1/bin/../lib/gcc/arm-none-eabi/9.3.1/../../../../arm-none-eabi/lib/thumb/v7-m/nofp\libg.a(lib_a-memchr-stub.o)
 .debug_frame   0x00001744       0x40 d:/progra~1/stm32c~1/gcc-ar~1/bin/../lib/gcc/arm-none-eabi/9.3.1/../../../../arm-none-eabi/lib/thumb/v7-m/nofp\libg.a(lib_a-memmove.o)
 .debug_frame   0x00001784       0x30 d:/progra~1/stm32c~1/gcc-ar~1/bin/../lib/gcc/arm-none-eabi/9.3.1/../../../../arm-none-eabi/lib/thumb/v7-m/nofp\libg.a(lib_a-mlock.o)
 .debug_frame   0x000017b4       0x48 d:/progra~1/stm32c~1/gcc-ar~1/bin/../lib/gcc/arm-none-eabi/9.3.1/../../../../arm-none-eabi/lib/thumb/v7-m/nofp\libg.a(lib_a-reallocr.o)
 .debug_frame   0x000017fc       0x2c d:/progra~1/stm32c~1/gcc-ar~1/bin/../lib/gcc/arm-none-eabi/9.3.1/../../../../arm-none-eabi/lib/thumb/v7-m/nofp\libg.a(lib_a-sbrkr.o)
 .debug_frame   0x00001828       0x8c d:/progra~1/stm32c~1/gcc-ar~1/bin/../lib/gcc/arm-none-eabi/9.3.1/../../../../arm-none-eabi/lib/thumb/v7-m/nofp\libg.a(lib_a-stdio.o)
 .debug_frame   0x000018b4       0x30 d:/progra~1/stm32c~1/gcc-ar~1/bin/../lib/gcc/arm-none-eabi/9.3.1/../../../../arm-none-eabi/lib/thumb/v7-m/nofp\libg.a(lib_a-writer.o)
 .debug_frame   0x000018e4       0x2c d:/progra~1/stm32c~1/gcc-ar~1/bin/../lib/gcc/arm-none-eabi/9.3.1/../../../../arm-none-eabi/lib/thumb/v7-m/nofp\libg.a(lib_a-wsetup.o)
 .debug_frame   0x00001910       0x34 d:/progra~1/stm32c~1/gcc-ar~1/bin/../lib/gcc/arm-none-eabi/9.3.1/../../../../arm-none-eabi/lib/thumb/v7-m/nofp\libg.a(lib_a-__atexit.o)
 .debug_frame   0x00001944       0x2c d:/progra~1/stm32c~1/gcc-ar~1/bin/../lib/gcc/arm-none-eabi/9.3.1/../../../../arm-none-eabi/lib/thumb/v7-m/nofp\libg.a(lib_a-closer.o)
 .debug_frame   0x00001970       0x3c d:/progra~1/stm32c~1/gcc-ar~1/bin/../lib/gcc/arm-none-eabi/9.3.1/../../../../arm-none-eabi/lib/thumb/v7-m/nofp\libg.a(lib_a-fclose.o)
 .debug_frame   0x000019ac       0x2c d:/progra~1/stm32c~1/gcc-ar~1/bin/../lib/gcc/arm-none-eabi/9.3.1/../../../../arm-none-eabi/lib/thumb/v7-m/nofp\libg.a(lib_a-fstatr.o)
 .debug_frame   0x000019d8       0x2c d:/progra~1/stm32c~1/gcc-ar~1/bin/../lib/gcc/arm-none-eabi/9.3.1/../../../../arm-none-eabi/lib/thumb/v7-m/nofp\libg.a(lib_a-isattyr.o)
 .debug_frame   0x00001a04       0x30 d:/progra~1/stm32c~1/gcc-ar~1/bin/../lib/gcc/arm-none-eabi/9.3.1/../../../../arm-none-eabi/lib/thumb/v7-m/nofp\libg.a(lib_a-lseekr.o)
 .debug_frame   0x00001a34       0x30 d:/progra~1/stm32c~1/gcc-ar~1/bin/../lib/gcc/arm-none-eabi/9.3.1/../../../../arm-none-eabi/lib/thumb/v7-m/nofp\libg.a(lib_a-readr.o)
 .debug_frame   0x00001a64       0x60 d:/progra~1/stm32c~1/gcc-ar~1/bin/../lib/gcc/arm-none-eabi/9.3.1/../../../../arm-none-eabi/lib/thumb/v7-m/nofp\libg.a(lib_a-reent.o)

.debug_loc      0x00000000     0x3d61
 .debug_loc     0x00000000       0x15 CMakeFiles/serial_port_handling.elf.dir/Core/Src/stm32f1xx_hal_msp.c.obj
 .debug_loc     0x00000015      0x436 CMakeFiles/serial_port_handling.elf.dir/Core/Src/syscalls.c.obj
 .debug_loc     0x0000044b       0xff CMakeFiles/serial_port_handling.elf.dir/Core/Src/system_stm32f1xx.c.obj
 .debug_loc     0x0000054a      0x20b CMakeFiles/serial_port_handling.elf.dir/Core/Src/usart.c.obj
 .debug_loc     0x00000755      0x141 CMakeFiles/serial_port_handling.elf.dir/Drivers/STM32F1xx_HAL_Driver/Src/stm32f1xx_hal.c.obj
 .debug_loc     0x00000896      0x71f CMakeFiles/serial_port_handling.elf.dir/Drivers/STM32F1xx_HAL_Driver/Src/stm32f1xx_hal_cortex.c.obj
 .debug_loc     0x00000fb5      0x7d1 CMakeFiles/serial_port_handling.elf.dir/Drivers/STM32F1xx_HAL_Driver/Src/stm32f1xx_hal_dma.c.obj
 .debug_loc     0x00001786      0x468 CMakeFiles/serial_port_handling.elf.dir/Drivers/STM32F1xx_HAL_Driver/Src/stm32f1xx_hal_gpio.c.obj
 .debug_loc     0x00001bee      0x610 CMakeFiles/serial_port_handling.elf.dir/Drivers/STM32F1xx_HAL_Driver/Src/stm32f1xx_hal_rcc.c.obj
 .debug_loc     0x000021fe     0x1951 CMakeFiles/serial_port_handling.elf.dir/Drivers/STM32F1xx_HAL_Driver/Src/stm32f1xx_hal_uart.c.obj
 .debug_loc     0x00003b4f      0x212 CMakeFiles/serial_port_handling.elf.dir/System/retarget/retarget.c.obj
